Archive member included to satisfy reference by file (symbol)

/opt/st/stm32cubeide_1.3.0_2/plugins/com.st.stm32cube.ide.mcu.externaltools.gnu-tools-for-stm32.7-2018-q2-update.linux64_1.0.0.201904181610/tools/bin/../lib/gcc/arm-none-eabi/7.3.1/../../../../arm-none-eabi/lib/thumb/v6-m/libc_nano.a(lib_a-exit.o)
                              /opt/st/stm32cubeide_1.3.0_2/plugins/com.st.stm32cube.ide.mcu.externaltools.gnu-tools-for-stm32.7-2018-q2-update.linux64_1.0.0.201904181610/tools/bin/../lib/gcc/arm-none-eabi/7.3.1/../../../../arm-none-eabi/lib/thumb/v6-m/crt0.o (exit)
/opt/st/stm32cubeide_1.3.0_2/plugins/com.st.stm32cube.ide.mcu.externaltools.gnu-tools-for-stm32.7-2018-q2-update.linux64_1.0.0.201904181610/tools/bin/../lib/gcc/arm-none-eabi/7.3.1/../../../../arm-none-eabi/lib/thumb/v6-m/libc_nano.a(lib_a-impure.o)
                              /opt/st/stm32cubeide_1.3.0_2/plugins/com.st.stm32cube.ide.mcu.externaltools.gnu-tools-for-stm32.7-2018-q2-update.linux64_1.0.0.201904181610/tools/bin/../lib/gcc/arm-none-eabi/7.3.1/../../../../arm-none-eabi/lib/thumb/v6-m/libc_nano.a(lib_a-exit.o) (_global_impure_ptr)
/opt/st/stm32cubeide_1.3.0_2/plugins/com.st.stm32cube.ide.mcu.externaltools.gnu-tools-for-stm32.7-2018-q2-update.linux64_1.0.0.201904181610/tools/bin/../lib/gcc/arm-none-eabi/7.3.1/../../../../arm-none-eabi/lib/thumb/v6-m/libc_nano.a(lib_a-init.o)
                              /opt/st/stm32cubeide_1.3.0_2/plugins/com.st.stm32cube.ide.mcu.externaltools.gnu-tools-for-stm32.7-2018-q2-update.linux64_1.0.0.201904181610/tools/bin/../lib/gcc/arm-none-eabi/7.3.1/../../../../arm-none-eabi/lib/thumb/v6-m/crt0.o (__libc_init_array)
/opt/st/stm32cubeide_1.3.0_2/plugins/com.st.stm32cube.ide.mcu.externaltools.gnu-tools-for-stm32.7-2018-q2-update.linux64_1.0.0.201904181610/tools/bin/../lib/gcc/arm-none-eabi/7.3.1/../../../../arm-none-eabi/lib/thumb/v6-m/libc_nano.a(lib_a-memset.o)
                              /opt/st/stm32cubeide_1.3.0_2/plugins/com.st.stm32cube.ide.mcu.externaltools.gnu-tools-for-stm32.7-2018-q2-update.linux64_1.0.0.201904181610/tools/bin/../lib/gcc/arm-none-eabi/7.3.1/../../../../arm-none-eabi/lib/thumb/v6-m/crt0.o (memset)
/opt/st/stm32cubeide_1.3.0_2/plugins/com.st.stm32cube.ide.mcu.externaltools.gnu-tools-for-stm32.7-2018-q2-update.linux64_1.0.0.201904181610/tools/bin/../lib/gcc/arm-none-eabi/7.3.1/../../../../arm-none-eabi/lib/thumb/v6-m/libc_nano.a(lib_a-printf.o)
                              Drivers/BSP/Components/HTS221_Driver.o (printf)
/opt/st/stm32cubeide_1.3.0_2/plugins/com.st.stm32cube.ide.mcu.externaltools.gnu-tools-for-stm32.7-2018-q2-update.linux64_1.0.0.201904181610/tools/bin/../lib/gcc/arm-none-eabi/7.3.1/../../../../arm-none-eabi/lib/thumb/v6-m/libc_nano.a(lib_a-strchr.o)
                              Application/User/lora_driver.o (strchr)
/opt/st/stm32cubeide_1.3.0_2/plugins/com.st.stm32cube.ide.mcu.externaltools.gnu-tools-for-stm32.7-2018-q2-update.linux64_1.0.0.201904181610/tools/bin/../lib/gcc/arm-none-eabi/7.3.1/../../../../arm-none-eabi/lib/thumb/v6-m/libc_nano.a(lib_a-strcpy.o)
                              Application/User/lora_driver.o (strcpy)
/opt/st/stm32cubeide_1.3.0_2/plugins/com.st.stm32cube.ide.mcu.externaltools.gnu-tools-for-stm32.7-2018-q2-update.linux64_1.0.0.201904181610/tools/bin/../lib/gcc/arm-none-eabi/7.3.1/../../../../arm-none-eabi/lib/thumb/v6-m/libc_nano.a(lib_a-strlen.o)
                              Application/User/lora_driver.o (strlen)
/opt/st/stm32cubeide_1.3.0_2/plugins/com.st.stm32cube.ide.mcu.externaltools.gnu-tools-for-stm32.7-2018-q2-update.linux64_1.0.0.201904181610/tools/bin/../lib/gcc/arm-none-eabi/7.3.1/../../../../arm-none-eabi/lib/thumb/v6-m/libc_nano.a(lib_a-strncmp.o)
                              Drivers/BSP/I_NUCLEO_LRWAN1/i_nucleo_lrwan1_wm_sg_sm_xx.o (strncmp)
/opt/st/stm32cubeide_1.3.0_2/plugins/com.st.stm32cube.ide.mcu.externaltools.gnu-tools-for-stm32.7-2018-q2-update.linux64_1.0.0.201904181610/tools/bin/../lib/gcc/arm-none-eabi/7.3.1/../../../../arm-none-eabi/lib/thumb/v6-m/libc_nano.a(lib_a-findfp.o)
                              /opt/st/stm32cubeide_1.3.0_2/plugins/com.st.stm32cube.ide.mcu.externaltools.gnu-tools-for-stm32.7-2018-q2-update.linux64_1.0.0.201904181610/tools/bin/../lib/gcc/arm-none-eabi/7.3.1/../../../../arm-none-eabi/lib/thumb/v6-m/libc_nano.a(lib_a-printf.o) (__sinit)
/opt/st/stm32cubeide_1.3.0_2/plugins/com.st.stm32cube.ide.mcu.externaltools.gnu-tools-for-stm32.7-2018-q2-update.linux64_1.0.0.201904181610/tools/bin/../lib/gcc/arm-none-eabi/7.3.1/../../../../arm-none-eabi/lib/thumb/v6-m/libc_nano.a(lib_a-fwalk.o)
                              /opt/st/stm32cubeide_1.3.0_2/plugins/com.st.stm32cube.ide.mcu.externaltools.gnu-tools-for-stm32.7-2018-q2-update.linux64_1.0.0.201904181610/tools/bin/../lib/gcc/arm-none-eabi/7.3.1/../../../../arm-none-eabi/lib/thumb/v6-m/libc_nano.a(lib_a-findfp.o) (_fwalk)
[...]
Memory Configuration

Name             Origin             Length             Attributes
RAM              0x0000000020000000 0x0000000000005000 xrw
FLASH            0x0000000008000000 0x0000000000030000 xr
*default*        0x0000000000000000 0xffffffffffffffff

Linker script and memory map

LOAD /opt/st/stm32cubeide_1.3.0_2/plugins/com.st.stm32cube.ide.mcu.externaltools.gnu-tools-for-stm32.7-2018-q2-update.linux64_1.0.0.201904181610/tools/bin/../lib/gcc/arm-none-eabi/7.3.1/thumb/v6-m/crti.o
LOAD /opt/st/stm32cubeide_1.3.0_2/plugins/com.st.stm32cube.ide.mcu.externaltools.gnu-tools-for-stm32.7-2018-q2-update.linux64_1.0.0.201904181610/tools/bin/../lib/gcc/arm-none-eabi/7.3.1/thumb/v6-m/crtbegin.o
LOAD /opt/st/stm32cubeide_1.3.0_2/plugins/com.st.stm32cube.ide.mcu.externaltools.gnu-tools-for-stm32.7-2018-q2-update.linux64_1.0.0.201904181610/tools/bin/../lib/gcc/arm-none-eabi/7.3.1/../../../../arm-none-eabi/lib/thumb/v6-m/crt0.o
LOAD Application/SW4STM32/startup_stm32l073xx.o
LOAD Application/User/bsp.o
LOAD Application/User/debug.o
LOAD Application/User/ee.o
LOAD Application/User/hw_gpio.o
LOAD Application/User/hw_rtc.o
LOAD Application/User/hw_usart.o
LOAD Application/User/lora_driver.o
LOAD Application/User/main.o
LOAD Application/User/stm32l0xx_hal_msp.o
LOAD Application/User/stm32l0xx_hw.o
LOAD Application/User/stm32l0xx_it.o
LOAD Application/User/tiny_sscanf.o
LOAD Application/User/tiny_vsnprintf.o
LOAD Drivers/BSP/Components/HTS221_Driver.o
LOAD Drivers/BSP/Components/HTS221_Driver_HL.o
LOAD Drivers/BSP/Components/LPS22HB_Driver.o
LOAD Drivers/BSP/Components/LPS22HB_Driver_HL.o
LOAD Drivers/BSP/Components/LPS25HB_Driver.o
LOAD Drivers/BSP/Components/LPS25HB_Driver_HL.o
LOAD Drivers/BSP/I_NUCLEO_LRWAN1/i_nucleo_lrwan1.o
LOAD Drivers/BSP/I_NUCLEO_LRWAN1/i_nucleo_lrwan1_humidity.o
LOAD Drivers/BSP/I_NUCLEO_LRWAN1/i_nucleo_lrwan1_pressure.o
LOAD Drivers/BSP/I_NUCLEO_LRWAN1/i_nucleo_lrwan1_temperature.o
LOAD Drivers/BSP/I_NUCLEO_LRWAN1/i_nucleo_lrwan1_wm_sg_sm_xx.o
LOAD Drivers/BSP/STM32L0xx_Nucleo/stm32l0xx_nucleo.o
LOAD Drivers/CMSIS/system_stm32l0xx.o
LOAD Drivers/STM32L0xx_HAL_Driver/stm32l0xx_hal.o
LOAD Drivers/STM32L0xx_HAL_Driver/stm32l0xx_hal_adc.o
LOAD Drivers/STM32L0xx_HAL_Driver/stm32l0xx_hal_adc_ex.o
LOAD Drivers/STM32L0xx_HAL_Driver/stm32l0xx_hal_cortex.o
LOAD Drivers/STM32L0xx_HAL_Driver/stm32l0xx_hal_dma.o
LOAD Drivers/STM32L0xx_HAL_Driver/stm32l0xx_hal_flash.o
LOAD Drivers/STM32L0xx_HAL_Driver/stm32l0xx_hal_flash_ex.o
LOAD Drivers/STM32L0xx_HAL_Driver/stm32l0xx_hal_flash_ramfunc.o
LOAD Drivers/STM32L0xx_HAL_Driver/stm32l0xx_hal_gpio.o
LOAD Drivers/STM32L0xx_HAL_Driver/stm32l0xx_hal_i2c.o
LOAD Drivers/STM32L0xx_HAL_Driver/stm32l0xx_hal_i2c_ex.o
LOAD Drivers/STM32L0xx_HAL_Driver/stm32l0xx_hal_pwr.o
LOAD Drivers/STM32L0xx_HAL_Driver/stm32l0xx_hal_pwr_ex.o
LOAD Drivers/STM32L0xx_HAL_Driver/stm32l0xx_hal_rcc.o
LOAD Drivers/STM32L0xx_HAL_Driver/stm32l0xx_hal_rcc_ex.o
LOAD Drivers/STM32L0xx_HAL_Driver/stm32l0xx_hal_rtc.o
LOAD Drivers/STM32L0xx_HAL_Driver/stm32l0xx_hal_rtc_ex.o
LOAD Drivers/STM32L0xx_HAL_Driver/stm32l0xx_hal_tim.o
LOAD Drivers/STM32L0xx_HAL_Driver/stm32l0xx_hal_tim_ex.o
LOAD Drivers/STM32L0xx_HAL_Driver/stm32l0xx_hal_uart.o
LOAD Drivers/STM32L0xx_HAL_Driver/stm32l0xx_hal_uart_ex.o
LOAD Middlewares/loRaWAN/Utilities/low_power_manager.o
LOAD Middlewares/loRaWAN/Utilities/timeServer.o
LOAD Middlewares/loRaWAN/Utilities/utilities.o
START GROUP
LOAD /opt/st/stm32cubeide_1.3.0_2/plugins/com.st.stm32cube.ide.mcu.externaltools.gnu-tools-for-stm32.7-2018-q2-update.linux64_1.0.0.201904181610/tools/bin/../lib/gcc/arm-none-eabi/7.3.1/../../../../arm-none-eabi/lib/thumb/v6-m/libc_nano.a
LOAD /opt/st/stm32cubeide_1.3.0_2/plugins/com.st.stm32cube.ide.mcu.externaltools.gnu-tools-for-stm32.7-2018-q2-update.linux64_1.0.0.201904181610/tools/bin/../lib/gcc/arm-none-eabi/7.3.1/../../../../arm-none-eabi/lib/thumb/v6-m/libm.a
END GROUP
START GROUP
LOAD /opt/st/stm32cubeide_1.3.0_2/plugins/com.st.stm32cube.ide.mcu.externaltools.gnu-tools-for-stm32.7-2018-q2-update.linux64_1.0.0.201904181610/tools/bin/../lib/gcc/arm-none-eabi/7.3.1/thumb/v6-m/libgcc.a
LOAD /opt/st/stm32cubeide_1.3.0_2/plugins/com.st.stm32cube.ide.mcu.externaltools.gnu-tools-for-stm32.7-2018-q2-update.linux64_1.0.0.201904181610/tools/bin/../lib/gcc/arm-none-eabi/7.3.1/../../../../arm-none-eabi/lib/thumb/v6-m/libc_nano.a
END GROUP
START GROUP
LOAD /opt/st/stm32cubeide_1.3.0_2/plugins/com.st.stm32cube.ide.mcu.externaltools.gnu-tools-for-stm32.7-2018-q2-update.linux64_1.0.0.201904181610/tools/bin/../lib/gcc/arm-none-eabi/7.3.1/thumb/v6-m/libgcc.a
LOAD /opt/st/stm32cubeide_1.3.0_2/plugins/com.st.stm32cube.ide.mcu.externaltools.gnu-tools-for-stm32.7-2018-q2-update.linux64_1.0.0.201904181610/tools/bin/../lib/gcc/arm-none-eabi/7.3.1/../../../../arm-none-eabi/lib/thumb/v6-m/libc_nano.a
LOAD /opt/st/stm32cubeide_1.3.0_2/plugins/com.st.stm32cube.ide.mcu.externaltools.gnu-tools-for-stm32.7-2018-q2-update.linux64_1.0.0.201904181610/tools/bin/../lib/gcc/arm-none-eabi/7.3.1/../../../../arm-none-eabi/lib/thumb/v6-m/libnosys.a
END GROUP
START GROUP
LOAD /opt/st/stm32cubeide_1.3.0_2/plugins/com.st.stm32cube.ide.mcu.externaltools.gnu-tools-for-stm32.7-2018-q2-update.linux64_1.0.0.201904181610/tools/bin/../lib/gcc/arm-none-eabi/7.3.1/thumb/v6-m/libgcc.a
LOAD /opt/st/stm32cubeide_1.3.0_2/plugins/com.st.stm32cube.ide.mcu.externaltools.gnu-tools-for-stm32.7-2018-q2-update.linux64_1.0.0.201904181610/tools/bin/../lib/gcc/arm-none-eabi/7.3.1/../../../../arm-none-eabi/lib/thumb/v6-m/libc_nano.a
LOAD /opt/st/stm32cubeide_1.3.0_2/plugins/com.st.stm32cube.ide.mcu.externaltools.gnu-tools-for-stm32.7-2018-q2-update.linux64_1.0.0.201904181610/tools/bin/../lib/gcc/arm-none-eabi/7.3.1/../../../../arm-none-eabi/lib/thumb/v6-m/libnosys.a
END GROUP
LOAD /opt/st/stm32cubeide_1.3.0_2/plugins/com.st.stm32cube.ide.mcu.externaltools.gnu-tools-for-stm32.7-2018-q2-update.linux64_1.0.0.201904181610/tools/bin/../lib/gcc/arm-none-eabi/7.3.1/thumb/v6-m/crtend.o
LOAD /opt/st/stm32cubeide_1.3.0_2/plugins/com.st.stm32cube.ide.mcu.externaltools.gnu-tools-for-stm32.7-2018-q2-update.linux64_1.0.0.201904181610/tools/bin/../lib/gcc/arm-none-eabi/7.3.1/thumb/v6-m/crtn.o
                0x0000000020005000                _estack = 0x20005000
                0x0000000000000200                _Min_Heap_Size = 0x200
                0x0000000000000600                _Min_Stack_Size = 0x600

.isr_vector     0x0000000008000000       0xc0
                0x0000000008000000                . = ALIGN (0x4)
 *(.isr_vector)
 .isr_vector    0x0000000008000000       0xc0 Application/SW4STM32/startup_stm32l073xx.o
                0x0000000008000000                g_pfnVectors
                0x00000000080000c0                . = ALIGN (0x4)

.text           0x00000000080000c0     0x7d6c
                0x00000000080000c0                . = ALIGN (0x4)
 *(.text)
 .text          0x00000000080000c0       0x48 /opt/st/stm32cubeide_1.3.0_2/plugins/com.st.stm32cube.ide.mcu.externaltools.gnu-tools-for-stm32.7-2018-q2-update.linux64_1.0.0.201904181610/tools/bin/../lib/gcc/arm-none-eabi/7.3.1/thumb/v6-m/crtbegin.o
 .text          0x0000000008000108        0xe /opt/st/stm32cubeide_1.3.0_2/plugins/com.st.stm32cube.ide.mcu.externaltools.gnu-tools-for-stm32.7-2018-q2-update.linux64_1.0.0.201904181610/tools/bin/../lib/gcc/arm-none-eabi/7.3.1/../../../../arm-none-eabi/lib/thumb/v6-m/libc_nano.a(lib_a-strlen.o)
                0x0000000008000108                strlen
 *fill*         0x0000000008000116        0x2 
 .text          0x0000000008000118       0x14 /opt/st/stm32cubeide_1.3.0_2/plugins/com.st.stm32cube.ide.mcu.externaltools.gnu-tools-for-stm32.7-2018-q2-update.linux64_1.0.0.201904181610/tools/bin/../lib/gcc/arm-none-eabi/7.3.1/thumb/v6-m/libgcc.a(_thumb1_case_uqi.o)
                0x0000000008000118                __gnu_thumb1_case_uqi
 .text          0x000000000800012c       0x14 /opt/st/stm32cubeide_1.3.0_2/plugins/com.st.stm32cube.ide.mcu.externaltools.gnu-tools-for-stm32.7-2018-q2-update.linux64_1.0.0.201904181610/tools/bin/../lib/gcc/arm-none-eabi/7.3.1/thumb/v6-m/libgcc.a(_thumb1_case_uhi.o)
                0x000000000800012c                __gnu_thumb1_case_uhi
 .text          0x0000000008000140      0x114 /opt/st/stm32cubeide_1.3.0_2/plugins/com.st.stm32cube.ide.mcu.externaltools.gnu-tools-for-stm32.7-2018-q2-update.linux64_1.0.0.201904181610/tools/bin/../lib/gcc/arm-none-eabi/7.3.1/thumb/v6-m/libgcc.a(_udivsi3.o)
                0x0000000008000140                __udivsi3
                0x0000000008000140                __aeabi_uidiv
                0x000000000800024c                __aeabi_uidivmod
 .text          0x0000000008000254      0x1d4 /opt/st/stm32cubeide_1.3.0_2/plugins/com.st.stm32cube.ide.mcu.externaltools.gnu-tools-for-stm32.7-2018-q2-update.linux64_1.0.0.201904181610/tools/bin/../lib/gcc/arm-none-eabi/7.3.1/thumb/v6-m/libgcc.a(_divsi3.o)
                0x0000000008000254                __aeabi_idiv
                0x0000000008000254                __divsi3
                0x0000000008000420                __aeabi_idivmod
 .text          0x0000000008000428        0x4 /opt/st/stm32cubeide_1.3.0_2/plugins/com.st.stm32cube.ide.mcu.externaltools.gnu-tools-for-stm32.7-2018-q2-update.linux64_1.0.0.201904181610/tools/bin/../lib/gcc/arm-none-eabi/7.3.1/thumb/v6-m/libgcc.a(_dvmd_tls.o)
                0x0000000008000428                __aeabi_ldiv0
                0x0000000008000428                __aeabi_idiv0
 .text          0x000000000800042c       0x74 /opt/st/stm32cubeide_1.3.0_2/plugins/com.st.stm32cube.ide.mcu.externaltools.gnu-tools-for-stm32.7-2018-q2-update.linux64_1.0.0.201904181610/tools/bin/../lib/gcc/arm-none-eabi/7.3.1/thumb/v6-m/libgcc.a(_arm_cmpsf2.o)
                0x000000000800042c                __aeabi_cfrcmple
                0x0000000008000434                __aeabi_cfcmple
                0x0000000008000434                __aeabi_cfcmpeq
                0x0000000008000444                __aeabi_fcmpeq
                0x0000000008000450                __aeabi_fcmplt
                0x0000000008000464                __aeabi_fcmple
                0x0000000008000478                __aeabi_fcmpgt
                0x000000000800048c                __aeabi_fcmpge
 .text          0x00000000080004a0       0x40 /opt/st/stm32cubeide_1.3.0_2/plugins/com.st.stm32cube.ide.mcu.externaltools.gnu-tools-for-stm32.7-2018-q2-update.linux64_1.0.0.201904181610/tools/bin/../lib/gcc/arm-none-eabi/7.3.1/thumb/v6-m/libgcc.a(_aeabi_uldivmod.o)
                0x00000000080004a0                __aeabi_uldivmod
 .text          0x00000000080004e0       0x54 /opt/st/stm32cubeide_1.3.0_2/plugins/com.st.stm32cube.ide.mcu.externaltools.gnu-tools-for-stm32.7-2018-q2-update.linux64_1.0.0.201904181610/tools/bin/../lib/gcc/arm-none-eabi/7.3.1/thumb/v6-m/libgcc.a(_muldi3.o)
                0x00000000080004e0                __aeabi_lmul
                0x00000000080004e0                __muldi3
 .text          0x0000000008000534       0x30 /opt/st/stm32cubeide_1.3.0_2/plugins/com.st.stm32cube.ide.mcu.externaltools.gnu-tools-for-stm32.7-2018-q2-update.linux64_1.0.0.201904181610/tools/bin/../lib/gcc/arm-none-eabi/7.3.1/thumb/v6-m/libgcc.a(_fixunssfsi.o)
                0x0000000008000534                __aeabi_f2uiz
                0x0000000008000534                __fixunssfsi
 .text          0x0000000008000564      0x184 /opt/st/stm32cubeide_1.3.0_2/plugins/com.st.stm32cube.ide.mcu.externaltools.gnu-tools-for-stm32.7-2018-q2-update.linux64_1.0.0.201904181610/tools/bin/../lib/gcc/arm-none-eabi/7.3.1/thumb/v6-m/libgcc.a(_udivmoddi4.o)
                0x0000000008000564                __udivmoddi4
 .text          0x00000000080006e8      0x334 /opt/st/stm32cubeide_1.3.0_2/plugins/com.st.stm32cube.ide.mcu.externaltools.gnu-tools-for-stm32.7-2018-q2-update.linux64_1.0.0.201904181610/tools/bin/../lib/gcc/arm-none-eabi/7.3.1/thumb/v6-m/libgcc.a(addsf3.o)
                0x00000000080006e8                __aeabi_fadd
 .text          0x0000000008000a1c      0x224 /opt/st/stm32cubeide_1.3.0_2/plugins/com.st.stm32cube.ide.mcu.externaltools.gnu-tools-for-stm32.7-2018-q2-update.linux64_1.0.0.201904181610/tools/bin/../lib/gcc/arm-none-eabi/7.3.1/thumb/v6-m/libgcc.a(divsf3.o)
                0x0000000008000a1c                __aeabi_fdiv
 .text          0x0000000008000c40       0x50 /opt/st/stm32cubeide_1.3.0_2/plugins/com.st.stm32cube.ide.mcu.externaltools.gnu-tools-for-stm32.7-2018-q2-update.linux64_1.0.0.201904181610/tools/bin/../lib/gcc/arm-none-eabi/7.3.1/thumb/v6-m/libgcc.a(eqsf2.o)
                0x0000000008000c40                __nesf2
                0x0000000008000c40                __eqsf2
 .text          0x0000000008000c90       0x9c /opt/st/stm32cubeide_1.3.0_2/plugins/com.st.stm32cube.ide.mcu.externaltools.gnu-tools-for-stm32.7-2018-q2-update.linux64_1.0.0.201904181610/tools/bin/../lib/gcc/arm-none-eabi/7.3.1/thumb/v6-m/libgcc.a(gesf2.o)
                0x0000000008000c90                __gtsf2
                0x0000000008000c90                __gesf2
 .text          0x0000000008000d2c       0xa0 /opt/st/stm32cubeide_1.3.0_2/plugins/com.st.stm32cube.ide.mcu.externaltools.gnu-tools-for-stm32.7-2018-q2-update.linux64_1.0.0.201904181610/tools/bin/../lib/gcc/arm-none-eabi/7.3.1/thumb/v6-m/libgcc.a(lesf2.o)
                0x0000000008000d2c                __lesf2
                0x0000000008000d2c                __ltsf2
 .text          0x0000000008000dcc      0x264 /opt/st/stm32cubeide_1.3.0_2/plugins/com.st.stm32cube.ide.mcu.externaltools.gnu-tools-for-stm32.7-2018-q2-update.linux64_1.0.0.201904181610/tools/bin/../lib/gcc/arm-none-eabi/7.3.1/thumb/v6-m/libgcc.a(mulsf3.o)
                0x0000000008000dcc                __aeabi_fmul
 .text          0x0000000008001030      0x388 /opt/st/stm32cubeide_1.3.0_2/plugins/com.st.stm32cube.ide.mcu.externaltools.gnu-tools-for-stm32.7-2018-q2-update.linux64_1.0.0.201904181610/tools/bin/../lib/gcc/arm-none-eabi/7.3.1/thumb/v6-m/libgcc.a(subsf3.o)
                0x0000000008001030                __aeabi_fsub
 .text          0x00000000080013b8       0x40 /opt/st/stm32cubeide_1.3.0_2/plugins/com.st.stm32cube.ide.mcu.externaltools.gnu-tools-for-stm32.7-2018-q2-update.linux64_1.0.0.201904181610/tools/bin/../lib/gcc/arm-none-eabi/7.3.1/thumb/v6-m/libgcc.a(fixsfsi.o)
                0x00000000080013b8                __aeabi_f2iz
 .text          0x00000000080013f8       0x94 /opt/st/stm32cubeide_1.3.0_2/plugins/com.st.stm32cube.ide.mcu.externaltools.gnu-tools-for-stm32.7-2018-q2-update.linux64_1.0.0.201904181610/tools/bin/../lib/gcc/arm-none-eabi/7.3.1/thumb/v6-m/libgcc.a(floatsisf.o)
                0x00000000080013f8                __aeabi_i2f
 .text          0x000000000800148c       0x80 /opt/st/stm32cubeide_1.3.0_2/plugins/com.st.stm32cube.ide.mcu.externaltools.gnu-tools-for-stm32.7-2018-q2-update.linux64_1.0.0.201904181610/tools/bin/../lib/gcc/arm-none-eabi/7.3.1/thumb/v6-m/libgcc.a(floatunsisf.o)
                0x000000000800148c                __aeabi_ui2f
 .text          0x000000000800150c       0x3c /opt/st/stm32cubeide_1.3.0_2/plugins/com.st.stm32cube.ide.mcu.externaltools.gnu-tools-for-stm32.7-2018-q2-update.linux64_1.0.0.201904181610/tools/bin/../lib/gcc/arm-none-eabi/7.3.1/thumb/v6-m/libgcc.a(_clzsi2.o)
                0x000000000800150c                __clzsi2
 .text          0x0000000008001548       0x18 /opt/st/stm32cubeide_1.3.0_2/plugins/com.st.stm32cube.ide.mcu.externaltools.gnu-tools-for-stm32.7-2018-q2-update.linux64_1.0.0.201904181610/tools/bin/../lib/gcc/arm-none-eabi/7.3.1/thumb/v6-m/libgcc.a(_clzdi2.o)
                0x0000000008001548                __clzdi2
 *(.text*)
 .text.Reset_Handler
                0x0000000008001560       0x50 Application/SW4STM32/startup_stm32l073xx.o
                0x0000000008001560                Reset_Handler
 .text.Default_Handler
                0x00000000080015b0        0x2 Application/SW4STM32/startup_stm32l073xx.o
                0x00000000080015b0                TSC_IRQHandler
                0x00000000080015b0                HardFault_Handler
                0x00000000080015b0                ADC1_COMP_IRQHandler
                0x00000000080015b0                PVD_IRQHandler
                0x00000000080015b0                PendSV_Handler
                0x00000000080015b0                NMI_Handler
                0x00000000080015b0                I2C1_IRQHandler
                0x00000000080015b0                RCC_CRS_IRQHandler
                0x00000000080015b0                SPI1_IRQHandler
                0x00000000080015b0                TIM6_DAC_IRQHandler
                0x00000000080015b0                EXTI2_3_IRQHandler
                0x00000000080015b0                I2C2_IRQHandler
                0x00000000080015b0                LCD_IRQHandler
                0x00000000080015b0                DMA1_Channel4_5_6_7_IRQHandler
                0x00000000080015b0                TIM3_IRQHandler
                0x00000000080015b0                EXTI4_15_IRQHandler
                0x00000000080015b0                DMA1_Channel1_IRQHandler
                0x00000000080015b0                USART4_5_IRQHandler
                0x00000000080015b0                Default_Handler
                0x00000000080015b0                TIM22_IRQHandler
                0x00000000080015b0                TIM7_IRQHandler
                0x00000000080015b0                EXTI0_1_IRQHandler
                0x00000000080015b0                USB_IRQHandler
                0x00000000080015b0                I2C3_IRQHandler
                0x00000000080015b0                SPI2_IRQHandler
                0x00000000080015b0                SVC_Handler
                0x00000000080015b0                TIM21_IRQHandler
                0x00000000080015b0                WWDG_IRQHandler
                0x00000000080015b0                TIM2_IRQHandler
                0x00000000080015b0                DMA1_Channel2_3_IRQHandler
                0x00000000080015b0                FLASH_IRQHandler
                0x00000000080015b0                USART1_IRQHandler
                0x00000000080015b0                RNG_LPUART1_IRQHandler
                0x00000000080015b0                LPTIM1_IRQHandler
 *fill*         0x00000000080015b2        0x2 
 .text.BSP_sensor_Read
                0x00000000080015b4       0x54 Application/User/bsp.o
                0x00000000080015b4                BSP_sensor_Read
 .text.BSP_sensor_Init
                0x0000000008001608       0x38 Application/User/bsp.o
                0x0000000008001608                BSP_sensor_Init
 .text.BSP_LED_Modem_Init
                0x0000000008001640       0x4c Application/User/bsp.o
                0x0000000008001640                BSP_LED_Modem_Init
 .text.Error_Handler
                0x000000000800168c        0x2 Application/User/debug.o
                0x000000000800168c                Error_Handler
 *fill*         0x000000000800168e        0x2 
 .text.HW_RTC_GetCalendarValue
                0x0000000008001690       0xbc Application/User/hw_rtc.o
 .text.HW_RTC_GetMinimumTimeout
                0x000000000800174c        0x4 Application/User/hw_rtc.o
                0x000000000800174c                HW_RTC_GetMinimumTimeout
 .text.HW_RTC_GetTimerElapsedTime
                0x0000000008001750       0x18 Application/User/hw_rtc.o
                0x0000000008001750                HW_RTC_GetTimerElapsedTime
 .text.HW_RTC_StopAlarm
                0x0000000008001768       0x30 Application/User/hw_rtc.o
                0x0000000008001768                HW_RTC_StopAlarm
 .text.HW_RTC_SetAlarm
                0x0000000008001798      0x150 Application/User/hw_rtc.o
                0x0000000008001798                HW_RTC_SetAlarm
 .text.HW_RTC_IrqHandler
                0x00000000080018e8       0x40 Application/User/hw_rtc.o
                0x00000000080018e8                HW_RTC_IrqHandler
 .text.HW_RTC_SetTimerContext
                0x0000000008001928       0x18 Application/User/hw_rtc.o
                0x0000000008001928                HW_RTC_SetTimerContext
 .text.HW_RTC_Init
                0x0000000008001940       0x78 Application/User/hw_rtc.o
                0x0000000008001940                HW_RTC_Init
 .text.HW_RTC_GetTimerContext
                0x00000000080019b8        0xc Application/User/hw_rtc.o
                0x00000000080019b8                HW_RTC_GetTimerContext
 .text.HW_UART_Modem_Init
                0x00000000080019c4       0x54 Application/User/hw_usart.o
                0x00000000080019c4                HW_UART_Modem_Init
 .text.HAL_UART_MspInit
                0x0000000008001a18       0x54 Application/User/hw_usart.o
                0x0000000008001a18                HAL_UART_MspInit
 .text.HAL_UART_MspDeInit
                0x0000000008001a6c       0x2c Application/User/hw_usart.o
                0x0000000008001a6c                HAL_UART_MspDeInit
 .text.HW_UART_Modem_IRQHandler
                0x0000000008001a98       0xd0 Application/User/hw_usart.o
                0x0000000008001a98                HW_UART_Modem_IRQHandler
 .text.HW_UART_Modem_IsNewCharReceived
                0x0000000008001b68       0x24 Application/User/hw_usart.o
                0x0000000008001b68                HW_UART_Modem_IsNewCharReceived
 .text.HW_UART_Modem_GetNewChar
                0x0000000008001b8c       0x28 Application/User/hw_usart.o
                0x0000000008001b8c                HW_UART_Modem_GetNewChar
 .text.Lora_GetBatLevel
                0x0000000008001bb4       0x2c Application/User/lora_driver.o
                0x0000000008001bb4                Lora_GetBatLevel
 .text.Lora_Ctx_Init
                0x0000000008001be0       0x24 Application/User/lora_driver.o
                0x0000000008001be0                Lora_Ctx_Init
 .text.SensorMeasureData
                0x0000000008001c04       0xc8 Application/User/main.o
 .text.startup.main
                0x0000000008001ccc       0x94 Application/User/main.o
                0x0000000008001ccc                main
 .text.HAL_MspInit
                0x0000000008001d60       0x30 Application/User/stm32l0xx_hal_msp.o
                0x0000000008001d60                HAL_MspInit
 .text.HAL_RTC_MspInit
                0x0000000008001d90       0x64 Application/User/stm32l0xx_hal_msp.o
                0x0000000008001d90                HAL_RTC_MspInit
 .text.HAL_RTC_AlarmAEventCallback
                0x0000000008001df4        0x8 Application/User/stm32l0xx_hal_msp.o
                0x0000000008001df4                HAL_RTC_AlarmAEventCallback
 .text.HW_Init  0x0000000008001dfc       0x20 Application/User/stm32l0xx_hw.o
                0x0000000008001dfc                HW_Init
 .text.HW_GpioInit
                0x0000000008001e1c       0x8c Application/User/stm32l0xx_hw.o
                0x0000000008001e1c                HW_GpioInit
 .text.SystemClock_Config
                0x0000000008001ea8       0xd0 Application/User/stm32l0xx_hw.o
                0x0000000008001ea8                SystemClock_Config
 .text.SysTick_Handler
                0x0000000008001f78        0xc Application/User/stm32l0xx_it.o
                0x0000000008001f78                SysTick_Handler
 .text.USART2_IRQHandler
                0x0000000008001f84       0x10 Application/User/stm32l0xx_it.o
                0x0000000008001f84                USART2_IRQHandler
 .text.RTC_IRQHandler
                0x0000000008001f94        0x8 Application/User/stm32l0xx_it.o
                0x0000000008001f94                RTC_IRQHandler
 .text.tiny_vfscanf
                0x0000000008001f9c      0x240 Application/User/tiny_sscanf.o
 .text.tiny_sscanf
                0x00000000080021dc       0x16 Application/User/tiny_sscanf.o
                0x00000000080021dc                tiny_sscanf
 *fill*         0x00000000080021f2        0x2 
 .text.tiny_vsnprintf_like
                0x00000000080021f4      0x230 Application/User/tiny_vsnprintf.o
                0x00000000080021f4                tiny_vsnprintf_like
 .text.HTS221_ReadReg
                0x0000000008002424       0x1c Drivers/BSP/Components/HTS221_Driver.o
                0x0000000008002424                HTS221_ReadReg
 .text.HTS221_WriteReg
                0x0000000008002440       0x1c Drivers/BSP/Components/HTS221_Driver.o
                0x0000000008002440                HTS221_WriteReg
 .text.HTS221_Get_DeviceID
                0x000000000800245c       0x14 Drivers/BSP/Components/HTS221_Driver.o
                0x000000000800245c                HTS221_Get_DeviceID
 .text.HTS221_Get_Humidity
                0x0000000008002470       0xfc Drivers/BSP/Components/HTS221_Driver.o
                0x0000000008002470                HTS221_Get_Humidity
 .text.HTS221_Get_Temperature
                0x000000000800256c       0xf4 Drivers/BSP/Components/HTS221_Driver.o
                0x000000000800256c                HTS221_Get_Temperature
 .text.HTS221_Get_DataStatus
                0x0000000008002660       0x2c Drivers/BSP/Components/HTS221_Driver.o
                0x0000000008002660                HTS221_Get_DataStatus
 .text.HTS221_Activate
                0x000000000800268c       0x36 Drivers/BSP/Components/HTS221_Driver.o
                0x000000000800268c                HTS221_Activate
 .text.HTS221_DeActivate
                0x00000000080026c2       0x34 Drivers/BSP/Components/HTS221_Driver.o
                0x00000000080026c2                HTS221_DeActivate
 .text.HTS221_Get_Odr
                0x00000000080026f6       0x24 Drivers/BSP/Components/HTS221_Driver.o
                0x00000000080026f6                HTS221_Get_Odr
 *fill*         0x000000000800271a        0x2 
 .text.HTS221_assert_failed
                0x000000000800271c       0x14 Drivers/BSP/Components/HTS221_Driver.o
                0x000000000800271c                HTS221_assert_failed
 .text.HTS221_Set_BduMode
                0x0000000008002730       0x50 Drivers/BSP/Components/HTS221_Driver.o
                0x0000000008002730                HTS221_Set_BduMode
 .text.HTS221_Set_Odr
                0x0000000008002780       0x4c Drivers/BSP/Components/HTS221_Driver.o
                0x0000000008002780                HTS221_Set_Odr
 .text.HTS221_H_Get_DRDY_Status
                0x00000000080027cc       0x2c Drivers/BSP/Components/HTS221_Driver_HL.o
 .text.HTS221_T_Get_DRDY_Status
                0x00000000080027f8       0x2c Drivers/BSP/Components/HTS221_Driver_HL.o
 .text.HTS221_H_Write_Reg
                0x0000000008002824       0x18 Drivers/BSP/Components/HTS221_Driver_HL.o
 .text.HTS221_T_Write_Reg
                0x000000000800283c        0x8 Drivers/BSP/Components/HTS221_Driver_HL.o
 .text.HTS221_H_Read_Reg
                0x0000000008002844       0x14 Drivers/BSP/Components/HTS221_Driver_HL.o
 .text.HTS221_T_Read_Reg
                0x0000000008002858        0x8 Drivers/BSP/Components/HTS221_Driver_HL.o
 .text.HTS221_H_Set_ODR_Value
                0x0000000008002860       0x38 Drivers/BSP/Components/HTS221_Driver_HL.o
 .text.HTS221_Set_ODR
                0x0000000008002898       0x22 Drivers/BSP/Components/HTS221_Driver_HL.o
 .text.HTS221_H_Set_ODR
                0x00000000080028ba        0x8 Drivers/BSP/Components/HTS221_Driver_HL.o
 *fill*         0x00000000080028c2        0x2 
 .text.HTS221_Get_ODR
                0x00000000080028c4       0x50 Drivers/BSP/Components/HTS221_Driver_HL.o
 .text.HTS221_H_Get_ODR
                0x0000000008002914        0x8 Drivers/BSP/Components/HTS221_Driver_HL.o
 .text.HTS221_H_Get_Hum
                0x000000000800291c       0x30 Drivers/BSP/Components/HTS221_Driver_HL.o
 .text.HTS221_Check_WhoAmI
                0x000000000800294c       0x28 Drivers/BSP/Components/HTS221_Driver_HL.o
 .text.HTS221_H_Check_WhoAmI
                0x0000000008002974        0x8 Drivers/BSP/Components/HTS221_Driver_HL.o
 .text.HTS221_T_Get_Temp
                0x000000000800297c       0x34 Drivers/BSP/Components/HTS221_Driver_HL.o
 .text.HTS221_H_Sensor_Disable
                0x00000000080029b0       0x32 Drivers/BSP/Components/HTS221_Driver_HL.o
 .text.HTS221_H_DeInit
                0x00000000080029e2       0x28 Drivers/BSP/Components/HTS221_Driver_HL.o
 .text.HTS221_H_Sensor_Enable
                0x0000000008002a0a       0x34 Drivers/BSP/Components/HTS221_Driver_HL.o
 .text.HTS221_Init
                0x0000000008002a3e       0x38 Drivers/BSP/Components/HTS221_Driver_HL.o
 .text.HTS221_H_Init
                0x0000000008002a76       0x2a Drivers/BSP/Components/HTS221_Driver_HL.o
 .text.HTS221_T_Init
                0x0000000008002aa0       0x2a Drivers/BSP/Components/HTS221_Driver_HL.o
 .text.HTS221_T_Check_WhoAmI
                0x0000000008002aca        0x8 Drivers/BSP/Components/HTS221_Driver_HL.o
 .text.HTS221_T_Get_ODR
                0x0000000008002ad2        0x8 Drivers/BSP/Components/HTS221_Driver_HL.o
 .text.HTS221_T_Set_ODR
                0x0000000008002ada        0x8 Drivers/BSP/Components/HTS221_Driver_HL.o
 .text.HTS221_T_Get_WhoAmI
                0x0000000008002ae2       0x10 Drivers/BSP/Components/HTS221_Driver_HL.o
 .text.HTS221_H_Get_WhoAmI
                0x0000000008002af2       0x10 Drivers/BSP/Components/HTS221_Driver_HL.o
 *fill*         0x0000000008002b02        0x2 
 .text.HTS221_T_Set_ODR_Value
                0x0000000008002b04       0x38 Drivers/BSP/Components/HTS221_Driver_HL.o
 .text.HTS221_T_Sensor_Enable
                0x0000000008002b3c       0x34 Drivers/BSP/Components/HTS221_Driver_HL.o
 .text.HTS221_T_Sensor_Disable
                0x0000000008002b70       0x32 Drivers/BSP/Components/HTS221_Driver_HL.o
 .text.HTS221_T_DeInit
                0x0000000008002ba2       0x28 Drivers/BSP/Components/HTS221_Driver_HL.o
 .text.LPS22HB_ReadReg
                0x0000000008002bca       0x30 Drivers/BSP/Components/LPS22HB_Driver.o
                0x0000000008002bca                LPS22HB_ReadReg
 .text.LPS22HB_WriteReg
                0x0000000008002bfa       0x30 Drivers/BSP/Components/LPS22HB_Driver.o
                0x0000000008002bfa                LPS22HB_WriteReg
 .text.LPS22HB_Get_DeviceID
                0x0000000008002c2a       0x14 Drivers/BSP/Components/LPS22HB_Driver.o
                0x0000000008002c2a                LPS22HB_Get_DeviceID
 .text.LPS22HB_Set_PowerMode
                0x0000000008002c3e       0x36 Drivers/BSP/Components/LPS22HB_Driver.o
                0x0000000008002c3e                LPS22HB_Set_PowerMode
 .text.LPS22HB_Set_Odr
                0x0000000008002c74       0x38 Drivers/BSP/Components/LPS22HB_Driver.o
                0x0000000008002c74                LPS22HB_Set_Odr
 .text.LPS22HB_Get_Odr
                0x0000000008002cac       0x24 Drivers/BSP/Components/LPS22HB_Driver.o
                0x0000000008002cac                LPS22HB_Get_Odr
 .text.LPS22HB_Set_LowPassFilter
                0x0000000008002cd0       0x3a Drivers/BSP/Components/LPS22HB_Driver.o
                0x0000000008002cd0                LPS22HB_Set_LowPassFilter
 .text.LPS22HB_Set_LowPassFilterCutoff
                0x0000000008002d0a       0x38 Drivers/BSP/Components/LPS22HB_Driver.o
                0x0000000008002d0a                LPS22HB_Set_LowPassFilterCutoff
 .text.LPS22HB_Set_Bdu
                0x0000000008002d42       0x36 Drivers/BSP/Components/LPS22HB_Driver.o
                0x0000000008002d42                LPS22HB_Set_Bdu
 .text.LPS22HB_Set_FifoModeUse
                0x0000000008002d78       0x3a Drivers/BSP/Components/LPS22HB_Driver.o
                0x0000000008002d78                LPS22HB_Set_FifoModeUse
 .text.LPS22HB_Set_FifoWatermarkLevelUse
                0x0000000008002db2       0x3a Drivers/BSP/Components/LPS22HB_Driver.o
                0x0000000008002db2                LPS22HB_Set_FifoWatermarkLevelUse
 .text.LPS22HB_Set_AutomaticIncrementRegAddress
                0x0000000008002dec       0x3a Drivers/BSP/Components/LPS22HB_Driver.o
                0x0000000008002dec                LPS22HB_Set_AutomaticIncrementRegAddress
 .text.LPS22HB_Set_FIFO_OVR_Interrupt
                0x0000000008002e26       0x3a Drivers/BSP/Components/LPS22HB_Driver.o
                0x0000000008002e26                LPS22HB_Set_FIFO_OVR_Interrupt
 .text.LPS22HB_Set_FIFO_FTH_Interrupt
                0x0000000008002e60       0x3a Drivers/BSP/Components/LPS22HB_Driver.o
                0x0000000008002e60                LPS22HB_Set_FIFO_FTH_Interrupt
 .text.LPS22HB_Set_FIFO_FULL_Interrupt
                0x0000000008002e9a       0x3a Drivers/BSP/Components/LPS22HB_Driver.o
                0x0000000008002e9a                LPS22HB_Set_FIFO_FULL_Interrupt
 .text.LPS22HB_Get_DataStatus
                0x0000000008002ed4       0x38 Drivers/BSP/Components/LPS22HB_Driver.o
                0x0000000008002ed4                LPS22HB_Get_DataStatus
 .text.LPS22HB_Get_RawPressure
                0x0000000008002f0c       0x38 Drivers/BSP/Components/LPS22HB_Driver.o
                0x0000000008002f0c                LPS22HB_Get_RawPressure
 .text.LPS22HB_Get_Pressure
                0x0000000008002f44       0x26 Drivers/BSP/Components/LPS22HB_Driver.o
                0x0000000008002f44                LPS22HB_Get_Pressure
 .text.LPS22HB_Get_RawTemperature
                0x0000000008002f6a       0x24 Drivers/BSP/Components/LPS22HB_Driver.o
                0x0000000008002f6a                LPS22HB_Get_RawTemperature
 .text.LPS22HB_Get_Temperature
                0x0000000008002f8e       0x26 Drivers/BSP/Components/LPS22HB_Driver.o
                0x0000000008002f8e                LPS22HB_Get_Temperature
 .text.LPS22HB_Set_FifoMode
                0x0000000008002fb4       0x38 Drivers/BSP/Components/LPS22HB_Driver.o
                0x0000000008002fb4                LPS22HB_Set_FifoMode
 .text.LPS22HB_Get_FifoMode
                0x0000000008002fec       0x24 Drivers/BSP/Components/LPS22HB_Driver.o
                0x0000000008002fec                LPS22HB_Get_FifoMode
 .text.LPS22HB_Set_FifoWatermarkLevel
                0x0000000008003010       0x38 Drivers/BSP/Components/LPS22HB_Driver.o
                0x0000000008003010                LPS22HB_Set_FifoWatermarkLevel
 .text.LPS22HB_Get_FifoWatermarkLevel
                0x0000000008003048       0x20 Drivers/BSP/Components/LPS22HB_Driver.o
                0x0000000008003048                LPS22HB_Get_FifoWatermarkLevel
 .text.LPS22HB_Get_FifoStatus
                0x0000000008003068       0x42 Drivers/BSP/Components/LPS22HB_Driver.o
                0x0000000008003068                LPS22HB_Get_FifoStatus
 .text.LPS22HB_P_Get_DRDY_Status
                0x00000000080030aa       0x1c Drivers/BSP/Components/LPS22HB_Driver_HL.o
 .text.LPS22HB_T_Get_DRDY_Status
                0x00000000080030c6       0x1c Drivers/BSP/Components/LPS22HB_Driver_HL.o
 .text.LPS22HB_P_Write_Reg
                0x00000000080030e2       0x18 Drivers/BSP/Components/LPS22HB_Driver_HL.o
 .text.LPS22HB_T_Write_Reg
                0x00000000080030fa        0x8 Drivers/BSP/Components/LPS22HB_Driver_HL.o
 .text.LPS22HB_P_Read_Reg
                0x0000000008003102       0x14 Drivers/BSP/Components/LPS22HB_Driver_HL.o
 .text.LPS22HB_T_Read_Reg
                0x0000000008003116        0x8 Drivers/BSP/Components/LPS22HB_Driver_HL.o
 .text.LPS22HB_P_Sensor_Disable
                0x000000000800311e       0x2e Drivers/BSP/Components/LPS22HB_Driver_HL.o
 .text.LPS22HB_P_DeInit
                0x000000000800314c       0x22 Drivers/BSP/Components/LPS22HB_Driver_HL.o
 .text.LPS22HB_T_Sensor_Disable
                0x000000000800316e       0x2e Drivers/BSP/Components/LPS22HB_Driver_HL.o
 .text.LPS22HB_T_DeInit
                0x000000000800319c       0x22 Drivers/BSP/Components/LPS22HB_Driver_HL.o
 *fill*         0x00000000080031be        0x2 
 .text.LPS22HB_Get_ODR
                0x00000000080031c0       0x6c Drivers/BSP/Components/LPS22HB_Driver_HL.o
 .text.LPS22HB_P_Get_ODR
                0x000000000800322c        0x8 Drivers/BSP/Components/LPS22HB_Driver_HL.o
 .text.LPS22HB_Check_WhoAmI
                0x0000000008003234       0x28 Drivers/BSP/Components/LPS22HB_Driver_HL.o
 .text.LPS22HB_P_Check_WhoAmI
                0x000000000800325c        0x8 Drivers/BSP/Components/LPS22HB_Driver_HL.o
 .text.LPS22HB_FIFO_Set_Watermark_Level
                0x0000000008003264       0x10 Drivers/BSP/Components/LPS22HB_Driver_HL.o
 .text.LPS22HB_FIFO_Get_Watermark_Level
                0x0000000008003274       0x10 Drivers/BSP/Components/LPS22HB_Driver_HL.o
 .text.LPS22HB_FIFO_Get_Mode
                0x0000000008003284       0x1e Drivers/BSP/Components/LPS22HB_Driver_HL.o
 .text.LPS22HB_FIFO_Get_Num_Of_Samples
                0x00000000080032a2       0x1c Drivers/BSP/Components/LPS22HB_Driver_HL.o
 .text.LPS22HB_FIFO_Get_Fth_Status
                0x00000000080032be       0x1c Drivers/BSP/Components/LPS22HB_Driver_HL.o
 .text.LPS22HB_FIFO_Get_Ovr_Status
                0x00000000080032da       0x1c Drivers/BSP/Components/LPS22HB_Driver_HL.o
 .text.LPS22HB_FIFO_Get_Full_Status
                0x00000000080032f6       0x1c Drivers/BSP/Components/LPS22HB_Driver_HL.o
 .text.LPS22HB_FIFO_Get_Empty_Status
                0x0000000008003312       0x1c Drivers/BSP/Components/LPS22HB_Driver_HL.o
 *fill*         0x000000000800332e        0x2 
 .text.LPS22HB_Set_ODR_When_Disabled.isra.0
                0x0000000008003330       0x40 Drivers/BSP/Components/LPS22HB_Driver_HL.o
 .text.LPS22HB_Set_ODR_Value_When_Enabled
                0x0000000008003370       0x70 Drivers/BSP/Components/LPS22HB_Driver_HL.o
 .text.LPS22HB_P_Sensor_Enable
                0x00000000080033e0       0x2a Drivers/BSP/Components/LPS22HB_Driver_HL.o
 *fill*         0x000000000800340a        0x2 
 .text.LPS22HB_T_Set_ODR_Value
                0x000000000800340c       0x7c Drivers/BSP/Components/LPS22HB_Driver_HL.o
 .text.LPS22HB_T_Sensor_Enable
                0x0000000008003488       0x2a Drivers/BSP/Components/LPS22HB_Driver_HL.o
 .text.LPS22HB_Set_ODR_When_Enabled
                0x00000000080034b2       0x4a Drivers/BSP/Components/LPS22HB_Driver_HL.o
 .text.LPS22HB_P_Set_ODR
                0x00000000080034fc       0x2a Drivers/BSP/Components/LPS22HB_Driver_HL.o
 .text.LPS22HB_T_Set_ODR
                0x0000000008003526       0x2a Drivers/BSP/Components/LPS22HB_Driver_HL.o
 .text.LPS22HB_Initialize.isra.4
                0x0000000008003550       0x68 Drivers/BSP/Components/LPS22HB_Driver_HL.o
 .text.LPS22HB_P_Init
                0x00000000080035b8       0x26 Drivers/BSP/Components/LPS22HB_Driver_HL.o
 .text.LPS22HB_T_Init
                0x00000000080035de       0x26 Drivers/BSP/Components/LPS22HB_Driver_HL.o
 .text.LPS22HB_FIFO_Get_Data
                0x0000000008003604       0x58 Drivers/BSP/Components/LPS22HB_Driver_HL.o
 .text.LPS22HB_FIFO_Reset_Interrupt
                0x000000000800365c       0x30 Drivers/BSP/Components/LPS22HB_Driver_HL.o
 .text.LPS22HB_FIFO_Set_Interrupt
                0x000000000800368c       0x30 Drivers/BSP/Components/LPS22HB_Driver_HL.o
 .text.LPS22HB_FIFO_Stop_On_Fth
                0x00000000080036bc       0x18 Drivers/BSP/Components/LPS22HB_Driver_HL.o
 .text.LPS22HB_FIFO_Set_Mode
                0x00000000080036d4       0x2e Drivers/BSP/Components/LPS22HB_Driver_HL.o
 .text.LPS22HB_FIFO_Usage
                0x0000000008003702       0x18 Drivers/BSP/Components/LPS22HB_Driver_HL.o
 .text.LPS22HB_T_Get_ODR
                0x000000000800371a        0x8 Drivers/BSP/Components/LPS22HB_Driver_HL.o
 .text.LPS22HB_T_Check_WhoAmI
                0x0000000008003722        0x8 Drivers/BSP/Components/LPS22HB_Driver_HL.o
 .text.LPS22HB_P_Get_WhoAmI
                0x000000000800372a       0x10 Drivers/BSP/Components/LPS22HB_Driver_HL.o
 .text.LPS22HB_T_Get_WhoAmI
                0x000000000800373a       0x10 Drivers/BSP/Components/LPS22HB_Driver_HL.o
 .text.LPS22HB_FIFO_Watermark_Usage
                0x000000000800374a       0x18 Drivers/BSP/Components/LPS22HB_Driver_HL.o
 *fill*         0x0000000008003762        0x2 
 .text.LPS22HB_P_Get_Press
                0x0000000008003764       0x2c Drivers/BSP/Components/LPS22HB_Driver_HL.o
 .text.LPS22HB_T_Get_Temp
                0x0000000008003790       0x34 Drivers/BSP/Components/LPS22HB_Driver_HL.o
 .text.LPS22HB_P_Set_ODR_Value
                0x00000000080037c4       0x7c Drivers/BSP/Components/LPS22HB_Driver_HL.o
 .text.LPS25HB_ReadReg
                0x0000000008003840       0x1c Drivers/BSP/Components/LPS25HB_Driver.o
                0x0000000008003840                LPS25HB_ReadReg
 .text.LPS25HB_WriteReg
                0x000000000800385c       0x1c Drivers/BSP/Components/LPS25HB_Driver.o
                0x000000000800385c                LPS25HB_WriteReg
 .text.LPS25HB_Get_DeviceID
                0x0000000008003878       0x14 Drivers/BSP/Components/LPS25HB_Driver.o
                0x0000000008003878                LPS25HB_Get_DeviceID
 .text.LPS25HB_Get_Odr
                0x000000000800388c       0x24 Drivers/BSP/Components/LPS25HB_Driver.o
                0x000000000800388c                LPS25HB_Get_Odr
 .text.LPS25HB_Get_DataStatus
                0x00000000080038b0       0x38 Drivers/BSP/Components/LPS25HB_Driver.o
                0x00000000080038b0                LPS25HB_Get_DataStatus
 .text.LPS25HB_Get_RawPressure
                0x00000000080038e8       0x38 Drivers/BSP/Components/LPS25HB_Driver.o
                0x00000000080038e8                LPS25HB_Get_RawPressure
 .text.LPS25HB_Get_Pressure
                0x0000000008003920       0x26 Drivers/BSP/Components/LPS25HB_Driver.o
                0x0000000008003920                LPS25HB_Get_Pressure
 .text.LPS25HB_Get_RawTemperature
                0x0000000008003946       0x24 Drivers/BSP/Components/LPS25HB_Driver.o
                0x0000000008003946                LPS25HB_Get_RawTemperature
 .text.LPS25HB_Get_Temperature
                0x000000000800396a       0x2a Drivers/BSP/Components/LPS25HB_Driver.o
                0x000000000800396a                LPS25HB_Get_Temperature
 .text.LPS25HB_assert_failed
                0x0000000008003994       0x14 Drivers/BSP/Components/LPS25HB_Driver.o
                0x0000000008003994                LPS25HB_assert_failed
 .text.LPS25HB_Set_Avg
                0x00000000080039a8       0x58 Drivers/BSP/Components/LPS25HB_Driver.o
                0x00000000080039a8                LPS25HB_Set_Avg
 .text.LPS25HB_Set_Odr
                0x0000000008003a00       0x58 Drivers/BSP/Components/LPS25HB_Driver.o
                0x0000000008003a00                LPS25HB_Set_Odr
 .text.LPS25HB_Set_PowerDownMode
                0x0000000008003a58       0x4c Drivers/BSP/Components/LPS25HB_Driver.o
                0x0000000008003a58                LPS25HB_Set_PowerDownMode
 .text.LPS25HB_Activate
                0x0000000008003aa4       0x10 Drivers/BSP/Components/LPS25HB_Driver.o
                0x0000000008003aa4                LPS25HB_Activate
 .text.LPS25HB_DeActivate
                0x0000000008003ab4       0x10 Drivers/BSP/Components/LPS25HB_Driver.o
                0x0000000008003ab4                LPS25HB_DeActivate
 .text.LPS25HB_Set_Bdu
                0x0000000008003ac4       0x4c Drivers/BSP/Components/LPS25HB_Driver.o
                0x0000000008003ac4                LPS25HB_Set_Bdu
 .text.LPS25HB_Set_InterruptCircuitEnable
                0x0000000008003b10       0x4c Drivers/BSP/Components/LPS25HB_Driver.o
                0x0000000008003b10                LPS25HB_Set_InterruptCircuitEnable
 .text.LPS25HB_Set_SpiInterface
                0x0000000008003b5c       0x48 Drivers/BSP/Components/LPS25HB_Driver.o
                0x0000000008003b5c                LPS25HB_Set_SpiInterface
 .text.LPS25HB_P_Get_DRDY_Status
                0x0000000008003ba4       0x1c Drivers/BSP/Components/LPS25HB_Driver_HL.o
 .text.LPS25HB_T_Get_DRDY_Status
                0x0000000008003bc0       0x1c Drivers/BSP/Components/LPS25HB_Driver_HL.o
 .text.LPS25HB_P_Write_Reg
                0x0000000008003bdc       0x18 Drivers/BSP/Components/LPS25HB_Driver_HL.o
 .text.LPS25HB_T_Write_Reg
                0x0000000008003bf4        0x8 Drivers/BSP/Components/LPS25HB_Driver_HL.o
 .text.LPS25HB_P_Read_Reg
                0x0000000008003bfc       0x14 Drivers/BSP/Components/LPS25HB_Driver_HL.o
 .text.LPS25HB_T_Read_Reg
                0x0000000008003c10        0x8 Drivers/BSP/Components/LPS25HB_Driver_HL.o
 .text.LPS25HB_Set_ODR_Value
                0x0000000008003c18       0x4c Drivers/BSP/Components/LPS25HB_Driver_HL.o
 .text.LPS25HB_P_Set_ODR_Value
                0x0000000008003c64        0x8 Drivers/BSP/Components/LPS25HB_Driver_HL.o
 .text.LPS25HB_Set_ODR
                0x0000000008003c6c       0x30 Drivers/BSP/Components/LPS25HB_Driver_HL.o
 .text.LPS25HB_P_Set_ODR
                0x0000000008003c9c        0x8 Drivers/BSP/Components/LPS25HB_Driver_HL.o
 .text.LPS25HB_Get_ODR
                0x0000000008003ca4       0x60 Drivers/BSP/Components/LPS25HB_Driver_HL.o
 .text.LPS25HB_P_Get_ODR
                0x0000000008003d04        0x8 Drivers/BSP/Components/LPS25HB_Driver_HL.o
 .text.LPS25HB_P_Get_Press
                0x0000000008003d0c       0x2c Drivers/BSP/Components/LPS25HB_Driver_HL.o
 .text.LPS25HB_Check_WhoAmI
                0x0000000008003d38       0x28 Drivers/BSP/Components/LPS25HB_Driver_HL.o
 .text.LPS25HB_P_Check_WhoAmI
                0x0000000008003d60        0x8 Drivers/BSP/Components/LPS25HB_Driver_HL.o
 .text.LPS25HB_T_Get_Temp
                0x0000000008003d68       0x34 Drivers/BSP/Components/LPS25HB_Driver_HL.o
 .text.LPS25HB_P_Sensor_Disable
                0x0000000008003d9c       0x32 Drivers/BSP/Components/LPS25HB_Driver_HL.o
 .text.LPS25HB_P_DeInit
                0x0000000008003dce       0x28 Drivers/BSP/Components/LPS25HB_Driver_HL.o
 .text.LPS25HB_P_Sensor_Enable
                0x0000000008003df6       0x34 Drivers/BSP/Components/LPS25HB_Driver_HL.o
 .text.LPS25HB_Init
                0x0000000008003e2a       0x5e Drivers/BSP/Components/LPS25HB_Driver_HL.o
 .text.LPS25HB_P_Init
                0x0000000008003e88       0x2a Drivers/BSP/Components/LPS25HB_Driver_HL.o
 .text.LPS25HB_T_Init
                0x0000000008003eb2       0x2a Drivers/BSP/Components/LPS25HB_Driver_HL.o
 .text.LPS25HB_T_Set_ODR_Value
                0x0000000008003edc        0x8 Drivers/BSP/Components/LPS25HB_Driver_HL.o
 .text.LPS25HB_T_Check_WhoAmI
                0x0000000008003ee4        0x8 Drivers/BSP/Components/LPS25HB_Driver_HL.o
 .text.LPS25HB_T_Get_ODR
                0x0000000008003eec        0x8 Drivers/BSP/Components/LPS25HB_Driver_HL.o
 .text.LPS25HB_T_Set_ODR
                0x0000000008003ef4        0x8 Drivers/BSP/Components/LPS25HB_Driver_HL.o
 .text.LPS25HB_T_Get_WhoAmI
                0x0000000008003efc       0x10 Drivers/BSP/Components/LPS25HB_Driver_HL.o
 .text.LPS25HB_P_Get_WhoAmI
                0x0000000008003f0c       0x10 Drivers/BSP/Components/LPS25HB_Driver_HL.o
 .text.LPS25HB_T_Sensor_Enable
                0x0000000008003f1c       0x34 Drivers/BSP/Components/LPS25HB_Driver_HL.o
 .text.LPS25HB_T_Sensor_Disable
                0x0000000008003f50       0x32 Drivers/BSP/Components/LPS25HB_Driver_HL.o
 .text.LPS25HB_T_DeInit
                0x0000000008003f82       0x28 Drivers/BSP/Components/LPS25HB_Driver_HL.o
 *fill*         0x0000000008003faa        0x2 
 .text.I2C_EXPBD_Init
                0x0000000008003fac       0xa4 Drivers/BSP/I_NUCLEO_LRWAN1/i_nucleo_lrwan1.o
 .text.Sensor_IO_Init
                0x0000000008004050        0xe Drivers/BSP/I_NUCLEO_LRWAN1/i_nucleo_lrwan1.o
                0x0000000008004050                Sensor_IO_Init
 .text.LPS22HB_Sensor_IO_ITConfig
                0x000000000800405e        0x4 Drivers/BSP/I_NUCLEO_LRWAN1/i_nucleo_lrwan1.o
                0x000000000800405e                LPS22HB_Sensor_IO_ITConfig
 *fill*         0x0000000008004062        0x2 
 .text.Sensor_IO_Write
                0x0000000008004064       0x3c Drivers/BSP/I_NUCLEO_LRWAN1/i_nucleo_lrwan1.o
                0x0000000008004064                Sensor_IO_Write
 .text.Sensor_IO_Read
                0x00000000080040a0       0x3c Drivers/BSP/I_NUCLEO_LRWAN1/i_nucleo_lrwan1.o
                0x00000000080040a0                Sensor_IO_Read
 .text.BSP_HTS221_HUMIDITY_Init
                0x00000000080040dc       0x80 Drivers/BSP/I_NUCLEO_LRWAN1/i_nucleo_lrwan1_humidity.o
 .text.BSP_HUMIDITY_Init
                0x000000000800415c       0x16 Drivers/BSP/I_NUCLEO_LRWAN1/i_nucleo_lrwan1_humidity.o
                0x000000000800415c                BSP_HUMIDITY_Init
 .text.BSP_HUMIDITY_Sensor_Enable
                0x0000000008004172       0x20 Drivers/BSP/I_NUCLEO_LRWAN1/i_nucleo_lrwan1_humidity.o
                0x0000000008004172                BSP_HUMIDITY_Sensor_Enable
 .text.BSP_HUMIDITY_Get_Hum
                0x0000000008004192       0x24 Drivers/BSP/I_NUCLEO_LRWAN1/i_nucleo_lrwan1_humidity.o
                0x0000000008004192                BSP_HUMIDITY_Get_Hum
 *fill*         0x00000000080041b6        0x2 
 .text.BSP_LPS25HB_PRESSURE_Init
                0x00000000080041b8       0xb8 Drivers/BSP/I_NUCLEO_LRWAN1/i_nucleo_lrwan1_pressure.o
 .text.BSP_LPS22HB_PRESSURE_Init
                0x0000000008004270       0x90 Drivers/BSP/I_NUCLEO_LRWAN1/i_nucleo_lrwan1_pressure.o
 .text.BSP_PRESSURE_Init
                0x0000000008004300       0x4a Drivers/BSP/I_NUCLEO_LRWAN1/i_nucleo_lrwan1_pressure.o
                0x0000000008004300                BSP_PRESSURE_Init
 .text.BSP_PRESSURE_Sensor_Enable
                0x000000000800434a       0x20 Drivers/BSP/I_NUCLEO_LRWAN1/i_nucleo_lrwan1_pressure.o
                0x000000000800434a                BSP_PRESSURE_Sensor_Enable
 .text.BSP_PRESSURE_Get_Press
                0x000000000800436a       0x24 Drivers/BSP/I_NUCLEO_LRWAN1/i_nucleo_lrwan1_pressure.o
                0x000000000800436a                BSP_PRESSURE_Get_Press
 *fill*         0x000000000800438e        0x2 
 .text.BSP_HTS221_TEMPERATURE_Init
                0x0000000008004390       0x80 Drivers/BSP/I_NUCLEO_LRWAN1/i_nucleo_lrwan1_temperature.o
 .text.BSP_LPS25HB_TEMPERATURE_Init
                0x0000000008004410       0xbc Drivers/BSP/I_NUCLEO_LRWAN1/i_nucleo_lrwan1_temperature.o
 .text.BSP_LPS22HB_TEMPERATURE_Init
                0x00000000080044cc       0x90 Drivers/BSP/I_NUCLEO_LRWAN1/i_nucleo_lrwan1_temperature.o
 .text.BSP_TEMPERATURE_Init
                0x000000000800455c       0x60 Drivers/BSP/I_NUCLEO_LRWAN1/i_nucleo_lrwan1_temperature.o
                0x000000000800455c                BSP_TEMPERATURE_Init
 .text.BSP_TEMPERATURE_Sensor_Enable
                0x00000000080045bc       0x20 Drivers/BSP/I_NUCLEO_LRWAN1/i_nucleo_lrwan1_temperature.o
                0x00000000080045bc                BSP_TEMPERATURE_Sensor_Enable
 .text.BSP_TEMPERATURE_Get_Temp
                0x00000000080045dc       0x24 Drivers/BSP/I_NUCLEO_LRWAN1/i_nucleo_lrwan1_temperature.o
                0x00000000080045dc                BSP_TEMPERATURE_Get_Temp
 .text.Modem_IO_Init
                0x0000000008004600       0x16 Drivers/BSP/I_NUCLEO_LRWAN1/i_nucleo_lrwan1_wm_sg_sm_xx.o
                0x0000000008004600                Modem_IO_Init
 *fill*         0x0000000008004616        0x2 
 .text.Modem_IO_DeInit
                0x0000000008004618       0x10 Drivers/BSP/I_NUCLEO_LRWAN1/i_nucleo_lrwan1_wm_sg_sm_xx.o
                0x0000000008004618                Modem_IO_DeInit
 .text.at_cmd_responseAnalysing
                0x0000000008004628       0x30 Drivers/BSP/I_NUCLEO_LRWAN1/i_nucleo_lrwan1_wm_sg_sm_xx.o
 .text.at_cmd_send
                0x0000000008004658       0x1c Drivers/BSP/I_NUCLEO_LRWAN1/i_nucleo_lrwan1_wm_sg_sm_xx.o
 .text.at_cmd_receive
                0x0000000008004674       0xe8 Drivers/BSP/I_NUCLEO_LRWAN1/i_nucleo_lrwan1_wm_sg_sm_xx.o
 .text.at_cmd_AsyncEventAnalysing
                0x000000000800475c       0x60 Drivers/BSP/I_NUCLEO_LRWAN1/i_nucleo_lrwan1_wm_sg_sm_xx.o
 .text.at_cmd_vprintf
                0x00000000080047bc       0x30 Drivers/BSP/I_NUCLEO_LRWAN1/i_nucleo_lrwan1_wm_sg_sm_xx.o
                0x00000000080047bc                at_cmd_vprintf
 .text.at_cmd_format
                0x00000000080047ec      0x2a8 Drivers/BSP/I_NUCLEO_LRWAN1/i_nucleo_lrwan1_wm_sg_sm_xx.o
 .text.Modem_AT_Cmd
                0x0000000008004a94      0x1fc Drivers/BSP/I_NUCLEO_LRWAN1/i_nucleo_lrwan1_wm_sg_sm_xx.o
                0x0000000008004a94                Modem_AT_Cmd
 .text.SystemInit
                0x0000000008004c90       0x5c Drivers/CMSIS/system_stm32l0xx.o
                0x0000000008004c90                SystemInit
 .text.HAL_InitTick
                0x0000000008004cec       0x30 Drivers/STM32L0xx_HAL_Driver/stm32l0xx_hal.o
                0x0000000008004cec                HAL_InitTick
 .text.HAL_Init
                0x0000000008004d1c       0x28 Drivers/STM32L0xx_HAL_Driver/stm32l0xx_hal.o
                0x0000000008004d1c                HAL_Init
 .text.HAL_IncTick
                0x0000000008004d44       0x10 Drivers/STM32L0xx_HAL_Driver/stm32l0xx_hal.o
                0x0000000008004d44                HAL_IncTick
 .text.HAL_GetTick
                0x0000000008004d54        0xc Drivers/STM32L0xx_HAL_Driver/stm32l0xx_hal.o
                0x0000000008004d54                HAL_GetTick
 .text.HAL_Delay
                0x0000000008004d60       0x1e Drivers/STM32L0xx_HAL_Driver/stm32l0xx_hal.o
                0x0000000008004d60                HAL_Delay
 *fill*         0x0000000008004d7e        0x2 
 .text.HAL_NVIC_SetPriority
                0x0000000008004d80       0x54 Drivers/STM32L0xx_HAL_Driver/stm32l0xx_hal_cortex.o
                0x0000000008004d80                HAL_NVIC_SetPriority
 .text.HAL_NVIC_EnableIRQ
                0x0000000008004dd4       0x18 Drivers/STM32L0xx_HAL_Driver/stm32l0xx_hal_cortex.o
                0x0000000008004dd4                HAL_NVIC_EnableIRQ
 .text.HAL_SYSTICK_Config
                0x0000000008004dec       0x34 Drivers/STM32L0xx_HAL_Driver/stm32l0xx_hal_cortex.o
                0x0000000008004dec                HAL_SYSTICK_Config
 .text.HAL_SYSTICK_CLKSourceConfig
                0x0000000008004e20       0x1c Drivers/STM32L0xx_HAL_Driver/stm32l0xx_hal_cortex.o
                0x0000000008004e20                HAL_SYSTICK_CLKSourceConfig
 .text.HAL_SYSTICK_Callback
                0x0000000008004e3c        0x2 Drivers/STM32L0xx_HAL_Driver/stm32l0xx_hal_cortex.o
                0x0000000008004e3c                HAL_SYSTICK_Callback
 .text.HAL_SYSTICK_IRQHandler
                0x0000000008004e3e        0x8 Drivers/STM32L0xx_HAL_Driver/stm32l0xx_hal_cortex.o
                0x0000000008004e3e                HAL_SYSTICK_IRQHandler
 *fill*         0x0000000008004e46        0x2 
 .text.HAL_GPIO_Init
                0x0000000008004e48      0x174 Drivers/STM32L0xx_HAL_Driver/stm32l0xx_hal_gpio.o
                0x0000000008004e48                HAL_GPIO_Init
 .text.HAL_GPIO_DeInit
                0x0000000008004fbc      0x104 Drivers/STM32L0xx_HAL_Driver/stm32l0xx_hal_gpio.o
                0x0000000008004fbc                HAL_GPIO_DeInit
 .text.HAL_GPIO_WritePin
                0x00000000080050c0        0xc Drivers/STM32L0xx_HAL_Driver/stm32l0xx_hal_gpio.o
                0x00000000080050c0                HAL_GPIO_WritePin
 .text.I2C_Flush_TXDR
                0x00000000080050cc       0x1c Drivers/STM32L0xx_HAL_Driver/stm32l0xx_hal_i2c.o
 .text.I2C_TransferConfig
                0x00000000080050e8       0x28 Drivers/STM32L0xx_HAL_Driver/stm32l0xx_hal_i2c.o
 .text.I2C_IsAcknowledgeFailed
                0x0000000008005110       0x7c Drivers/STM32L0xx_HAL_Driver/stm32l0xx_hal_i2c.o
 .text.I2C_WaitOnSTOPFlagUntilTimeout
                0x000000000800518c       0x50 Drivers/STM32L0xx_HAL_Driver/stm32l0xx_hal_i2c.o
 .text.I2C_WaitOnFlagUntilTimeout
                0x00000000080051dc       0x50 Drivers/STM32L0xx_HAL_Driver/stm32l0xx_hal_i2c.o
 .text.I2C_WaitOnTXISFlagUntilTimeout
                0x000000000800522c       0x54 Drivers/STM32L0xx_HAL_Driver/stm32l0xx_hal_i2c.o
 .text.I2C_RequestMemoryWrite
                0x0000000008005280       0x64 Drivers/STM32L0xx_HAL_Driver/stm32l0xx_hal_i2c.o
 .text.I2C_RequestMemoryRead
                0x00000000080052e4       0x64 Drivers/STM32L0xx_HAL_Driver/stm32l0xx_hal_i2c.o
 .text.HAL_I2C_MspInit
                0x0000000008005348        0x2 Drivers/STM32L0xx_HAL_Driver/stm32l0xx_hal_i2c.o
                0x0000000008005348                HAL_I2C_MspInit
 *fill*         0x000000000800534a        0x2 
 .text.HAL_I2C_Init
                0x000000000800534c       0xac Drivers/STM32L0xx_HAL_Driver/stm32l0xx_hal_i2c.o
                0x000000000800534c                HAL_I2C_Init
 .text.HAL_I2C_MspDeInit
                0x00000000080053f8        0x2 Drivers/STM32L0xx_HAL_Driver/stm32l0xx_hal_i2c.o
                0x00000000080053f8                HAL_I2C_MspDeInit
 .text.HAL_I2C_DeInit
                0x00000000080053fa       0x34 Drivers/STM32L0xx_HAL_Driver/stm32l0xx_hal_i2c.o
                0x00000000080053fa                HAL_I2C_DeInit
 *fill*         0x000000000800542e        0x2 
 .text.HAL_I2C_Mem_Write
                0x0000000008005430      0x16c Drivers/STM32L0xx_HAL_Driver/stm32l0xx_hal_i2c.o
                0x0000000008005430                HAL_I2C_Mem_Write
 .text.HAL_I2C_Mem_Read
                0x000000000800559c      0x17c Drivers/STM32L0xx_HAL_Driver/stm32l0xx_hal_i2c.o
                0x000000000800559c                HAL_I2C_Mem_Read
 .text.HAL_I2C_GetState
                0x0000000008005718        0x8 Drivers/STM32L0xx_HAL_Driver/stm32l0xx_hal_i2c.o
                0x0000000008005718                HAL_I2C_GetState
 .text.HAL_PWR_DisablePVD
                0x0000000008005720       0x10 Drivers/STM32L0xx_HAL_Driver/stm32l0xx_hal_pwr.o
                0x0000000008005720                HAL_PWR_DisablePVD
 .text.HAL_PWREx_DisableFastWakeUp
                0x0000000008005730       0x14 Drivers/STM32L0xx_HAL_Driver/stm32l0xx_hal_pwr_ex.o
                0x0000000008005730                HAL_PWREx_DisableFastWakeUp
 .text.HAL_PWREx_EnableUltraLowPower
                0x0000000008005744       0x14 Drivers/STM32L0xx_HAL_Driver/stm32l0xx_hal_pwr_ex.o
                0x0000000008005744                HAL_PWREx_EnableUltraLowPower
 .text.HAL_RCC_GetSysClockFreq
                0x0000000008005758       0x80 Drivers/STM32L0xx_HAL_Driver/stm32l0xx_hal_rcc.o
                0x0000000008005758                HAL_RCC_GetSysClockFreq
 .text.HAL_RCC_OscConfig
                0x00000000080057d8      0x518 Drivers/STM32L0xx_HAL_Driver/stm32l0xx_hal_rcc.o
                0x00000000080057d8                HAL_RCC_OscConfig
 .text.HAL_RCC_ClockConfig
                0x0000000008005cf0      0x170 Drivers/STM32L0xx_HAL_Driver/stm32l0xx_hal_rcc.o
                0x0000000008005cf0                HAL_RCC_ClockConfig
 .text.HAL_RCC_GetHCLKFreq
                0x0000000008005e60        0xc Drivers/STM32L0xx_HAL_Driver/stm32l0xx_hal_rcc.o
                0x0000000008005e60                HAL_RCC_GetHCLKFreq
 .text.HAL_RCC_GetPCLK1Freq
                0x0000000008005e6c       0x20 Drivers/STM32L0xx_HAL_Driver/stm32l0xx_hal_rcc.o
                0x0000000008005e6c                HAL_RCC_GetPCLK1Freq
 .text.HAL_RCC_GetPCLK2Freq
                0x0000000008005e8c       0x20 Drivers/STM32L0xx_HAL_Driver/stm32l0xx_hal_rcc.o
                0x0000000008005e8c                HAL_RCC_GetPCLK2Freq
 .text.HAL_RCCEx_PeriphCLKConfig
                0x0000000008005eac      0x1d4 Drivers/STM32L0xx_HAL_Driver/stm32l0xx_hal_rcc_ex.o
                0x0000000008005eac                HAL_RCCEx_PeriphCLKConfig
 .text.HAL_RTC_DeactivateAlarm
                0x0000000008006080       0xc0 Drivers/STM32L0xx_HAL_Driver/stm32l0xx_hal_rtc.o
                0x0000000008006080                HAL_RTC_DeactivateAlarm
 .text.HAL_RTC_WaitForSynchro
                0x0000000008006140       0x34 Drivers/STM32L0xx_HAL_Driver/stm32l0xx_hal_rtc.o
                0x0000000008006140                HAL_RTC_WaitForSynchro
 .text.RTC_EnterInitMode
                0x0000000008006174       0x38 Drivers/STM32L0xx_HAL_Driver/stm32l0xx_hal_rtc.o
                0x0000000008006174                RTC_EnterInitMode
 .text.HAL_RTC_Init
                0x00000000080061ac       0xb8 Drivers/STM32L0xx_HAL_Driver/stm32l0xx_hal_rtc.o
                0x00000000080061ac                HAL_RTC_Init
 .text.RTC_ByteToBcd2
                0x0000000008006264       0x16 Drivers/STM32L0xx_HAL_Driver/stm32l0xx_hal_rtc.o
                0x0000000008006264                RTC_ByteToBcd2
 *fill*         0x000000000800627a        0x2 
 .text.HAL_RTC_SetTime
                0x000000000800627c      0x100 Drivers/STM32L0xx_HAL_Driver/stm32l0xx_hal_rtc.o
                0x000000000800627c                HAL_RTC_SetTime
 .text.HAL_RTC_SetDate
                0x000000000800637c       0xd8 Drivers/STM32L0xx_HAL_Driver/stm32l0xx_hal_rtc.o
                0x000000000800637c                HAL_RTC_SetDate
 .text.HAL_RTC_SetAlarm_IT
                0x0000000008006454      0x190 Drivers/STM32L0xx_HAL_Driver/stm32l0xx_hal_rtc.o
                0x0000000008006454                HAL_RTC_SetAlarm_IT
 .text.RTC_Bcd2ToByte
                0x00000000080065e4       0x10 Drivers/STM32L0xx_HAL_Driver/stm32l0xx_hal_rtc.o
                0x00000000080065e4                RTC_Bcd2ToByte
 .text.HAL_RTC_GetTime
                0x00000000080065f4       0x54 Drivers/STM32L0xx_HAL_Driver/stm32l0xx_hal_rtc.o
                0x00000000080065f4                HAL_RTC_GetTime
 .text.HAL_RTC_GetDate
                0x0000000008006648       0x44 Drivers/STM32L0xx_HAL_Driver/stm32l0xx_hal_rtc.o
                0x0000000008006648                HAL_RTC_GetDate
 .text.HAL_RTCEx_EnableBypassShadow
                0x000000000800668c       0x34 Drivers/STM32L0xx_HAL_Driver/stm32l0xx_hal_rtc_ex.o
                0x000000000800668c                HAL_RTCEx_EnableBypassShadow
 .text.HAL_UART_Receive_IT
                0x00000000080066c0       0xc8 Drivers/STM32L0xx_HAL_Driver/stm32l0xx_hal_uart.o
                0x00000000080066c0                HAL_UART_Receive_IT
 .text.HAL_UART_RxCpltCallback
                0x0000000008006788        0x2 Drivers/STM32L0xx_HAL_Driver/stm32l0xx_hal_uart.o
                0x0000000008006788                HAL_UART_RxCpltCallback
 *fill*         0x000000000800678a        0x2 
 .text.UART_RxISR_8BIT
                0x000000000800678c       0x60 Drivers/STM32L0xx_HAL_Driver/stm32l0xx_hal_uart.o
 .text.UART_RxISR_16BIT
                0x00000000080067ec       0x5c Drivers/STM32L0xx_HAL_Driver/stm32l0xx_hal_uart.o
 .text.UART_SetConfig
                0x0000000008006848      0x264 Drivers/STM32L0xx_HAL_Driver/stm32l0xx_hal_uart.o
                0x0000000008006848                UART_SetConfig
 .text.UART_AdvFeatureConfig
                0x0000000008006aac       0xd0 Drivers/STM32L0xx_HAL_Driver/stm32l0xx_hal_uart.o
                0x0000000008006aac                UART_AdvFeatureConfig
 .text.UART_WaitOnFlagUntilTimeout
                0x0000000008006b7c       0x5c Drivers/STM32L0xx_HAL_Driver/stm32l0xx_hal_uart.o
                0x0000000008006b7c                UART_WaitOnFlagUntilTimeout
 .text.HAL_UART_Transmit
                0x0000000008006bd8       0xd2 Drivers/STM32L0xx_HAL_Driver/stm32l0xx_hal_uart.o
                0x0000000008006bd8                HAL_UART_Transmit
 *fill*         0x0000000008006caa        0x2 
 .text.UART_CheckIdleState
                0x0000000008006cac       0x60 Drivers/STM32L0xx_HAL_Driver/stm32l0xx_hal_uart.o
                0x0000000008006cac                UART_CheckIdleState
 .text.HAL_UART_Init
                0x0000000008006d0c       0x64 Drivers/STM32L0xx_HAL_Driver/stm32l0xx_hal_uart.o
                0x0000000008006d0c                HAL_UART_Init
 .text.HAL_UARTEx_EnableStopMode
                0x0000000008006d70       0x20 Drivers/STM32L0xx_HAL_Driver/stm32l0xx_hal_uart_ex.o
                0x0000000008006d70                HAL_UARTEx_EnableStopMode
 .text.LPM_SetOffMode
                0x0000000008006d90       0x2c Middlewares/loRaWAN/Utilities/low_power_manager.o
                0x0000000008006d90                LPM_SetOffMode
 .text.LPM_SetStopMode
                0x0000000008006dbc       0x2c Middlewares/loRaWAN/Utilities/low_power_manager.o
                0x0000000008006dbc                LPM_SetStopMode
 .text.LPM_GetMode
                0x0000000008006de8       0x24 Middlewares/loRaWAN/Utilities/low_power_manager.o
                0x0000000008006de8                LPM_GetMode
 .text.TimerSetTimeout
                0x0000000008006e0c       0x2a Middlewares/loRaWAN/Utilities/timeServer.o
 *fill*         0x0000000008006e36        0x2 
 .text.TimerIrqHandler
                0x0000000008006e38       0x84 Middlewares/loRaWAN/Utilities/timeServer.o
                0x0000000008006e38                TimerIrqHandler
 .text.__libc_init_array
                0x0000000008006ebc       0x48 /opt/st/stm32cubeide_1.3.0_2/plugins/com.st.stm32cube.ide.mcu.externaltools.gnu-tools-for-stm32.7-2018-q2-update.linux64_1.0.0.201904181610/tools/bin/../lib/gcc/arm-none-eabi/7.3.1/../../../../arm-none-eabi/lib/thumb/v6-m/libc_nano.a(lib_a-init.o)
                0x0000000008006ebc                __libc_init_array
 .text.memset   0x0000000008006f04       0x10 /opt/st/stm32cubeide_1.3.0_2/plugins/com.st.stm32cube.ide.mcu.externaltools.gnu-tools-for-stm32.7-2018-q2-update.linux64_1.0.0.201904181610/tools/bin/../lib/gcc/arm-none-eabi/7.3.1/../../../../arm-none-eabi/lib/thumb/v6-m/libc_nano.a(lib_a-memset.o)
                0x0000000008006f04                memset
 .text.printf   0x0000000008006f14       0x34 /opt/st/stm32cubeide_1.3.0_2/plugins/com.st.stm32cube.ide.mcu.externaltools.gnu-tools-for-stm32.7-2018-q2-update.linux64_1.0.0.201904181610/tools/bin/../lib/gcc/arm-none-eabi/7.3.1/../../../../arm-none-eabi/lib/thumb/v6-m/libc_nano.a(lib_a-printf.o)
                0x0000000008006f14                printf
                0x0000000008006f14                iprintf
 .text.strchr   0x0000000008006f48       0x1c /opt/st/stm32cubeide_1.3.0_2/plugins/com.st.stm32cube.ide.mcu.externaltools.gnu-tools-for-stm32.7-2018-q2-update.linux64_1.0.0.201904181610/tools/bin/../lib/gcc/arm-none-eabi/7.3.1/../../../../arm-none-eabi/lib/thumb/v6-m/libc_nano.a(lib_a-strchr.o)
                0x0000000008006f48                strchr
 .text.strcpy   0x0000000008006f64       0x10 /opt/st/stm32cubeide_1.3.0_2/plugins/com.st.stm32cube.ide.mcu.externaltools.gnu-tools-for-stm32.7-2018-q2-update.linux64_1.0.0.201904181610/tools/bin/../lib/gcc/arm-none-eabi/7.3.1/../../../../arm-none-eabi/lib/thumb/v6-m/libc_nano.a(lib_a-strcpy.o)
                0x0000000008006f64                strcpy
 .text.strncmp  0x0000000008006f74       0x22 /opt/st/stm32cubeide_1.3.0_2/plugins/com.st.stm32cube.ide.mcu.externaltools.gnu-tools-for-stm32.7-2018-q2-update.linux64_1.0.0.201904181610/tools/bin/../lib/gcc/arm-none-eabi/7.3.1/../../../../arm-none-eabi/lib/thumb/v6-m/libc_nano.a(lib_a-strncmp.o)
                0x0000000008006f74                strncmp
 *fill*         0x0000000008006f96        0x2 
 .text.std      0x0000000008006f98       0x48 /opt/st/stm32cubeide_1.3.0_2/plugins/com.st.stm32cube.ide.mcu.externaltools.gnu-tools-for-stm32.7-2018-q2-update.linux64_1.0.0.201904181610/tools/bin/../lib/gcc/arm-none-eabi/7.3.1/../../../../arm-none-eabi/lib/thumb/v6-m/libc_nano.a(lib_a-findfp.o)
 .text._cleanup_r
                0x0000000008006fe0       0x10 /opt/st/stm32cubeide_1.3.0_2/plugins/com.st.stm32cube.ide.mcu.externaltools.gnu-tools-for-stm32.7-2018-q2-update.linux64_1.0.0.201904181610/tools/bin/../lib/gcc/arm-none-eabi/7.3.1/../../../../arm-none-eabi/lib/thumb/v6-m/libc_nano.a(lib_a-findfp.o)
                0x0000000008006fe0                _cleanup_r
 .text.__sfmoreglue
                0x0000000008006ff0       0x2c /opt/st/stm32cubeide_1.3.0_2/plugins/com.st.stm32cube.ide.mcu.externaltools.gnu-tools-for-stm32.7-2018-q2-update.linux64_1.0.0.201904181610/tools/bin/../lib/gcc/arm-none-eabi/7.3.1/../../../../arm-none-eabi/lib/thumb/v6-m/libc_nano.a(lib_a-findfp.o)
                0x0000000008006ff0                __sfmoreglue
 .text.__sinit  0x000000000800701c       0x68 /opt/st/stm32cubeide_1.3.0_2/plugins/com.st.stm32cube.ide.mcu.externaltools.gnu-tools-for-stm32.7-2018-q2-update.linux64_1.0.0.201904181610/tools/bin/../lib/gcc/arm-none-eabi/7.3.1/../../../../arm-none-eabi/lib/thumb/v6-m/libc_nano.a(lib_a-findfp.o)
                0x000000000800701c                __sinit
 .text.__sfp    0x0000000008007084       0x7c /opt/st/stm32cubeide_1.3.0_2/plugins/com.st.stm32cube.ide.mcu.externaltools.gnu-tools-for-stm32.7-2018-q2-update.linux64_1.0.0.201904181610/tools/bin/../lib/gcc/arm-none-eabi/7.3.1/../../../../arm-none-eabi/lib/thumb/v6-m/libc_nano.a(lib_a-findfp.o)
                0x0000000008007084                __sfp
 .text._fwalk_reent
                0x0000000008007100       0x42 /opt/st/stm32cubeide_1.3.0_2/plugins/com.st.stm32cube.ide.mcu.externaltools.gnu-tools-for-stm32.7-2018-q2-update.linux64_1.0.0.201904181610/tools/bin/../lib/gcc/arm-none-eabi/7.3.1/../../../../arm-none-eabi/lib/thumb/v6-m/libc_nano.a(lib_a-fwalk.o)
                0x0000000008007100                _fwalk_reent
 *fill*         0x0000000008007142        0x2 
 .text._malloc_r
                0x0000000008007144       0xbc /opt/st/stm32cubeide_1.3.0_2/plugins/com.st.stm32cube.ide.mcu.externaltools.gnu-tools-for-stm32.7-2018-q2-update.linux64_1.0.0.201904181610/tools/bin/../lib/gcc/arm-none-eabi/7.3.1/../../../../arm-none-eabi/lib/thumb/v6-m/libc_nano.a(lib_a-nano-mallocr.o)
                0x0000000008007144                _malloc_r
 .text.__sfputc_r
                0x0000000008007200       0x2a /opt/st/stm32cubeide_1.3.0_2/plugins/com.st.stm32cube.ide.mcu.externaltools.gnu-tools-for-stm32.7-2018-q2-update.linux64_1.0.0.201904181610/tools/bin/../lib/gcc/arm-none-eabi/7.3.1/../../../../arm-none-eabi/lib/thumb/v6-m/libc_nano.a(lib_a-nano-vfprintf.o)
 .text.__sfputs_r
                0x000000000800722a       0x24 /opt/st/stm32cubeide_1.3.0_2/plugins/com.st.stm32cube.ide.mcu.externaltools.gnu-tools-for-stm32.7-2018-q2-update.linux64_1.0.0.201904181610/tools/bin/../lib/gcc/arm-none-eabi/7.3.1/../../../../arm-none-eabi/lib/thumb/v6-m/libc_nano.a(lib_a-nano-vfprintf.o)
                0x000000000800722a                __sfputs_r
 *fill*         0x000000000800724e        0x2 
 .text._vfprintf_r
                0x0000000008007250      0x22c /opt/st/stm32cubeide_1.3.0_2/plugins/com.st.stm32cube.ide.mcu.externaltools.gnu-tools-for-stm32.7-2018-q2-update.linux64_1.0.0.201904181610/tools/bin/../lib/gcc/arm-none-eabi/7.3.1/../../../../arm-none-eabi/lib/thumb/v6-m/libc_nano.a(lib_a-nano-vfprintf.o)
                0x0000000008007250                _vfiprintf_r
                0x0000000008007250                _vfprintf_r
 .text._printf_common
                0x000000000800747c       0xda /opt/st/stm32cubeide_1.3.0_2/plugins/com.st.stm32cube.ide.mcu.externaltools.gnu-tools-for-stm32.7-2018-q2-update.linux64_1.0.0.201904181610/tools/bin/../lib/gcc/arm-none-eabi/7.3.1/../../../../arm-none-eabi/lib/thumb/v6-m/libc_nano.a(lib_a-nano-vfprintf_i.o)
                0x000000000800747c                _printf_common
 *fill*         0x0000000008007556        0x2 
 .text._printf_i
                0x0000000008007558      0x210 /opt/st/stm32cubeide_1.3.0_2/plugins/com.st.stm32cube.ide.mcu.externaltools.gnu-tools-for-stm32.7-2018-q2-update.linux64_1.0.0.201904181610/tools/bin/../lib/gcc/arm-none-eabi/7.3.1/../../../../arm-none-eabi/lib/thumb/v6-m/libc_nano.a(lib_a-nano-vfprintf_i.o)
                0x0000000008007558                _printf_i
 .text._sbrk_r  0x0000000008007768       0x24 /opt/st/stm32cubeide_1.3.0_2/plugins/com.st.stm32cube.ide.mcu.externaltools.gnu-tools-for-stm32.7-2018-q2-update.linux64_1.0.0.201904181610/tools/bin/../lib/gcc/arm-none-eabi/7.3.1/../../../../arm-none-eabi/lib/thumb/v6-m/libc_nano.a(lib_a-sbrkr.o)
                0x0000000008007768                _sbrk_r
 .text.__sread  0x000000000800778c       0x28 /opt/st/stm32cubeide_1.3.0_2/plugins/com.st.stm32cube.ide.mcu.externaltools.gnu-tools-for-stm32.7-2018-q2-update.linux64_1.0.0.201904181610/tools/bin/../lib/gcc/arm-none-eabi/7.3.1/../../../../arm-none-eabi/lib/thumb/v6-m/libc_nano.a(lib_a-stdio.o)
                0x000000000800778c                __sread
 .text.__swrite
                0x00000000080077b4       0x38 /opt/st/stm32cubeide_1.3.0_2/plugins/com.st.stm32cube.ide.mcu.externaltools.gnu-tools-for-stm32.7-2018-q2-update.linux64_1.0.0.201904181610/tools/bin/../lib/gcc/arm-none-eabi/7.3.1/../../../../arm-none-eabi/lib/thumb/v6-m/libc_nano.a(lib_a-stdio.o)
                0x00000000080077b4                __swrite
 .text.__sseek  0x00000000080077ec       0x2c /opt/st/stm32cubeide_1.3.0_2/plugins/com.st.stm32cube.ide.mcu.externaltools.gnu-tools-for-stm32.7-2018-q2-update.linux64_1.0.0.201904181610/tools/bin/../lib/gcc/arm-none-eabi/7.3.1/../../../../arm-none-eabi/lib/thumb/v6-m/libc_nano.a(lib_a-stdio.o)
                0x00000000080077ec                __sseek
 .text.__sclose
                0x0000000008007818        0xc /opt/st/stm32cubeide_1.3.0_2/plugins/com.st.stm32cube.ide.mcu.externaltools.gnu-tools-for-stm32.7-2018-q2-update.linux64_1.0.0.201904181610/tools/bin/../lib/gcc/arm-none-eabi/7.3.1/../../../../arm-none-eabi/lib/thumb/v6-m/libc_nano.a(lib_a-stdio.o)
                0x0000000008007818                __sclose
 .text.__swbuf_r
                0x0000000008007824       0xac /opt/st/stm32cubeide_1.3.0_2/plugins/com.st.stm32cube.ide.mcu.externaltools.gnu-tools-for-stm32.7-2018-q2-update.linux64_1.0.0.201904181610/tools/bin/../lib/gcc/arm-none-eabi/7.3.1/../../../../arm-none-eabi/lib/thumb/v6-m/libc_nano.a(lib_a-wbuf.o)
                0x0000000008007824                __swbuf_r
 .text._write_r
                0x00000000080078d0       0x28 /opt/st/stm32cubeide_1.3.0_2/plugins/com.st.stm32cube.ide.mcu.externaltools.gnu-tools-for-stm32.7-2018-q2-update.linux64_1.0.0.201904181610/tools/bin/../lib/gcc/arm-none-eabi/7.3.1/../../../../arm-none-eabi/lib/thumb/v6-m/libc_nano.a(lib_a-writer.o)
                0x00000000080078d0                _write_r
 .text.__swsetup_r
                0x00000000080078f8       0xec /opt/st/stm32cubeide_1.3.0_2/plugins/com.st.stm32cube.ide.mcu.externaltools.gnu-tools-for-stm32.7-2018-q2-update.linux64_1.0.0.201904181610/tools/bin/../lib/gcc/arm-none-eabi/7.3.1/../../../../arm-none-eabi/lib/thumb/v6-m/libc_nano.a(lib_a-wsetup.o)
                0x00000000080078f8                __swsetup_r
 .text._close_r
                0x00000000080079e4       0x24 /opt/st/stm32cubeide_1.3.0_2/plugins/com.st.stm32cube.ide.mcu.externaltools.gnu-tools-for-stm32.7-2018-q2-update.linux64_1.0.0.201904181610/tools/bin/../lib/gcc/arm-none-eabi/7.3.1/../../../../arm-none-eabi/lib/thumb/v6-m/libc_nano.a(lib_a-closer.o)
                0x00000000080079e4                _close_r
 .text.__sflush_r
                0x0000000008007a08      0x114 /opt/st/stm32cubeide_1.3.0_2/plugins/com.st.stm32cube.ide.mcu.externaltools.gnu-tools-for-stm32.7-2018-q2-update.linux64_1.0.0.201904181610/tools/bin/../lib/gcc/arm-none-eabi/7.3.1/../../../../arm-none-eabi/lib/thumb/v6-m/libc_nano.a(lib_a-fflush.o)
                0x0000000008007a08                __sflush_r
 .text._fflush_r
                0x0000000008007b1c       0x58 /opt/st/stm32cubeide_1.3.0_2/plugins/com.st.stm32cube.ide.mcu.externaltools.gnu-tools-for-stm32.7-2018-q2-update.linux64_1.0.0.201904181610/tools/bin/../lib/gcc/arm-none-eabi/7.3.1/../../../../arm-none-eabi/lib/thumb/v6-m/libc_nano.a(lib_a-fflush.o)
                0x0000000008007b1c                _fflush_r
 .text._lseek_r
                0x0000000008007b74       0x28 /opt/st/stm32cubeide_1.3.0_2/plugins/com.st.stm32cube.ide.mcu.externaltools.gnu-tools-for-stm32.7-2018-q2-update.linux64_1.0.0.201904181610/tools/bin/../lib/gcc/arm-none-eabi/7.3.1/../../../../arm-none-eabi/lib/thumb/v6-m/libc_nano.a(lib_a-lseekr.o)
                0x0000000008007b74                _lseek_r
 .text.__swhatbuf_r
                0x0000000008007b9c       0x50 /opt/st/stm32cubeide_1.3.0_2/plugins/com.st.stm32cube.ide.mcu.externaltools.gnu-tools-for-stm32.7-2018-q2-update.linux64_1.0.0.201904181610/tools/bin/../lib/gcc/arm-none-eabi/7.3.1/../../../../arm-none-eabi/lib/thumb/v6-m/libc_nano.a(lib_a-makebuf.o)
                0x0000000008007b9c                __swhatbuf_r
 .text.__smakebuf_r
                0x0000000008007bec       0x88 /opt/st/stm32cubeide_1.3.0_2/plugins/com.st.stm32cube.ide.mcu.externaltools.gnu-tools-for-stm32.7-2018-q2-update.linux64_1.0.0.201904181610/tools/bin/../lib/gcc/arm-none-eabi/7.3.1/../../../../arm-none-eabi/lib/thumb/v6-m/libc_nano.a(lib_a-makebuf.o)
                0x0000000008007bec                __smakebuf_r
 .text.memchr   0x0000000008007c74       0x16 /opt/st/stm32cubeide_1.3.0_2/plugins/com.st.stm32cube.ide.mcu.externaltools.gnu-tools-for-stm32.7-2018-q2-update.linux64_1.0.0.201904181610/tools/bin/../lib/gcc/arm-none-eabi/7.3.1/../../../../arm-none-eabi/lib/thumb/v6-m/libc_nano.a(lib_a-memchr-stub.o)
                0x0000000008007c74                memchr
 .text.__malloc_lock
                0x0000000008007c8a        0x2 /opt/st/stm32cubeide_1.3.0_2/plugins/com.st.stm32cube.ide.mcu.externaltools.gnu-tools-for-stm32.7-2018-q2-update.linux64_1.0.0.201904181610/tools/bin/../lib/gcc/arm-none-eabi/7.3.1/../../../../arm-none-eabi/lib/thumb/v6-m/libc_nano.a(lib_a-mlock.o)
                0x0000000008007c8a                __malloc_lock
 .text.__malloc_unlock
                0x0000000008007c8c        0x2 /opt/st/stm32cubeide_1.3.0_2/plugins/com.st.stm32cube.ide.mcu.externaltools.gnu-tools-for-stm32.7-2018-q2-update.linux64_1.0.0.201904181610/tools/bin/../lib/gcc/arm-none-eabi/7.3.1/../../../../arm-none-eabi/lib/thumb/v6-m/libc_nano.a(lib_a-mlock.o)
                0x0000000008007c8c                __malloc_unlock
 *fill*         0x0000000008007c8e        0x2 
 .text._free_r  0x0000000008007c90       0x94 /opt/st/stm32cubeide_1.3.0_2/plugins/com.st.stm32cube.ide.mcu.externaltools.gnu-tools-for-stm32.7-2018-q2-update.linux64_1.0.0.201904181610/tools/bin/../lib/gcc/arm-none-eabi/7.3.1/../../../../arm-none-eabi/lib/thumb/v6-m/libc_nano.a(lib_a-nano-freer.o)
                0x0000000008007c90                _free_r
 .text._read_r  0x0000000008007d24       0x28 /opt/st/stm32cubeide_1.3.0_2/plugins/com.st.stm32cube.ide.mcu.externaltools.gnu-tools-for-stm32.7-2018-q2-update.linux64_1.0.0.201904181610/tools/bin/../lib/gcc/arm-none-eabi/7.3.1/../../../../arm-none-eabi/lib/thumb/v6-m/libc_nano.a(lib_a-readr.o)
                0x0000000008007d24                _read_r
 .text._fstat_r
                0x0000000008007d4c       0x24 /opt/st/stm32cubeide_1.3.0_2/plugins/com.st.stm32cube.ide.mcu.externaltools.gnu-tools-for-stm32.7-2018-q2-update.linux64_1.0.0.201904181610/tools/bin/../lib/gcc/arm-none-eabi/7.3.1/../../../../arm-none-eabi/lib/thumb/v6-m/libc_nano.a(lib_a-fstatr.o)
                0x0000000008007d4c                _fstat_r
 .text._isatty_r
                0x0000000008007d70       0x24 /opt/st/stm32cubeide_1.3.0_2/plugins/com.st.stm32cube.ide.mcu.externaltools.gnu-tools-for-stm32.7-2018-q2-update.linux64_1.0.0.201904181610/tools/bin/../lib/gcc/arm-none-eabi/7.3.1/../../../../arm-none-eabi/lib/thumb/v6-m/libc_nano.a(lib_a-isattyr.o)
                0x0000000008007d70                _isatty_r
 .text._close   0x0000000008007d94       0x10 /opt/st/stm32cubeide_1.3.0_2/plugins/com.st.stm32cube.ide.mcu.externaltools.gnu-tools-for-stm32.7-2018-q2-update.linux64_1.0.0.201904181610/tools/bin/../lib/gcc/arm-none-eabi/7.3.1/../../../../arm-none-eabi/lib/thumb/v6-m/libnosys.a(close.o)
                0x0000000008007d94                _close
 .text._fstat   0x0000000008007da4       0x10 /opt/st/stm32cubeide_1.3.0_2/plugins/com.st.stm32cube.ide.mcu.externaltools.gnu-tools-for-stm32.7-2018-q2-update.linux64_1.0.0.201904181610/tools/bin/../lib/gcc/arm-none-eabi/7.3.1/../../../../arm-none-eabi/lib/thumb/v6-m/libnosys.a(fstat.o)
                0x0000000008007da4                _fstat
 .text._isatty  0x0000000008007db4       0x10 /opt/st/stm32cubeide_1.3.0_2/plugins/com.st.stm32cube.ide.mcu.externaltools.gnu-tools-for-stm32.7-2018-q2-update.linux64_1.0.0.201904181610/tools/bin/../lib/gcc/arm-none-eabi/7.3.1/../../../../arm-none-eabi/lib/thumb/v6-m/libnosys.a(isatty.o)
                0x0000000008007db4                _isatty
 .text._lseek   0x0000000008007dc4       0x10 /opt/st/stm32cubeide_1.3.0_2/plugins/com.st.stm32cube.ide.mcu.externaltools.gnu-tools-for-stm32.7-2018-q2-update.linux64_1.0.0.201904181610/tools/bin/../lib/gcc/arm-none-eabi/7.3.1/../../../../arm-none-eabi/lib/thumb/v6-m/libnosys.a(lseek.o)
                0x0000000008007dc4                _lseek
 .text._read    0x0000000008007dd4       0x10 /opt/st/stm32cubeide_1.3.0_2/plugins/com.st.stm32cube.ide.mcu.externaltools.gnu-tools-for-stm32.7-2018-q2-update.linux64_1.0.0.201904181610/tools/bin/../lib/gcc/arm-none-eabi/7.3.1/../../../../arm-none-eabi/lib/thumb/v6-m/libnosys.a(read.o)
                0x0000000008007dd4                _read
 .text._sbrk    0x0000000008007de4       0x20 /opt/st/stm32cubeide_1.3.0_2/plugins/com.st.stm32cube.ide.mcu.externaltools.gnu-tools-for-stm32.7-2018-q2-update.linux64_1.0.0.201904181610/tools/bin/../lib/gcc/arm-none-eabi/7.3.1/../../../../arm-none-eabi/lib/thumb/v6-m/libnosys.a(sbrk.o)
                0x0000000008007de4                _sbrk
 .text._write   0x0000000008007e04       0x10 /opt/st/stm32cubeide_1.3.0_2/plugins/com.st.stm32cube.ide.mcu.externaltools.gnu-tools-for-stm32.7-2018-q2-update.linux64_1.0.0.201904181610/tools/bin/../lib/gcc/arm-none-eabi/7.3.1/../../../../arm-none-eabi/lib/thumb/v6-m/libnosys.a(write.o)
                0x0000000008007e04                _write
 *(.glue_7)
 .glue_7        0x0000000008007e14        0x0 linker stubs
 *(.glue_7t)
 .glue_7t       0x0000000008007e14        0x0 linker stubs
 *(.eh_frame)
 .eh_frame      0x0000000008007e14        0x0 /opt/st/stm32cubeide_1.3.0_2/plugins/com.st.stm32cube.ide.mcu.externaltools.gnu-tools-for-stm32.7-2018-q2-update.linux64_1.0.0.201904181610/tools/bin/../lib/gcc/arm-none-eabi/7.3.1/thumb/v6-m/crtbegin.o
 *(.init)
 .init          0x0000000008007e14        0x4 /opt/st/stm32cubeide_1.3.0_2/plugins/com.st.stm32cube.ide.mcu.externaltools.gnu-tools-for-stm32.7-2018-q2-update.linux64_1.0.0.201904181610/tools/bin/../lib/gcc/arm-none-eabi/7.3.1/thumb/v6-m/crti.o
                0x0000000008007e14                _init
 .init          0x0000000008007e18        0x8 /opt/st/stm32cubeide_1.3.0_2/plugins/com.st.stm32cube.ide.mcu.externaltools.gnu-tools-for-stm32.7-2018-q2-update.linux64_1.0.0.201904181610/tools/bin/../lib/gcc/arm-none-eabi/7.3.1/thumb/v6-m/crtn.o
 *(.fini)
 .fini          0x0000000008007e20        0x4 /opt/st/stm32cubeide_1.3.0_2/plugins/com.st.stm32cube.ide.mcu.externaltools.gnu-tools-for-stm32.7-2018-q2-update.linux64_1.0.0.201904181610/tools/bin/../lib/gcc/arm-none-eabi/7.3.1/thumb/v6-m/crti.o
                0x0000000008007e20                _fini
 .fini          0x0000000008007e24        0x8 /opt/st/stm32cubeide_1.3.0_2/plugins/com.st.stm32cube.ide.mcu.externaltools.gnu-tools-for-stm32.7-2018-q2-update.linux64_1.0.0.201904181610/tools/bin/../lib/gcc/arm-none-eabi/7.3.1/thumb/v6-m/crtn.o
                0x0000000008007e2c                . = ALIGN (0x4)
                0x0000000008007e2c                _etext = .

.vfp11_veneer   0x0000000008007e2c        0x0
 .vfp11_veneer  0x0000000008007e2c        0x0 linker stubs

.v4_bx          0x0000000008007e2c        0x0
 .v4_bx         0x0000000008007e2c        0x0 linker stubs

.iplt           0x0000000008007e2c        0x0
 .iplt          0x0000000008007e2c        0x0 /opt/st/stm32cubeide_1.3.0_2/plugins/com.st.stm32cube.ide.mcu.externaltools.gnu-tools-for-stm32.7-2018-q2-update.linux64_1.0.0.201904181610/tools/bin/../lib/gcc/arm-none-eabi/7.3.1/thumb/v6-m/crtbegin.o

.rodata         0x0000000008007e2c      0x9a0
                0x0000000008007e2c                . = ALIGN (0x4)
 *(.rodata)
 .rodata        0x0000000008007e2c       0x18 Application/User/hw_rtc.o
 .rodata        0x0000000008007e44      0x1d0 Drivers/BSP/I_NUCLEO_LRWAN1/i_nucleo_lrwan1_wm_sg_sm_xx.o
                0x0000000008008008                Modem
 .rodata        0x0000000008008014       0x21 Drivers/CMSIS/system_stm32l0xx.o
                0x0000000008008014                PLLMulTable
                0x000000000800801d                AHBPrescTable
                0x000000000800802d                APBPrescTable
 .rodata        0x0000000008008035       0x11 Drivers/STM32L0xx_HAL_Driver/stm32l0xx_hal_uart.o
 *fill*         0x0000000008008046        0x2 
 .rodata        0x0000000008008048       0x80 /opt/st/stm32cubeide_1.3.0_2/plugins/com.st.stm32cube.ide.mcu.externaltools.gnu-tools-for-stm32.7-2018-q2-update.linux64_1.0.0.201904181610/tools/bin/../lib/gcc/arm-none-eabi/7.3.1/thumb/v6-m/libgcc.a(divsf3.o)
 .rodata        0x00000000080080c8       0x40 /opt/st/stm32cubeide_1.3.0_2/plugins/com.st.stm32cube.ide.mcu.externaltools.gnu-tools-for-stm32.7-2018-q2-update.linux64_1.0.0.201904181610/tools/bin/../lib/gcc/arm-none-eabi/7.3.1/thumb/v6-m/libgcc.a(mulsf3.o)
 *(.rodata*)
 .rodata.str1.1
                0x0000000008008108       0x8a Application/User/lora_driver.o
                                         0xcb (size before relaxing)
 .rodata.str1.1
                0x0000000008008192       0x5e Application/User/main.o
 .rodata.str1.1
                0x00000000080081f0       0x51 Application/User/tiny_vsnprintf.o
 .rodata.str1.1
                0x0000000008008241       0x8f Drivers/BSP/Components/HTS221_Driver.o
 .rodata.str1.1
                0x00000000080082d0       0x8f Drivers/BSP/Components/LPS25HB_Driver.o
 .rodata.str1.1
                0x000000000800835f      0x3d3 Drivers/BSP/I_NUCLEO_LRWAN1/i_nucleo_lrwan1_wm_sg_sm_xx.o
                                        0x3ed (size before relaxing)
 *fill*         0x0000000008008732        0x2 
 .rodata._global_impure_ptr
                0x0000000008008734        0x4 /opt/st/stm32cubeide_1.3.0_2/plugins/com.st.stm32cube.ide.mcu.externaltools.gnu-tools-for-stm32.7-2018-q2-update.linux64_1.0.0.201904181610/tools/bin/../lib/gcc/arm-none-eabi/7.3.1/../../../../arm-none-eabi/lib/thumb/v6-m/libc_nano.a(lib_a-impure.o)
                0x0000000008008734                _global_impure_ptr
 .rodata.__sf_fake_stderr
                0x0000000008008738       0x20 /opt/st/stm32cubeide_1.3.0_2/plugins/com.st.stm32cube.ide.mcu.externaltools.gnu-tools-for-stm32.7-2018-q2-update.linux64_1.0.0.201904181610/tools/bin/../lib/gcc/arm-none-eabi/7.3.1/../../../../arm-none-eabi/lib/thumb/v6-m/libc_nano.a(lib_a-findfp.o)
                0x0000000008008738                __sf_fake_stderr
 .rodata.__sf_fake_stdin
                0x0000000008008758       0x20 /opt/st/stm32cubeide_1.3.0_2/plugins/com.st.stm32cube.ide.mcu.externaltools.gnu-tools-for-stm32.7-2018-q2-update.linux64_1.0.0.201904181610/tools/bin/../lib/gcc/arm-none-eabi/7.3.1/../../../../arm-none-eabi/lib/thumb/v6-m/libc_nano.a(lib_a-findfp.o)
                0x0000000008008758                __sf_fake_stdin
 .rodata.__sf_fake_stdout
                0x0000000008008778       0x20 /opt/st/stm32cubeide_1.3.0_2/plugins/com.st.stm32cube.ide.mcu.externaltools.gnu-tools-for-stm32.7-2018-q2-update.linux64_1.0.0.201904181610/tools/bin/../lib/gcc/arm-none-eabi/7.3.1/../../../../arm-none-eabi/lib/thumb/v6-m/libc_nano.a(lib_a-findfp.o)
                0x0000000008008778                __sf_fake_stdout
 .rodata._vfprintf_r.str1.1
                0x0000000008008798       0x11 /opt/st/stm32cubeide_1.3.0_2/plugins/com.st.stm32cube.ide.mcu.externaltools.gnu-tools-for-stm32.7-2018-q2-update.linux64_1.0.0.201904181610/tools/bin/../lib/gcc/arm-none-eabi/7.3.1/../../../../arm-none-eabi/lib/thumb/v6-m/libc_nano.a(lib_a-nano-vfprintf.o)
 .rodata._printf_i.str1.1
                0x00000000080087a9       0x22 /opt/st/stm32cubeide_1.3.0_2/plugins/com.st.stm32cube.ide.mcu.externaltools.gnu-tools-for-stm32.7-2018-q2-update.linux64_1.0.0.201904181610/tools/bin/../lib/gcc/arm-none-eabi/7.3.1/../../../../arm-none-eabi/lib/thumb/v6-m/libc_nano.a(lib_a-nano-vfprintf_i.o)
                0x00000000080087cc                . = ALIGN (0x4)
 *fill*         0x00000000080087cb        0x1 

.ARM.extab
 *(.ARM.extab* .gnu.linkonce.armextab.*)

.ARM            0x00000000080087cc        0x8
                0x00000000080087cc                __exidx_start = .
 *(.ARM.exidx*)
 .ARM.exidx     0x00000000080087cc        0x8 /opt/st/stm32cubeide_1.3.0_2/plugins/com.st.stm32cube.ide.mcu.externaltools.gnu-tools-for-stm32.7-2018-q2-update.linux64_1.0.0.201904181610/tools/bin/../lib/gcc/arm-none-eabi/7.3.1/thumb/v6-m/libgcc.a(_udivmoddi4.o)
                0x00000000080087d4                __exidx_end = .

.rel.dyn        0x00000000080087d4        0x0
 .rel.iplt      0x00000000080087d4        0x0 /opt/st/stm32cubeide_1.3.0_2/plugins/com.st.stm32cube.ide.mcu.externaltools.gnu-tools-for-stm32.7-2018-q2-update.linux64_1.0.0.201904181610/tools/bin/../lib/gcc/arm-none-eabi/7.3.1/thumb/v6-m/crtbegin.o

.preinit_array  0x00000000080087d4        0x0
                0x00000000080087d4                PROVIDE (__preinit_array_start = .)
 *(.preinit_array*)
                0x00000000080087d4                PROVIDE (__preinit_array_end = .)

.init_array     0x00000000080087d4        0x4
                0x00000000080087d4                PROVIDE (__init_array_start = .)
 *(SORT_BY_NAME(.init_array.*))
 *(.init_array*)
 .init_array    0x00000000080087d4        0x4 /opt/st/stm32cubeide_1.3.0_2/plugins/com.st.stm32cube.ide.mcu.externaltools.gnu-tools-for-stm32.7-2018-q2-update.linux64_1.0.0.201904181610/tools/bin/../lib/gcc/arm-none-eabi/7.3.1/thumb/v6-m/crtbegin.o
                0x00000000080087d8                PROVIDE (__init_array_end = .)

.fini_array     0x00000000080087d8        0x4
                [!provide]                        PROVIDE (__fini_array_start = .)
 *(SORT_BY_NAME(.fini_array.*))
 *(.fini_array*)
 .fini_array    0x00000000080087d8        0x4 /opt/st/stm32cubeide_1.3.0_2/plugins/com.st.stm32cube.ide.mcu.externaltools.gnu-tools-for-stm32.7-2018-q2-update.linux64_1.0.0.201904181610/tools/bin/../lib/gcc/arm-none-eabi/7.3.1/thumb/v6-m/crtbegin.o
                [!provide]                        PROVIDE (__fini_array_end = .)
                0x00000000080087dc                _sidata = LOADADDR (.data)

.data           0x0000000020000000      0x234 load address 0x00000000080087dc
                0x0000000020000000                . = ALIGN (0x4)
                0x0000000020000000                _sdata = .
 *(.data)
 .data          0x0000000020000000        0x4 Application/User/bsp.o
                0x0000000020000000                LED_MODEM_PORT
 .data          0x0000000020000004        0xc Application/User/lora_driver.o
                0x0000000020000004                FWVersion
                0x0000000020000005                gFlagException
 .data          0x0000000020000010        0xc Application/User/main.o
 .data          0x000000002000001c       0x68 Drivers/BSP/Components/HTS221_Driver_HL.o
                0x000000002000001c                HTS221_T_Drv
                0x0000000020000050                HTS221_H_Drv
 .data          0x0000000020000084       0xe0 Drivers/BSP/Components/LPS22HB_Driver_HL.o
                0x0000000020000084                LPS22HB_T_ExtDrv
                0x00000000200000c0                LPS22HB_P_ExtDrv
                0x00000000200000fc                LPS22HB_T_Drv
                0x0000000020000130                LPS22HB_P_Drv
 .data          0x0000000020000164       0x68 Drivers/BSP/Components/LPS25HB_Driver_HL.o
                0x0000000020000164                LPS25HB_T_Drv
                0x0000000020000198                LPS25HB_P_Drv
 .data          0x00000000200001cc        0x4 Drivers/CMSIS/system_stm32l0xx.o
                0x00000000200001cc                SystemCoreClock
 *(.data*)
 .data._impure_ptr
                0x00000000200001d0        0x4 /opt/st/stm32cubeide_1.3.0_2/plugins/com.st.stm32cube.ide.mcu.externaltools.gnu-tools-for-stm32.7-2018-q2-update.linux64_1.0.0.201904181610/tools/bin/../lib/gcc/arm-none-eabi/7.3.1/../../../../arm-none-eabi/lib/thumb/v6-m/libc_nano.a(lib_a-impure.o)
                0x00000000200001d0                _impure_ptr
 .data.impure_data
                0x00000000200001d4       0x60 /opt/st/stm32cubeide_1.3.0_2/plugins/com.st.stm32cube.ide.mcu.externaltools.gnu-tools-for-stm32.7-2018-q2-update.linux64_1.0.0.201904181610/tools/bin/../lib/gcc/arm-none-eabi/7.3.1/../../../../arm-none-eabi/lib/thumb/v6-m/libc_nano.a(lib_a-impure.o)
                0x0000000020000234                . = ALIGN (0x4)
                0x0000000020000234                _edata = .

.igot.plt       0x0000000020000234        0x0 load address 0x0000000008008a10
 .igot.plt      0x0000000020000234        0x0 /opt/st/stm32cubeide_1.3.0_2/plugins/com.st.stm32cube.ide.mcu.externaltools.gnu-tools-for-stm32.7-2018-q2-update.linux64_1.0.0.201904181610/tools/bin/../lib/gcc/arm-none-eabi/7.3.1/thumb/v6-m/crtbegin.o
                0x0000000020000234                . = ALIGN (0x4)

.bss            0x0000000020000234      0x6fc load address 0x0000000008008a10
                0x0000000020000234                _sbss = .
                0x0000000020000234                __bss_start__ = _sbss
 *(.bss)
 .bss           0x0000000020000234       0x1c /opt/st/stm32cubeide_1.3.0_2/plugins/com.st.stm32cube.ide.mcu.externaltools.gnu-tools-for-stm32.7-2018-q2-update.linux64_1.0.0.201904181610/tools/bin/../lib/gcc/arm-none-eabi/7.3.1/thumb/v6-m/crtbegin.o
 .bss           0x0000000020000250        0xc Application/User/bsp.o
                0x0000000020000250                HUMIDITY_handle
                0x0000000020000254                TEMPERATURE_handle
                0x0000000020000258                PRESSURE_handle
 .bss           0x000000002000025c       0x71 Application/User/hw_rtc.o
 *fill*         0x00000000200002cd        0x3 
 .bss           0x00000000200002d0      0x214 Application/User/hw_usart.o
 .bss           0x00000000200004e4      0x139 Application/User/lora_driver.o
                0x00000000200004fc                SensorTimerWakeup
 *fill*         0x000000002000061d        0x3 
 .bss           0x0000000020000620       0x18 Application/User/main.o
 .bss           0x0000000020000638       0x60 Application/User/stm32l0xx_hw.o
 .bss           0x0000000020000698       0x4c Drivers/BSP/I_NUCLEO_LRWAN1/i_nucleo_lrwan1.o