stm32l0xx_hw.c:122:6:HW_DeInit	8	static
stm32l0xx_hw.c:162:6:HW_GpioInit	0	static
stm32l0xx_hw.c:183:6:SystemClock_Config	88	static
stm32l0xx_hw.c:228:10:HW_GetRandomSeed	0	static
stm32l0xx_hw.c:238:6:HW_GetUniqueId	8	static
stm32l0xx_hw.c:313:6:HW_AdcInit	8	static
stm32l0xx_hw.c:94:6:HW_Init	16	static
stm32l0xx_hw.c:351:6:HW_AdcDeInit	8	static
stm32l0xx_hw.c:362:10:HW_AdcReadChannel	32	static
stm32l0xx_hw.c:250:10:HW_GetTemperatureLevel	16	static
stm32l0xx_hw.c:289:10:HW_GetBatteryLevel	8	static
stm32l0xx_hw.c:413:6:LPM_EnterStopMode	8	static,ignoring_inline_asm
stm32l0xx_hw.c:437:6:LPM_ExitStopMode	16	static,ignoring_inline_asm
stm32l0xx_hw.c:475:6:LPM_EnterSleepMode	8	static
