sx1272.c:369:16:GetFskBandwidthRegValue	8	static
sx1272.c:1669:6:SX1272OnDio4Irq	0	static
sx1272.c:236:6:SX1272BoardInit	0	static
sx1272.c:273:14:SX1272GetStatus	0	static
sx1272.c:1061:6:SX1272Reset	40	static
sx1272.c:1149:6:SX1272WriteBuffer	16	static
sx1272.c:1137:6:SX1272Write	16	static
sx1272.c:278:6:SX1272SetChannel	16	static
sx1272.c:1166:6:SX1272ReadBuffer	16	static
sx1272.c:1142:9:SX1272Read	16	static
sx1272.c:652:10:SX1272GetTimeOnAir	40	static
sx1272.c:1042:9:SX1272ReadRssi	8	static
sx1272.c:1084:6:SX1272SetOpMode	16	static
sx1272.c:783:6:SX1272SetSleep	8	static
sx1272.c:797:6:SX1272SetStby	8	static
sx1272.c:807:6:SX1272SetRx	24	static
sx1272.c:924:6:SX1272SetTx	16	static
sx1272.c:989:6:SX1272StartCad	16	static
sx1272.c:1100:6:SX1272SetModem	8	static
sx1272.c:241:10:SX1272Init	16	static
sx1272.c:291:6:SX1272IsChannelFree	32	static
sx1272.c:327:10:SX1272Random	16	static
sx1272.c:384:6:SX1272SetRxConfig	72	static
sx1272.c:527:6:SX1272SetTxConfig	56	static
sx1272.c:1022:6:SX1272SetTxContinuousWave	56	static
sx1272.c:1565:6:SX1272OnDio2Irq	16	static
sx1272.c:1638:6:SX1272OnDio3Irq	16	static
sx1272.c:1184:6:SX1272WriteFifo	8	static
sx1272.c:709:6:SX1272Send	32	static
sx1272.c:1189:6:SX1272ReadFifo	8	static
sx1272.c:1305:6:SX1272OnDio0Irq	32	static
sx1272.c:1479:6:SX1272OnDio1Irq	16	static
sx1272.c:1194:6:SX1272SetMaxPayloadLength	16	static
sx1272.c:1212:6:SX1272SetPublicNetwork	8	static
sx1272.c:1233:6:SX1272OnTimeoutIrq	16	static
sx1272.c:1228:10:SX1272GetWakeupTime	8	static
sx1272.c:1688:6:SX1272OnDio5Irq	0	static
