sx1276mb1mas.c:122:10:SX1276GetWakeTime	0	static
sx1276mb1mas.c:127:6:SX1276SetXO	0	static
sx1276mb1mas.c:298:6:SX1276CheckRfFrequency	0	static
sx1276mb1mas.c:167:6:SX1276SetRfTxPower	16	static
sx1276mb1mas.c:130:6:SX1276IoInit	32	static
sx1276mb1mas.c:154:6:SX1276IoDeInit	32	static
sx1276mb1mas.c:146:6:SX1276IoIrqInit	16	static
sx1276mb1mas.c:257:13:SX1276AntSwInit	32	static
sx1276mb1mas.c:240:6:SX1276SetAntSwLowPower	8	static
sx1276mb1mas.c:282:6:SX1276SetAntSw	8	static
sx1276mb1mas.c:235:9:SX1276GetPaSelect	0	static
