Archive member included to satisfy reference by file (symbol)

c:/st/stm32cubeide_1.3.0/stm32cubeide/plugins/com.st.stm32cube.ide.mcu.externaltools.gnu-tools-for-stm32.7-2018-q2-update.win32_1.0.0.201904181610/tools/bin/../lib/gcc/arm-none-eabi/7.3.1/../../../../arm-none-eabi/lib/thumb/v6-m\libc_nano.a(lib_a-exit.o)
                              c:/st/stm32cubeide_1.3.0/stm32cubeide/plugins/com.st.stm32cube.ide.mcu.externaltools.gnu-tools-for-stm32.7-2018-q2-update.win32_1.0.0.201904181610/tools/bin/../lib/gcc/arm-none-eabi/7.3.1/../../../../arm-none-eabi/lib/thumb/v6-m/crt0.o (exit)
c:/st/stm32cubeide_1.3.0/stm32cubeide/plugins/com.st.stm32cube.ide.mcu.externaltools.gnu-tools-for-stm32.7-2018-q2-update.win32_1.0.0.201904181610/tools/bin/../lib/gcc/arm-none-eabi/7.3.1/../../../../arm-none-eabi/lib/thumb/v6-m\libc_nano.a(lib_a-impure.o)
                              c:/st/stm32cubeide_1.3.0/stm32cubeide/plugins/com.st.stm32cube.ide.mcu.externaltools.gnu-tools-for-stm32.7-2018-q2-update.win32_1.0.0.201904181610/tools/bin/../lib/gcc/arm-none-eabi/7.3.1/../../../../arm-none-eabi/lib/thumb/v6-m\libc_nano.a(lib_a-exit.o) (_global_impure_ptr)
c:/st/stm32cubeide_1.3.0/stm32cubeide/plugins/com.st.stm32cube.ide.mcu.externaltools.gnu-tools-for-stm32.7-2018-q2-update.win32_1.0.0.201904181610/tools/bin/../lib/gcc/arm-none-eabi/7.3.1/../../../../arm-none-eabi/lib/thumb/v6-m\libc_nano.a(lib_a-init.o)
                              c:/st/stm32cubeide_1.3.0/stm32cubeide/plugins/com.st.stm32cube.ide.mcu.externaltools.gnu-tools-for-stm32.7-2018-q2-update.win32_1.0.0.201904181610/tools/bin/../lib/gcc/arm-none-eabi/7.3.1/../../../../arm-none-eabi/lib/thumb/v6-m/crt0.o (__libc_init_array)
c:/st/stm32cubeide_1.3.0/stm32cubeide/plugins/com.st.stm32cube.ide.mcu.externaltools.gnu-tools-for-stm32.7-2018-q2-update.win32_1.0.0.201904181610/tools/bin/../lib/gcc/arm-none-eabi/7.3.1/../../../../arm-none-eabi/lib/thumb/v6-m\libc_nano.a(lib_a-memcpy-stub.o)
                              Projects/PingPong/main.o (memcpy)
c:/st/stm32cubeide_1.3.0/stm32cubeide/plugins/com.st.stm32cube.ide.mcu.externaltools.gnu-tools-for-stm32.7-2018-q2-update.win32_1.0.0.201904181610/tools/bin/../lib/gcc/arm-none-eabi/7.3.1/../../../../arm-none-eabi/lib/thumb/v6-m\libc_nano.a(lib_a-memset.o)
                              c:/st/stm32cubeide_1.3.0/stm32cubeide/plugins/com.st.stm32cube.ide.mcu.externaltools.gnu-tools-for-stm32.7-2018-q2-update.win32_1.0.0.201904181610/tools/bin/../lib/gcc/arm-none-eabi/7.3.1/../../../../arm-none-eabi/lib/thumb/v6-m/crt0.o (memset)
c:/st/stm32cubeide_1.3.0/stm32cubeide/plugins/com.st.stm32cube.ide.mcu.externaltools.gnu-tools-for-stm32.7-2018-q2-update.win32_1.0.0.201904181610/tools/bin/../lib/gcc/arm-none-eabi/7.3.1/../../../../arm-none-eabi/lib/thumb/v6-m\libc_nano.a(lib_a-strncmp.o)
                              Projects/PingPong/main.o (strncmp)
c:/st/stm32cubeide_1.3.0/stm32cubeide/plugins/com.st.stm32cube.ide.mcu.externaltools.gnu-tools-for-stm32.7-2018-q2-update.win32_1.0.0.201904181610/tools/bin/../lib/gcc/arm-none-eabi/7.3.1/../../../../arm-none-eabi/lib/thumb/v6-m\libc_nano.a(lib_a-strrchr.o)
                              Middlewares/LoRaWAN/Utilities/trace.o (strrchr)
c:/st/stm32cubeide_1.3.0/stm32cubeide/plugins/com.st.stm32cube.ide.mcu.externaltools.gnu-tools-for-stm32.7-2018-q2-update.win32_1.0.0.201904181610/tools/bin/../lib/gcc/arm-none-eabi/7.3.1/../../../../arm-none-eabi/lib/thumb/v6-m\libc_nano.a(lib_a-vsnprintf.o)
                              Middlewares/LoRaWAN/Utilities/trace.o (vsnprintf)
c:/st/stm32cubeide_1.3.0/stm32cubeide/plugins/com.st.stm32cube.ide.mcu.externaltools.gnu-tools-for-stm32.7-2018-q2-update.win32_1.0.0.201904181610/tools/bin/../lib/gcc/arm-none-eabi/7.3.1/../../../../arm-none-eabi/lib/thumb/v6-m\libc_nano.a(lib_a-nano-svfprintf.o)
                              c:/st/stm32cubeide_1.3.0/stm32cubeide/plugins/com.st.stm32cube.ide.mcu.externaltools.gnu-tools-for-stm32.7-2018-q2-update.win32_1.0.0.201904181610/tools/bin/../lib/gcc/arm-none-eabi/7.3.1/../../../../arm-none-eabi/lib/thumb/v6-m\libc_nano.a(lib_a-vsnprintf.o) (_svfprintf_r)
c:/st/stm32cubeide_1.3.0/stm32cubeide/plugins/com.st.stm32cube.ide.mcu.externaltools.gnu-tools-for-stm32.7-2018-q2-update.win32_1.0.0.201904181610/tools/bin/../lib/gcc/arm-none-eabi/7.3.1/../../../../arm-none-eabi/lib/thumb/v6-m\libc_nano.a(lib_a-nano-vfprintf_i.o)
                              c:/st/stm32cubeide_1.3.0/stm32cubeide/plugins/com.st.stm32cube.ide.mcu.externaltools.gnu-tools-for-stm32.7-2018-q2-update.win32_1.0.0.201904181610/tools/bin/../lib/gcc/arm-none-eabi/7.3.1/../../../../arm-none-eabi/lib/thumb/v6-m\libc_nano.a(lib_a-nano-svfprintf.o) (_printf_i)
c:/st/stm32cubeide_1.3.0/stm32cubeide/plugins/com.st.stm32cube.ide.mcu.externaltools.gnu-tools-for-stm32.7-2018-q2-update.win32_1.0.0.201904181610/tools/bin/../lib/gcc/arm-none-eabi/7.3.1/../../../../arm-none-eabi/lib/thumb/v6-m\libc_nano.a(lib_a-strchr.o)
[...]
Memory Configuration

Name             Origin             Length             Attributes
RAM              0x0000000020000000 0x0000000000005000 xrw
FLASH            0x0000000008000000 0x0000000000030000 xr
*default*        0x0000000000000000 0xffffffffffffffff

Linker script and memory map

LOAD c:/st/stm32cubeide_1.3.0/stm32cubeide/plugins/com.st.stm32cube.ide.mcu.externaltools.gnu-tools-for-stm32.7-2018-q2-update.win32_1.0.0.201904181610/tools/bin/../lib/gcc/arm-none-eabi/7.3.1/thumb/v6-m/crti.o
LOAD c:/st/stm32cubeide_1.3.0/stm32cubeide/plugins/com.st.stm32cube.ide.mcu.externaltools.gnu-tools-for-stm32.7-2018-q2-update.win32_1.0.0.201904181610/tools/bin/../lib/gcc/arm-none-eabi/7.3.1/thumb/v6-m/crtbegin.o
LOAD c:/st/stm32cubeide_1.3.0/stm32cubeide/plugins/com.st.stm32cube.ide.mcu.externaltools.gnu-tools-for-stm32.7-2018-q2-update.win32_1.0.0.201904181610/tools/bin/../lib/gcc/arm-none-eabi/7.3.1/../../../../arm-none-eabi/lib/thumb/v6-m/crt0.o
LOAD Drivers/BSP/Components/sx1272.o
LOAD Drivers/BSP/STM32L0xx_Nucleo/stm32l0xx_nucleo.o
LOAD Drivers/BSP/sx1272mb2das/sx1272mb2das.o
LOAD Drivers/CMSIS/system_stm32l0xx.o
LOAD Drivers/STM32L0xx_HAL_Driver/stm32l0xx_hal.o
LOAD Drivers/STM32L0xx_HAL_Driver/stm32l0xx_hal_adc.o
LOAD Drivers/STM32L0xx_HAL_Driver/stm32l0xx_hal_adc_ex.o
LOAD Drivers/STM32L0xx_HAL_Driver/stm32l0xx_hal_cortex.o
LOAD Drivers/STM32L0xx_HAL_Driver/stm32l0xx_hal_dma.o
LOAD Drivers/STM32L0xx_HAL_Driver/stm32l0xx_hal_gpio.o
LOAD Drivers/STM32L0xx_HAL_Driver/stm32l0xx_hal_i2c.o
LOAD Drivers/STM32L0xx_HAL_Driver/stm32l0xx_hal_pwr.o
LOAD Drivers/STM32L0xx_HAL_Driver/stm32l0xx_hal_pwr_ex.o
LOAD Drivers/STM32L0xx_HAL_Driver/stm32l0xx_hal_rcc.o
LOAD Drivers/STM32L0xx_HAL_Driver/stm32l0xx_hal_rcc_ex.o
LOAD Drivers/STM32L0xx_HAL_Driver/stm32l0xx_hal_rtc.o
LOAD Drivers/STM32L0xx_HAL_Driver/stm32l0xx_hal_rtc_ex.o
LOAD Drivers/STM32L0xx_HAL_Driver/stm32l0xx_hal_spi.o
LOAD Drivers/STM32L0xx_HAL_Driver/stm32l0xx_hal_tim.o
LOAD Drivers/STM32L0xx_HAL_Driver/stm32l0xx_hal_tim_ex.o
LOAD Drivers/STM32L0xx_HAL_Driver/stm32l0xx_hal_uart.o
LOAD Drivers/STM32L0xx_HAL_Driver/stm32l0xx_hal_uart_ex.o
LOAD Middlewares/LoRaWAN/Utilities/low_power_manager.o
LOAD Middlewares/LoRaWAN/Utilities/queue.o
LOAD Middlewares/LoRaWAN/Utilities/timeServer.o
LOAD Middlewares/LoRaWAN/Utilities/trace.o
LOAD Middlewares/LoRaWAN/Utilities/utilities.o
LOAD Projects/PingPong/debug.o
LOAD Projects/PingPong/hw_gpio.o
LOAD Projects/PingPong/hw_rtc.o
LOAD Projects/PingPong/hw_spi.o
LOAD Projects/PingPong/main.o
LOAD Projects/PingPong/stm32l0xx_hal_msp.o
LOAD Projects/PingPong/stm32l0xx_hw.o
LOAD Projects/PingPong/stm32l0xx_it.o
LOAD Projects/PingPong/vcom.o
LOAD Projects/SW4STM32/startup_stm32l073xx.o
START GROUP
LOAD c:/st/stm32cubeide_1.3.0/stm32cubeide/plugins/com.st.stm32cube.ide.mcu.externaltools.gnu-tools-for-stm32.7-2018-q2-update.win32_1.0.0.201904181610/tools/bin/../lib/gcc/arm-none-eabi/7.3.1/../../../../arm-none-eabi/lib/thumb/v6-m\libc_nano.a
LOAD c:/st/stm32cubeide_1.3.0/stm32cubeide/plugins/com.st.stm32cube.ide.mcu.externaltools.gnu-tools-for-stm32.7-2018-q2-update.win32_1.0.0.201904181610/tools/bin/../lib/gcc/arm-none-eabi/7.3.1/../../../../arm-none-eabi/lib/thumb/v6-m\libm.a
END GROUP
START GROUP
LOAD c:/st/stm32cubeide_1.3.0/stm32cubeide/plugins/com.st.stm32cube.ide.mcu.externaltools.gnu-tools-for-stm32.7-2018-q2-update.win32_1.0.0.201904181610/tools/bin/../lib/gcc/arm-none-eabi/7.3.1/thumb/v6-m\libgcc.a
LOAD c:/st/stm32cubeide_1.3.0/stm32cubeide/plugins/com.st.stm32cube.ide.mcu.externaltools.gnu-tools-for-stm32.7-2018-q2-update.win32_1.0.0.201904181610/tools/bin/../lib/gcc/arm-none-eabi/7.3.1/../../../../arm-none-eabi/lib/thumb/v6-m\libc_nano.a
END GROUP
START GROUP
LOAD c:/st/stm32cubeide_1.3.0/stm32cubeide/plugins/com.st.stm32cube.ide.mcu.externaltools.gnu-tools-for-stm32.7-2018-q2-update.win32_1.0.0.201904181610/tools/bin/../lib/gcc/arm-none-eabi/7.3.1/thumb/v6-m\libgcc.a
LOAD c:/st/stm32cubeide_1.3.0/stm32cubeide/plugins/com.st.stm32cube.ide.mcu.externaltools.gnu-tools-for-stm32.7-2018-q2-update.win32_1.0.0.201904181610/tools/bin/../lib/gcc/arm-none-eabi/7.3.1/../../../../arm-none-eabi/lib/thumb/v6-m\libc_nano.a
LOAD c:/st/stm32cubeide_1.3.0/stm32cubeide/plugins/com.st.stm32cube.ide.mcu.externaltools.gnu-tools-for-stm32.7-2018-q2-update.win32_1.0.0.201904181610/tools/bin/../lib/gcc/arm-none-eabi/7.3.1/../../../../arm-none-eabi/lib/thumb/v6-m\libnosys.a
END GROUP
START GROUP
LOAD c:/st/stm32cubeide_1.3.0/stm32cubeide/plugins/com.st.stm32cube.ide.mcu.externaltools.gnu-tools-for-stm32.7-2018-q2-update.win32_1.0.0.201904181610/tools/bin/../lib/gcc/arm-none-eabi/7.3.1/thumb/v6-m\libgcc.a
LOAD c:/st/stm32cubeide_1.3.0/stm32cubeide/plugins/com.st.stm32cube.ide.mcu.externaltools.gnu-tools-for-stm32.7-2018-q2-update.win32_1.0.0.201904181610/tools/bin/../lib/gcc/arm-none-eabi/7.3.1/../../../../arm-none-eabi/lib/thumb/v6-m\libc_nano.a
LOAD c:/st/stm32cubeide_1.3.0/stm32cubeide/plugins/com.st.stm32cube.ide.mcu.externaltools.gnu-tools-for-stm32.7-2018-q2-update.win32_1.0.0.201904181610/tools/bin/../lib/gcc/arm-none-eabi/7.3.1/../../../../arm-none-eabi/lib/thumb/v6-m\libnosys.a
END GROUP
LOAD c:/st/stm32cubeide_1.3.0/stm32cubeide/plugins/com.st.stm32cube.ide.mcu.externaltools.gnu-tools-for-stm32.7-2018-q2-update.win32_1.0.0.201904181610/tools/bin/../lib/gcc/arm-none-eabi/7.3.1/thumb/v6-m/crtend.o
LOAD c:/st/stm32cubeide_1.3.0/stm32cubeide/plugins/com.st.stm32cube.ide.mcu.externaltools.gnu-tools-for-stm32.7-2018-q2-update.win32_1.0.0.201904181610/tools/bin/../lib/gcc/arm-none-eabi/7.3.1/thumb/v6-m/crtn.o
                0x0000000020005000                _estack = 0x20005000
                0x0000000000000200                _Min_Heap_Size = 0x200
                0x0000000000000400                _Min_Stack_Size = 0x400

.isr_vector     0x0000000008000000       0xc0
                0x0000000008000000                . = ALIGN (0x4)
 *(.isr_vector)
 .isr_vector    0x0000000008000000       0xc0 Projects/SW4STM32/startup_stm32l073xx.o
                0x0000000008000000                g_pfnVectors
                0x00000000080000c0                . = ALIGN (0x4)

.text           0x00000000080000c0     0x7928
                0x00000000080000c0                . = ALIGN (0x4)
 *(.text)
 .text          0x00000000080000c0       0x48 c:/st/stm32cubeide_1.3.0/stm32cubeide/plugins/com.st.stm32cube.ide.mcu.externaltools.gnu-tools-for-stm32.7-2018-q2-update.win32_1.0.0.201904181610/tools/bin/../lib/gcc/arm-none-eabi/7.3.1/thumb/v6-m/crtbegin.o
 .text          0x0000000008000108       0x14 c:/st/stm32cubeide_1.3.0/stm32cubeide/plugins/com.st.stm32cube.ide.mcu.externaltools.gnu-tools-for-stm32.7-2018-q2-update.win32_1.0.0.201904181610/tools/bin/../lib/gcc/arm-none-eabi/7.3.1/thumb/v6-m\libgcc.a(_thumb1_case_uqi.o)
                0x0000000008000108                __gnu_thumb1_case_uqi
 .text          0x000000000800011c      0x114 c:/st/stm32cubeide_1.3.0/stm32cubeide/plugins/com.st.stm32cube.ide.mcu.externaltools.gnu-tools-for-stm32.7-2018-q2-update.win32_1.0.0.201904181610/tools/bin/../lib/gcc/arm-none-eabi/7.3.1/thumb/v6-m\libgcc.a(_udivsi3.o)
                0x000000000800011c                __aeabi_uidiv
                0x000000000800011c                __udivsi3
                0x0000000008000228                __aeabi_uidivmod
 .text          0x0000000008000230      0x1d4 c:/st/stm32cubeide_1.3.0/stm32cubeide/plugins/com.st.stm32cube.ide.mcu.externaltools.gnu-tools-for-stm32.7-2018-q2-update.win32_1.0.0.201904181610/tools/bin/../lib/gcc/arm-none-eabi/7.3.1/thumb/v6-m\libgcc.a(_divsi3.o)
                0x0000000008000230                __divsi3
                0x0000000008000230                __aeabi_idiv
                0x00000000080003fc                __aeabi_idivmod
 .text          0x0000000008000404        0x4 c:/st/stm32cubeide_1.3.0/stm32cubeide/plugins/com.st.stm32cube.ide.mcu.externaltools.gnu-tools-for-stm32.7-2018-q2-update.win32_1.0.0.201904181610/tools/bin/../lib/gcc/arm-none-eabi/7.3.1/thumb/v6-m\libgcc.a(_dvmd_tls.o)
                0x0000000008000404                __aeabi_idiv0
                0x0000000008000404                __aeabi_ldiv0
 .text          0x0000000008000408       0x7c c:/st/stm32cubeide_1.3.0/stm32cubeide/plugins/com.st.stm32cube.ide.mcu.externaltools.gnu-tools-for-stm32.7-2018-q2-update.win32_1.0.0.201904181610/tools/bin/../lib/gcc/arm-none-eabi/7.3.1/thumb/v6-m\libgcc.a(_arm_cmpdf2.o)
                0x0000000008000408                __aeabi_cdrcmple
                0x0000000008000418                __aeabi_cdcmple
                0x0000000008000418                __aeabi_cdcmpeq
                0x0000000008000428                __aeabi_dcmpeq
                0x0000000008000434                __aeabi_dcmplt
                0x0000000008000448                __aeabi_dcmple
                0x000000000800045c                __aeabi_dcmpgt
                0x0000000008000470                __aeabi_dcmpge
 .text          0x0000000008000484       0x40 c:/st/stm32cubeide_1.3.0/stm32cubeide/plugins/com.st.stm32cube.ide.mcu.externaltools.gnu-tools-for-stm32.7-2018-q2-update.win32_1.0.0.201904181610/tools/bin/../lib/gcc/arm-none-eabi/7.3.1/thumb/v6-m\libgcc.a(_aeabi_uldivmod.o)
                0x0000000008000484                __aeabi_uldivmod
 .text          0x00000000080004c4       0x3c c:/st/stm32cubeide_1.3.0/stm32cubeide/plugins/com.st.stm32cube.ide.mcu.externaltools.gnu-tools-for-stm32.7-2018-q2-update.win32_1.0.0.201904181610/tools/bin/../lib/gcc/arm-none-eabi/7.3.1/thumb/v6-m\libgcc.a(_fixunsdfsi.o)
                0x00000000080004c4                __aeabi_d2uiz
                0x00000000080004c4                __fixunsdfsi
 .text          0x0000000008000500      0x184 c:/st/stm32cubeide_1.3.0/stm32cubeide/plugins/com.st.stm32cube.ide.mcu.externaltools.gnu-tools-for-stm32.7-2018-q2-update.win32_1.0.0.201904181610/tools/bin/../lib/gcc/arm-none-eabi/7.3.1/thumb/v6-m\libgcc.a(_udivmoddi4.o)
                0x0000000008000500                __udivmoddi4
 .text          0x0000000008000684      0x638 c:/st/stm32cubeide_1.3.0/stm32cubeide/plugins/com.st.stm32cube.ide.mcu.externaltools.gnu-tools-for-stm32.7-2018-q2-update.win32_1.0.0.201904181610/tools/bin/../lib/gcc/arm-none-eabi/7.3.1/thumb/v6-m\libgcc.a(adddf3.o)
                0x0000000008000684                __aeabi_dadd
 .text          0x0000000008000cbc      0x604 c:/st/stm32cubeide_1.3.0/stm32cubeide/plugins/com.st.stm32cube.ide.mcu.externaltools.gnu-tools-for-stm32.7-2018-q2-update.win32_1.0.0.201904181610/tools/bin/../lib/gcc/arm-none-eabi/7.3.1/thumb/v6-m\libgcc.a(divdf3.o)
                0x0000000008000cbc                __aeabi_ddiv
 .text          0x00000000080012c0       0x78 c:/st/stm32cubeide_1.3.0/stm32cubeide/plugins/com.st.stm32cube.ide.mcu.externaltools.gnu-tools-for-stm32.7-2018-q2-update.win32_1.0.0.201904181610/tools/bin/../lib/gcc/arm-none-eabi/7.3.1/thumb/v6-m\libgcc.a(eqdf2.o)
                0x00000000080012c0                __nedf2
                0x00000000080012c0                __eqdf2
 .text          0x0000000008001338       0xc8 c:/st/stm32cubeide_1.3.0/stm32cubeide/plugins/com.st.stm32cube.ide.mcu.externaltools.gnu-tools-for-stm32.7-2018-q2-update.win32_1.0.0.201904181610/tools/bin/../lib/gcc/arm-none-eabi/7.3.1/thumb/v6-m\libgcc.a(gedf2.o)
                0x0000000008001338                __gedf2
                0x0000000008001338                __gtdf2
 .text          0x0000000008001400       0xd0 c:/st/stm32cubeide_1.3.0/stm32cubeide/plugins/com.st.stm32cube.ide.mcu.externaltools.gnu-tools-for-stm32.7-2018-q2-update.win32_1.0.0.201904181610/tools/bin/../lib/gcc/arm-none-eabi/7.3.1/thumb/v6-m\libgcc.a(ledf2.o)
                0x0000000008001400                __ledf2
                0x0000000008001400                __ltdf2
 .text          0x00000000080014d0      0x4e4 c:/st/stm32cubeide_1.3.0/stm32cubeide/plugins/com.st.stm32cube.ide.mcu.externaltools.gnu-tools-for-stm32.7-2018-q2-update.win32_1.0.0.201904181610/tools/bin/../lib/gcc/arm-none-eabi/7.3.1/thumb/v6-m\libgcc.a(muldf3.o)
                0x00000000080014d0                __aeabi_dmul
 .text          0x00000000080019b4      0x690 c:/st/stm32cubeide_1.3.0/stm32cubeide/plugins/com.st.stm32cube.ide.mcu.externaltools.gnu-tools-for-stm32.7-2018-q2-update.win32_1.0.0.201904181610/tools/bin/../lib/gcc/arm-none-eabi/7.3.1/thumb/v6-m\libgcc.a(subdf3.o)
                0x00000000080019b4                __aeabi_dsub
 .text          0x0000000008002044       0x6c c:/st/stm32cubeide_1.3.0/stm32cubeide/plugins/com.st.stm32cube.ide.mcu.externaltools.gnu-tools-for-stm32.7-2018-q2-update.win32_1.0.0.201904181610/tools/bin/../lib/gcc/arm-none-eabi/7.3.1/thumb/v6-m\libgcc.a(fixdfsi.o)
                0x0000000008002044                __aeabi_d2iz
 .text          0x00000000080020b0       0x74 c:/st/stm32cubeide_1.3.0/stm32cubeide/plugins/com.st.stm32cube.ide.mcu.externaltools.gnu-tools-for-stm32.7-2018-q2-update.win32_1.0.0.201904181610/tools/bin/../lib/gcc/arm-none-eabi/7.3.1/thumb/v6-m\libgcc.a(floatsidf.o)
                0x00000000080020b0                __aeabi_i2d
 .text          0x0000000008002124       0x64 c:/st/stm32cubeide_1.3.0/stm32cubeide/plugins/com.st.stm32cube.ide.mcu.externaltools.gnu-tools-for-stm32.7-2018-q2-update.win32_1.0.0.201904181610/tools/bin/../lib/gcc/arm-none-eabi/7.3.1/thumb/v6-m\libgcc.a(floatunsidf.o)
                0x0000000008002124                __aeabi_ui2d
 .text          0x0000000008002188       0x3c c:/st/stm32cubeide_1.3.0/stm32cubeide/plugins/com.st.stm32cube.ide.mcu.externaltools.gnu-tools-for-stm32.7-2018-q2-update.win32_1.0.0.201904181610/tools/bin/../lib/gcc/arm-none-eabi/7.3.1/thumb/v6-m\libgcc.a(_clzsi2.o)
                0x0000000008002188                __clzsi2
 .text          0x00000000080021c4       0x18 c:/st/stm32cubeide_1.3.0/stm32cubeide/plugins/com.st.stm32cube.ide.mcu.externaltools.gnu-tools-for-stm32.7-2018-q2-update.win32_1.0.0.201904181610/tools/bin/../lib/gcc/arm-none-eabi/7.3.1/thumb/v6-m\libgcc.a(_clzdi2.o)
                0x00000000080021c4                __clzdi2
 *(.text*)
 .text.GetFskBandwidthRegValue
                0x00000000080021dc       0x28 Drivers/BSP/Components/sx1272.o
 .text.SX1272OnDio4Irq
                0x0000000008002204       0x1c Drivers/BSP/Components/sx1272.o
                0x0000000008002204                SX1272OnDio4Irq
 .text.SX1272BoardInit
                0x0000000008002220        0xc Drivers/BSP/Components/sx1272.o
                0x0000000008002220                SX1272BoardInit
 .text.SX1272GetStatus
                0x000000000800222c        0xc Drivers/BSP/Components/sx1272.o
                0x000000000800222c                SX1272GetStatus
 .text.SX1272Reset
                0x0000000008002238       0x4c Drivers/BSP/Components/sx1272.o
                0x0000000008002238                SX1272Reset
 .text.SX1272WriteBuffer
                0x0000000008002284       0x3c Drivers/BSP/Components/sx1272.o
                0x0000000008002284                SX1272WriteBuffer
 .text.SX1272Write
                0x00000000080022c0       0x12 Drivers/BSP/Components/sx1272.o
                0x00000000080022c0                SX1272Write
 *fill*         0x00000000080022d2        0x2 
 .text.SX1272SetChannel
                0x00000000080022d4       0x54 Drivers/BSP/Components/sx1272.o
                0x00000000080022d4                SX1272SetChannel
 .text.SX1272ReadBuffer
                0x0000000008002328       0x3c Drivers/BSP/Components/sx1272.o
                0x0000000008002328                SX1272ReadBuffer
 .text.SX1272Read
                0x0000000008002364       0x12 Drivers/BSP/Components/sx1272.o
                0x0000000008002364                SX1272Read
 *fill*         0x0000000008002376        0x2 
 .text.SX1272GetTimeOnAir
                0x0000000008002378      0x1ec Drivers/BSP/Components/sx1272.o
                0x0000000008002378                SX1272GetTimeOnAir
 .text.SX1272ReadRssi
                0x0000000008002564       0x2a Drivers/BSP/Components/sx1272.o
                0x0000000008002564                SX1272ReadRssi
 *fill*         0x000000000800258e        0x2 
 .text.SX1272SetOpMode
                0x0000000008002590       0x44 Drivers/BSP/Components/sx1272.o
                0x0000000008002590                SX1272SetOpMode
 .text.SX1272SetSleep
                0x00000000080025d4       0x40 Drivers/BSP/Components/sx1272.o
                0x00000000080025d4                SX1272SetSleep
 .text.SX1272SetStby
                0x0000000008002614       0x34 Drivers/BSP/Components/sx1272.o
                0x0000000008002614                SX1272SetStby
 .text.SX1272SetRx
                0x0000000008002648      0x150 Drivers/BSP/Components/sx1272.o
                0x0000000008002648                SX1272SetRx
 .text.SX1272SetTx
                0x0000000008002798       0xac Drivers/BSP/Components/sx1272.o
                0x0000000008002798                SX1272SetTx
 .text.SX1272StartCad
                0x0000000008002844       0x34 Drivers/BSP/Components/sx1272.o
                0x0000000008002844                SX1272StartCad
 .text.SX1272SetModem
                0x0000000008002878       0x74 Drivers/BSP/Components/sx1272.o
                0x0000000008002878                SX1272SetModem
 .text.SX1272Init
                0x00000000080028ec       0x8c Drivers/BSP/Components/sx1272.o
                0x00000000080028ec                SX1272Init
 .text.SX1272IsChannelFree
                0x0000000008002978       0x58 Drivers/BSP/Components/sx1272.o
                0x0000000008002978                SX1272IsChannelFree
 .text.SX1272Random
                0x00000000080029d0       0x3c Drivers/BSP/Components/sx1272.o
                0x00000000080029d0                SX1272Random
 .text.SX1272SetRxConfig
                0x0000000008002a0c      0x2cc Drivers/BSP/Components/sx1272.o
                0x0000000008002a0c                SX1272SetRxConfig
 .text.SX1272SetTxConfig
                0x0000000008002cd8      0x250 Drivers/BSP/Components/sx1272.o
                0x0000000008002cd8                SX1272SetTxConfig
 .text.SX1272SetTxContinuousWave
                0x0000000008002f28       0x80 Drivers/BSP/Components/sx1272.o
                0x0000000008002f28                SX1272SetTxContinuousWave
 .text.SX1272OnDio2Irq
                0x0000000008002fa8       0xc0 Drivers/BSP/Components/sx1272.o
                0x0000000008002fa8                SX1272OnDio2Irq
 .text.SX1272OnDio3Irq
                0x0000000008003068       0x54 Drivers/BSP/Components/sx1272.o
                0x0000000008003068                SX1272OnDio3Irq
 .text.SX1272WriteFifo
                0x00000000080030bc        0xe Drivers/BSP/Components/sx1272.o
                0x00000000080030bc                SX1272WriteFifo
 *fill*         0x00000000080030ca        0x2 
 .text.SX1272Send
                0x00000000080030cc       0xf8 Drivers/BSP/Components/sx1272.o
                0x00000000080030cc                SX1272Send
 .text.SX1272ReadFifo
                0x00000000080031c4        0xe Drivers/BSP/Components/sx1272.o
                0x00000000080031c4                SX1272ReadFifo
 *fill*         0x00000000080031d2        0x2 
 .text.SX1272OnDio0Irq
                0x00000000080031d4      0x23c Drivers/BSP/Components/sx1272.o
                0x00000000080031d4                SX1272OnDio0Irq
 .text.SX1272OnDio1Irq
                0x0000000008003410       0xe0 Drivers/BSP/Components/sx1272.o
                0x0000000008003410                SX1272OnDio1Irq
 .text.SX1272SetMaxPayloadLength
                0x00000000080034f0       0x34 Drivers/BSP/Components/sx1272.o
                0x00000000080034f0                SX1272SetMaxPayloadLength
 .text.SX1272SetPublicNetwork
                0x0000000008003524       0x24 Drivers/BSP/Components/sx1272.o
                0x0000000008003524                SX1272SetPublicNetwork
 .text.SX1272OnTimeoutIrq
                0x0000000008003548       0xc0 Drivers/BSP/Components/sx1272.o
                0x0000000008003548                SX1272OnTimeoutIrq
 .text.SX1272GetWakeupTime
                0x0000000008003608       0x14 Drivers/BSP/Components/sx1272.o
                0x0000000008003608                SX1272GetWakeupTime
 .text.SX1272GetWakeTime
                0x000000000800361c        0x4 Drivers/BSP/sx1272mb2das/sx1272mb2das.o
                0x000000000800361c                SX1272GetWakeTime
 .text.SX1272SetXO
                0x0000000008003620        0x2 Drivers/BSP/sx1272mb2das/sx1272mb2das.o
                0x0000000008003620                SX1272SetXO
 .text.SX1272SetAntSwLowPower
                0x0000000008003622        0x2 Drivers/BSP/sx1272mb2das/sx1272mb2das.o
                0x0000000008003622                SX1272SetAntSwLowPower
 .text.SX1272SetAntSw
                0x0000000008003624       0x14 Drivers/BSP/sx1272mb2das/sx1272mb2das.o
                0x0000000008003624                SX1272SetAntSw
 .text.SX1272CheckRfFrequency
                0x0000000008003638        0x4 Drivers/BSP/sx1272mb2das/sx1272mb2das.o
                0x0000000008003638                SX1272CheckRfFrequency
 .text.SX1272SetRfTxPower
                0x000000000800363c       0x44 Drivers/BSP/sx1272mb2das/sx1272mb2das.o
                0x000000000800363c                SX1272SetRfTxPower
 .text.SX1272IoInit
                0x0000000008003680       0x60 Drivers/BSP/sx1272mb2das/sx1272mb2das.o
                0x0000000008003680                SX1272IoInit
 .text.SX1272IoDeInit
                0x00000000080036e0       0x50 Drivers/BSP/sx1272mb2das/sx1272mb2das.o
                0x00000000080036e0                SX1272IoDeInit
 .text.SX1272IoIrqInit
                0x0000000008003730       0x40 Drivers/BSP/sx1272mb2das/sx1272mb2das.o
                0x0000000008003730                SX1272IoIrqInit
 .text.SystemInit
                0x0000000008003770       0x5c Drivers/CMSIS/system_stm32l0xx.o
                0x0000000008003770                SystemInit
 .text.HAL_Init
                0x00000000080037cc       0x28 Drivers/STM32L0xx_HAL_Driver/stm32l0xx_hal.o
                0x00000000080037cc                HAL_Init
 .text.HAL_IncTick
                0x00000000080037f4       0x10 Drivers/STM32L0xx_HAL_Driver/stm32l0xx_hal.o
                0x00000000080037f4                HAL_IncTick
 .text.HAL_GetTick
                0x0000000008003804        0xc Drivers/STM32L0xx_HAL_Driver/stm32l0xx_hal.o
                0x0000000008003804                HAL_GetTick
 .text.HAL_DBGMCU_DisableDBGSleepMode
                0x0000000008003810       0x10 Drivers/STM32L0xx_HAL_Driver/stm32l0xx_hal.o
                0x0000000008003810                HAL_DBGMCU_DisableDBGSleepMode
 .text.HAL_DBGMCU_DisableDBGStopMode
                0x0000000008003820       0x10 Drivers/STM32L0xx_HAL_Driver/stm32l0xx_hal.o
                0x0000000008003820                HAL_DBGMCU_DisableDBGStopMode
 .text.HAL_DBGMCU_DisableDBGStandbyMode
                0x0000000008003830       0x10 Drivers/STM32L0xx_HAL_Driver/stm32l0xx_hal.o
                0x0000000008003830                HAL_DBGMCU_DisableDBGStandbyMode
 .text.ADC_Disable
                0x0000000008003840       0x68 Drivers/STM32L0xx_HAL_Driver/stm32l0xx_hal_adc.o
 .text.ADC_ConversionStop
                0x00000000080038a8       0x52 Drivers/STM32L0xx_HAL_Driver/stm32l0xx_hal_adc.o
 .text.HAL_ADC_MspInit
                0x00000000080038fa        0x2 Drivers/STM32L0xx_HAL_Driver/stm32l0xx_hal_adc.o
                0x00000000080038fa                HAL_ADC_MspInit
 .text.HAL_ADC_Init
                0x00000000080038fc      0x1b0 Drivers/STM32L0xx_HAL_Driver/stm32l0xx_hal_adc.o
                0x00000000080038fc                HAL_ADC_Init
 .text.HAL_ADC_MspDeInit
                0x0000000008003aac        0x2 Drivers/STM32L0xx_HAL_Driver/stm32l0xx_hal_adc.o
                0x0000000008003aac                HAL_ADC_MspDeInit
 *fill*         0x0000000008003aae        0x2 
 .text.HAL_ADC_DeInit
                0x0000000008003ab0       0xa8 Drivers/STM32L0xx_HAL_Driver/stm32l0xx_hal_adc.o
                0x0000000008003ab0                HAL_ADC_DeInit
 .text.HAL_NVIC_SetPriority
                0x0000000008003b58       0x54 Drivers/STM32L0xx_HAL_Driver/stm32l0xx_hal_cortex.o
                0x0000000008003b58                HAL_NVIC_SetPriority
 .text.HAL_NVIC_EnableIRQ
                0x0000000008003bac       0x18 Drivers/STM32L0xx_HAL_Driver/stm32l0xx_hal_cortex.o
                0x0000000008003bac                HAL_NVIC_EnableIRQ
 .text.HAL_DMA_Init
                0x0000000008003bc4       0x88 Drivers/STM32L0xx_HAL_Driver/stm32l0xx_hal_dma.o
                0x0000000008003bc4                HAL_DMA_Init
 .text.HAL_DMA_Start_IT
                0x0000000008003c4c       0x80 Drivers/STM32L0xx_HAL_Driver/stm32l0xx_hal_dma.o
                0x0000000008003c4c                HAL_DMA_Start_IT
 .text.HAL_DMA_Abort_IT
                0x0000000008003ccc       0x4a Drivers/STM32L0xx_HAL_Driver/stm32l0xx_hal_dma.o
                0x0000000008003ccc                HAL_DMA_Abort_IT
 .text.HAL_DMA_IRQHandler
                0x0000000008003d16       0x96 Drivers/STM32L0xx_HAL_Driver/stm32l0xx_hal_dma.o
                0x0000000008003d16                HAL_DMA_IRQHandler
 .text.HAL_GPIO_Init
                0x0000000008003dac      0x174 Drivers/STM32L0xx_HAL_Driver/stm32l0xx_hal_gpio.o
                0x0000000008003dac                HAL_GPIO_Init
 .text.HAL_GPIO_WritePin
                0x0000000008003f20        0xc Drivers/STM32L0xx_HAL_Driver/stm32l0xx_hal_gpio.o
                0x0000000008003f20                HAL_GPIO_WritePin
 .text.HAL_GPIO_EXTI_IRQHandler
                0x0000000008003f2c       0x18 Drivers/STM32L0xx_HAL_Driver/stm32l0xx_hal_gpio.o
                0x0000000008003f2c                HAL_GPIO_EXTI_IRQHandler
 .text.HAL_PWR_DisablePVD
                0x0000000008003f44       0x10 Drivers/STM32L0xx_HAL_Driver/stm32l0xx_hal_pwr.o
                0x0000000008003f44                HAL_PWR_DisablePVD
 .text.HAL_PWR_EnterSLEEPMode
                0x0000000008003f54       0x34 Drivers/STM32L0xx_HAL_Driver/stm32l0xx_hal_pwr.o
                0x0000000008003f54                HAL_PWR_EnterSLEEPMode
 .text.HAL_PWR_EnterSTOPMode
                0x0000000008003f88       0x38 Drivers/STM32L0xx_HAL_Driver/stm32l0xx_hal_pwr.o
                0x0000000008003f88                HAL_PWR_EnterSTOPMode
 .text.HAL_PWREx_EnableFastWakeUp
                0x0000000008003fc0       0x14 Drivers/STM32L0xx_HAL_Driver/stm32l0xx_hal_pwr_ex.o
                0x0000000008003fc0                HAL_PWREx_EnableFastWakeUp
 .text.HAL_PWREx_EnableUltraLowPower
                0x0000000008003fd4       0x14 Drivers/STM32L0xx_HAL_Driver/stm32l0xx_hal_pwr_ex.o
                0x0000000008003fd4                HAL_PWREx_EnableUltraLowPower
 .text.HAL_RCC_GetSysClockFreq
                0x0000000008003fe8       0x80 Drivers/STM32L0xx_HAL_Driver/stm32l0xx_hal_rcc.o
                0x0000000008003fe8                HAL_RCC_GetSysClockFreq
 .text.HAL_RCC_OscConfig
                0x0000000008004068      0x518 Drivers/STM32L0xx_HAL_Driver/stm32l0xx_hal_rcc.o
                0x0000000008004068                HAL_RCC_OscConfig
 .text.HAL_RCC_ClockConfig
                0x0000000008004580      0x170 Drivers/STM32L0xx_HAL_Driver/stm32l0xx_hal_rcc.o
                0x0000000008004580                HAL_RCC_ClockConfig
 .text.HAL_RCC_GetPCLK1Freq
                0x00000000080046f0       0x20 Drivers/STM32L0xx_HAL_Driver/stm32l0xx_hal_rcc.o
                0x00000000080046f0                HAL_RCC_GetPCLK1Freq
 .text.HAL_RCC_GetPCLK2Freq
                0x0000000008004710       0x20 Drivers/STM32L0xx_HAL_Driver/stm32l0xx_hal_rcc.o
                0x0000000008004710                HAL_RCC_GetPCLK2Freq
 .text.HAL_RCCEx_PeriphCLKConfig
                0x0000000008004730      0x1d4 Drivers/STM32L0xx_HAL_Driver/stm32l0xx_hal_rcc_ex.o
                0x0000000008004730                HAL_RCCEx_PeriphCLKConfig
 .text.HAL_RTC_DeactivateAlarm
                0x0000000008004904       0xc0 Drivers/STM32L0xx_HAL_Driver/stm32l0xx_hal_rtc.o
                0x0000000008004904                HAL_RTC_DeactivateAlarm
 .text.HAL_RTC_WaitForSynchro
                0x00000000080049c4       0x34 Drivers/STM32L0xx_HAL_Driver/stm32l0xx_hal_rtc.o
                0x00000000080049c4                HAL_RTC_WaitForSynchro
 .text.RTC_EnterInitMode
                0x00000000080049f8       0x38 Drivers/STM32L0xx_HAL_Driver/stm32l0xx_hal_rtc.o
                0x00000000080049f8                RTC_EnterInitMode
 .text.HAL_RTC_Init
                0x0000000008004a30       0xb8 Drivers/STM32L0xx_HAL_Driver/stm32l0xx_hal_rtc.o
                0x0000000008004a30                HAL_RTC_Init
 .text.RTC_ByteToBcd2
                0x0000000008004ae8       0x16 Drivers/STM32L0xx_HAL_Driver/stm32l0xx_hal_rtc.o
                0x0000000008004ae8                RTC_ByteToBcd2
 *fill*         0x0000000008004afe        0x2 
 .text.HAL_RTC_SetTime
                0x0000000008004b00      0x100 Drivers/STM32L0xx_HAL_Driver/stm32l0xx_hal_rtc.o
                0x0000000008004b00                HAL_RTC_SetTime
 .text.HAL_RTC_SetDate
                0x0000000008004c00       0xd8 Drivers/STM32L0xx_HAL_Driver/stm32l0xx_hal_rtc.o
                0x0000000008004c00                HAL_RTC_SetDate
 .text.HAL_RTC_SetAlarm_IT
                0x0000000008004cd8      0x190 Drivers/STM32L0xx_HAL_Driver/stm32l0xx_hal_rtc.o
                0x0000000008004cd8                HAL_RTC_SetAlarm_IT
 .text.RTC_Bcd2ToByte
                0x0000000008004e68       0x10 Drivers/STM32L0xx_HAL_Driver/stm32l0xx_hal_rtc.o
                0x0000000008004e68                RTC_Bcd2ToByte
 .text.HAL_RTC_GetTime
                0x0000000008004e78       0x54 Drivers/STM32L0xx_HAL_Driver/stm32l0xx_hal_rtc.o
                0x0000000008004e78                HAL_RTC_GetTime
 .text.HAL_RTC_GetDate
                0x0000000008004ecc       0x44 Drivers/STM32L0xx_HAL_Driver/stm32l0xx_hal_rtc.o
                0x0000000008004ecc                HAL_RTC_GetDate
 .text.HAL_RTCEx_EnableBypassShadow
                0x0000000008004f10       0x34 Drivers/STM32L0xx_HAL_Driver/stm32l0xx_hal_rtc_ex.o
                0x0000000008004f10                HAL_RTCEx_EnableBypassShadow
 .text.SPI_WaitFlagStateUntilTimeout.constprop.7
                0x0000000008004f44       0x84 Drivers/STM32L0xx_HAL_Driver/stm32l0xx_hal_spi.o
 .text.SPI_EndRxTxTransaction
                0x0000000008004fc8       0x3e Drivers/STM32L0xx_HAL_Driver/stm32l0xx_hal_spi.o
 .text.HAL_SPI_MspInit
                0x0000000008005006        0x2 Drivers/STM32L0xx_HAL_Driver/stm32l0xx_hal_spi.o
                0x0000000008005006                HAL_SPI_MspInit
 .text.HAL_SPI_Init
                0x0000000008005008       0x80 Drivers/STM32L0xx_HAL_Driver/stm32l0xx_hal_spi.o
                0x0000000008005008                HAL_SPI_Init
 .text.HAL_SPI_TransmitReceive
                0x0000000008005088      0x1e6 Drivers/STM32L0xx_HAL_Driver/stm32l0xx_hal_spi.o
                0x0000000008005088                HAL_SPI_TransmitReceive
 *fill*         0x000000000800526e        0x2 
 .text.UART_EndRxTransfer
                0x0000000008005270       0x24 Drivers/STM32L0xx_HAL_Driver/stm32l0xx_hal_uart.o
 .text.HAL_UART_Transmit_DMA
                0x0000000008005294       0xa0 Drivers/STM32L0xx_HAL_Driver/stm32l0xx_hal_uart.o
                0x0000000008005294                HAL_UART_Transmit_DMA
 .text.UART_DMATransmitCplt
                0x0000000008005334       0x30 Drivers/STM32L0xx_HAL_Driver/stm32l0xx_hal_uart.o
 .text.HAL_UART_TxHalfCpltCallback
                0x0000000008005364        0x2 Drivers/STM32L0xx_HAL_Driver/stm32l0xx_hal_uart.o
                0x0000000008005364                HAL_UART_TxHalfCpltCallback
 .text.UART_DMATxHalfCplt
                0x0000000008005366        0xa Drivers/STM32L0xx_HAL_Driver/stm32l0xx_hal_uart.o
 .text.HAL_UART_ErrorCallback
                0x0000000008005370        0x2 Drivers/STM32L0xx_HAL_Driver/stm32l0xx_hal_uart.o
                0x0000000008005370                HAL_UART_ErrorCallback
 .text.UART_DMAError
                0x0000000008005372       0x50 Drivers/STM32L0xx_HAL_Driver/stm32l0xx_hal_uart.o
 *fill*         0x00000000080053c2        0x2 
 .text.HAL_UART_IRQHandler
                0x00000000080053c4      0x138 Drivers/STM32L0xx_HAL_Driver/stm32l0xx_hal_uart.o
                0x00000000080053c4                HAL_UART_IRQHandler
 .text.UART_DMAAbortOnError
                0x00000000080054fc       0x16 Drivers/STM32L0xx_HAL_Driver/stm32l0xx_hal_uart.o
 *fill*         0x0000000008005512        0x2 
 .text.UART_SetConfig
                0x0000000008005514      0x264 Drivers/STM32L0xx_HAL_Driver/stm32l0xx_hal_uart.o
                0x0000000008005514                UART_SetConfig
 .text.UART_AdvFeatureConfig
                0x0000000008005778       0xd0 Drivers/STM32L0xx_HAL_Driver/stm32l0xx_hal_uart.o
                0x0000000008005778                UART_AdvFeatureConfig
 .text.UART_WaitOnFlagUntilTimeout
                0x0000000008005848       0x5c Drivers/STM32L0xx_HAL_Driver/stm32l0xx_hal_uart.o
                0x0000000008005848                UART_WaitOnFlagUntilTimeout
 .text.UART_CheckIdleState
                0x00000000080058a4       0x60 Drivers/STM32L0xx_HAL_Driver/stm32l0xx_hal_uart.o
                0x00000000080058a4                UART_CheckIdleState
 .text.HAL_UART_Init
                0x0000000008005904       0x64 Drivers/STM32L0xx_HAL_Driver/stm32l0xx_hal_uart.o
                0x0000000008005904                HAL_UART_Init
 .text.HAL_UARTEx_WakeupCallback
                0x0000000008005968        0x2 Drivers/STM32L0xx_HAL_Driver/stm32l0xx_hal_uart_ex.o
                0x0000000008005968                HAL_UARTEx_WakeupCallback
 *fill*         0x000000000800596a        0x2 
 .text.LPM_SetOffMode
                0x000000000800596c       0x2c Middlewares/LoRaWAN/Utilities/low_power_manager.o
                0x000000000800596c                LPM_SetOffMode
 .text.LPM_SetStopMode
                0x0000000008005998       0x2c Middlewares/LoRaWAN/Utilities/low_power_manager.o
                0x0000000008005998                LPM_SetStopMode
 .text.LPM_GetMode
                0x00000000080059c4       0x24 Middlewares/LoRaWAN/Utilities/low_power_manager.o
                0x00000000080059c4                LPM_GetMode
 .text.LPM_ExitSleepMode
                0x00000000080059e8        0x2 Middlewares/LoRaWAN/Utilities/low_power_manager.o
                0x00000000080059e8                LPM_ExitSleepMode
 .text.LPM_EnterOffMode
                0x00000000080059ea        0x2 Middlewares/LoRaWAN/Utilities/low_power_manager.o
                0x00000000080059ea                LPM_EnterOffMode
 .text.LPM_ExitOffMode
                0x00000000080059ec        0x2 Middlewares/LoRaWAN/Utilities/low_power_manager.o
                0x00000000080059ec                LPM_ExitOffMode
 *fill*         0x00000000080059ee        0x2 
 .text.LPM_EnterLowPower
                0x00000000080059f0       0x34 Middlewares/LoRaWAN/Utilities/low_power_manager.o
                0x00000000080059f0                LPM_EnterLowPower
 .text.add_elementSize_and_inc_writeIdx
                0x0000000008005a24       0x32 Middlewares/LoRaWAN/Utilities/queue.o
 .text.circular_queue_init
                0x0000000008005a56        0xe Middlewares/LoRaWAN/Utilities/queue.o
                0x0000000008005a56                circular_queue_init
 .text.circular_queue_add
                0x0000000008005a64       0xea Middlewares/LoRaWAN/Utilities/queue.o
                0x0000000008005a64                circular_queue_add
 .text.circular_queue_get
                0x0000000008005b4e       0x3a Middlewares/LoRaWAN/Utilities/queue.o
                0x0000000008005b4e                circular_queue_get
 .text.circular_queue_remove
                0x0000000008005b88       0x56 Middlewares/LoRaWAN/Utilities/queue.o
                0x0000000008005b88                circular_queue_remove
 .text.circular_queue_sense
                0x0000000008005bde        0xa Middlewares/LoRaWAN/Utilities/queue.o
                0x0000000008005bde                circular_queue_sense
 .text.TimerSetTimeout
                0x0000000008005be8       0x2a Middlewares/LoRaWAN/Utilities/timeServer.o
 *fill*         0x0000000008005c12        0x2 
 .text.TimerInsertNewHeadTimer
                0x0000000008005c14       0x1c Middlewares/LoRaWAN/Utilities/timeServer.o
 .text.TimerInit
                0x0000000008005c30       0x12 Middlewares/LoRaWAN/Utilities/timeServer.o
                0x0000000008005c30                TimerInit
 *fill*         0x0000000008005c42        0x2 
 .text.TimerStart
                0x0000000008005c44       0x74 Middlewares/LoRaWAN/Utilities/timeServer.o
                0x0000000008005c44                TimerStart
 .text.TimerIrqHandler
                0x0000000008005cb8       0x84 Middlewares/LoRaWAN/Utilities/timeServer.o
                0x0000000008005cb8                TimerIrqHandler
 .text.TimerStop
                0x0000000008005d3c       0x58 Middlewares/LoRaWAN/Utilities/timeServer.o
                0x0000000008005d3c                TimerStop
 .text.TimerSetValue
                0x0000000008005d94       0x22 Middlewares/LoRaWAN/Utilities/timeServer.o
                0x0000000008005d94                TimerSetValue
 .text.TimerGetCurrentTime
                0x0000000008005db6        0xc Middlewares/LoRaWAN/Utilities/timeServer.o
                0x0000000008005db6                TimerGetCurrentTime
 .text.TimerGetElapsedTime
                0x0000000008005dc2       0x1e Middlewares/LoRaWAN/Utilities/timeServer.o
                0x0000000008005dc2                TimerGetElapsedTime
 .text.Trace_TxCpltCallback
                0x0000000008005de0       0x54 Middlewares/LoRaWAN/Utilities/trace.o
 .text.TraceInit
                0x0000000008005e34       0x24 Middlewares/LoRaWAN/Utilities/trace.o
                0x0000000008005e34                TraceInit
 .text.TraceSend
                0x0000000008005e58       0x78 Middlewares/LoRaWAN/Utilities/trace.o
                0x0000000008005e58                TraceSend
 .text.memcpy1  0x0000000008005ed0       0x12 Middlewares/LoRaWAN/Utilities/utilities.o
                0x0000000008005ed0                memcpy1
 *fill*         0x0000000008005ee2        0x2 
 .text.DBG_Init
                0x0000000008005ee4       0x64 Projects/PingPong/debug.o
                0x0000000008005ee4                DBG_Init
 .text.Error_Handler
                0x0000000008005f48       0x10 Projects/PingPong/debug.o
                0x0000000008005f48                Error_Handler
 .text.HW_GPIO_GetBitPos
                0x0000000008005f58       0x3c Projects/PingPong/hw_gpio.o
 .text.HW_GPIO_Init
                0x0000000008005f94       0x98 Projects/PingPong/hw_gpio.o
                0x0000000008005f94                HW_GPIO_Init
 .text.HW_GPIO_SetIrq
                0x000000000800602c       0x34 Projects/PingPong/hw_gpio.o
                0x000000000800602c                HW_GPIO_SetIrq
 .text.HW_GPIO_IrqHandler
                0x0000000008006060       0x1c Projects/PingPong/hw_gpio.o
                0x0000000008006060                HW_GPIO_IrqHandler
 .text.HW_GPIO_Write
                0x000000000800607c        0xa Projects/PingPong/hw_gpio.o
                0x000000000800607c                HW_GPIO_Write
 *fill*         0x0000000008006086        0x2 
 .text.HW_RTC_GetCalendarValue
                0x0000000008006088       0xbc Projects/PingPong/hw_rtc.o
 .text.HW_RTC_GetMinimumTimeout
                0x0000000008006144        0x4 Projects/PingPong/hw_rtc.o
                0x0000000008006144                HW_RTC_GetMinimumTimeout
 .text.HW_RTC_ms2Tick
                0x0000000008006148       0x10 Projects/PingPong/hw_rtc.o
                0x0000000008006148                HW_RTC_ms2Tick
 .text.HW_RTC_Tick2ms
                0x0000000008006158       0x14 Projects/PingPong/hw_rtc.o
                0x0000000008006158                HW_RTC_Tick2ms
 .text.HW_RTC_GetTimerElapsedTime
                0x000000000800616c       0x18 Projects/PingPong/hw_rtc.o
                0x000000000800616c                HW_RTC_GetTimerElapsedTime
 .text.HW_RTC_GetTimerValue
                0x0000000008006184        0xe Projects/PingPong/hw_rtc.o
                0x0000000008006184                HW_RTC_GetTimerValue
 *fill*         0x0000000008006192        0x2 
 .text.HW_RTC_StopAlarm
                0x0000000008006194       0x30 Projects/PingPong/hw_rtc.o
                0x0000000008006194                HW_RTC_StopAlarm
 .text.HW_RTC_SetAlarm
                0x00000000080061c4      0x150 Projects/PingPong/hw_rtc.o
                0x00000000080061c4                HW_RTC_SetAlarm
 .text.HW_RTC_IrqHandler
                0x0000000008006314       0x40 Projects/PingPong/hw_rtc.o
                0x0000000008006314                HW_RTC_IrqHandler
 .text.HW_RTC_DelayMs
                0x0000000008006354       0x26 Projects/PingPong/hw_rtc.o
                0x0000000008006354                HW_RTC_DelayMs
 *fill*         0x000000000800637a        0x2 
 .text.HW_RTC_SetTimerContext
                0x000000000800637c       0x18 Projects/PingPong/hw_rtc.o
                0x000000000800637c                HW_RTC_SetTimerContext
 .text.HW_RTC_Init
                0x0000000008006394       0x78 Projects/PingPong/hw_rtc.o
                0x0000000008006394                HW_RTC_Init
 .text.HW_RTC_GetTimerContext
                0x000000000800640c        0xc Projects/PingPong/hw_rtc.o
                0x000000000800640c                HW_RTC_GetTimerContext
 .text.HW_SPI_IoInit
                0x0000000008006418       0x60 Projects/PingPong/hw_spi.o
                0x0000000008006418                HW_SPI_IoInit
 .text.HW_SPI_Init
                0x0000000008006478       0x88 Projects/PingPong/hw_spi.o
                0x0000000008006478                HW_SPI_Init
 .text.HW_SPI_IoDeInit
                0x0000000008006500       0x7c Projects/PingPong/hw_spi.o
                0x0000000008006500                HW_SPI_IoDeInit
 .text.HW_SPI_InOut
                0x000000000800657c       0x28 Projects/PingPong/hw_spi.o
                0x000000000800657c                HW_SPI_InOut
 .text.OnledEvent
                0x00000000080065a4       0x10 Projects/PingPong/main.o
 .text.OnTxDone
                0x00000000080065b4       0x24 Projects/PingPong/main.o
                0x00000000080065b4                OnTxDone
 .text.OnTxTimeout
                0x00000000080065d8       0x24 Projects/PingPong/main.o
                0x00000000080065d8                OnTxTimeout
 .text.OnRxTimeout
                0x00000000080065fc       0x24 Projects/PingPong/main.o
                0x00000000080065fc                OnRxTimeout
 .text.OnRxError
                0x0000000008006620       0x24 Projects/PingPong/main.o
                0x0000000008006620                OnRxError
 .text.OnRxDone
                0x0000000008006644       0x54 Projects/PingPong/main.o
                0x0000000008006644                OnRxDone
 .text.startup.main
                0x0000000008006698      0x240 Projects/PingPong/main.o
                0x0000000008006698                main
 .text.HAL_InitTick
                0x00000000080068d8        0x4 Projects/PingPong/stm32l0xx_hal_msp.o
                0x00000000080068d8                HAL_InitTick
 .text.HAL_Delay
                0x00000000080068dc        0xc Projects/PingPong/stm32l0xx_hal_msp.o
                0x00000000080068dc                HAL_Delay
 .text.HAL_MspInit
                0x00000000080068e8       0x30 Projects/PingPong/stm32l0xx_hal_msp.o
                0x00000000080068e8                HAL_MspInit
 .text.HAL_RTC_MspInit
                0x0000000008006918       0x6c Projects/PingPong/stm32l0xx_hal_msp.o
                0x0000000008006918                HAL_RTC_MspInit
 .text.HAL_RTC_AlarmAEventCallback
                0x0000000008006984        0x8 Projects/PingPong/stm32l0xx_hal_msp.o
                0x0000000008006984                HAL_RTC_AlarmAEventCallback
 .text.HAL_GPIO_EXTI_Callback
                0x000000000800698c        0x8 Projects/PingPong/stm32l0xx_hal_msp.o
                0x000000000800698c                HAL_GPIO_EXTI_Callback
 .text.MSP_GetIRQn
                0x0000000008006994       0x20 Projects/PingPong/stm32l0xx_hal_msp.o
                0x0000000008006994                MSP_GetIRQn
 .text.SystemClock_Config
                0x00000000080069b4       0x94 Projects/PingPong/stm32l0xx_hw.o
                0x00000000080069b4                SystemClock_Config
 .text.HW_AdcInit
                0x0000000008006a48       0x60 Projects/PingPong/stm32l0xx_hw.o
                0x0000000008006a48                HW_AdcInit
 .text.HW_Init  0x0000000008006aa8       0x30 Projects/PingPong/stm32l0xx_hw.o
                0x0000000008006aa8                HW_Init
 .text.HW_AdcDeInit
                0x0000000008006ad8       0x14 Projects/PingPong/stm32l0xx_hw.o
                0x0000000008006ad8                HW_AdcDeInit
 .text.LPM_EnterStopMode
                0x0000000008006aec       0x3c Projects/PingPong/stm32l0xx_hw.o
                0x0000000008006aec                LPM_EnterStopMode
 .text.LPM_ExitStopMode
                0x0000000008006b28       0x60 Projects/PingPong/stm32l0xx_hw.o
                0x0000000008006b28                LPM_ExitStopMode
 .text.LPM_EnterSleepMode
                0x0000000008006b88        0xc Projects/PingPong/stm32l0xx_hw.o
                0x0000000008006b88                LPM_EnterSleepMode
 .text.NMI_Handler
                0x0000000008006b94        0x2 Projects/PingPong/stm32l0xx_it.o
                0x0000000008006b94                NMI_Handler
 .text.HardFault_Handler
                0x0000000008006b96        0x4 Projects/PingPong/stm32l0xx_it.o
                0x0000000008006b96                HardFault_Handler
 .text.SVC_Handler
                0x0000000008006b9a        0x2 Projects/PingPong/stm32l0xx_it.o
                0x0000000008006b9a                SVC_Handler
 .text.PendSV_Handler
                0x0000000008006b9c        0x2 Projects/PingPong/stm32l0xx_it.o
                0x0000000008006b9c                PendSV_Handler
 .text.SysTick_Handler
                0x0000000008006b9e        0x8 Projects/PingPong/stm32l0xx_it.o
                0x0000000008006b9e                SysTick_Handler
 .text.USART2_IRQHandler
                0x0000000008006ba6        0x8 Projects/PingPong/stm32l0xx_it.o
                0x0000000008006ba6                USART2_IRQHandler
 .text.DMA1_Channel4_5_6_7_IRQHandler
                0x0000000008006bae        0x8 Projects/PingPong/stm32l0xx_it.o
                0x0000000008006bae                DMA1_Channel4_5_6_7_IRQHandler
 .text.RTC_IRQHandler
                0x0000000008006bb6        0x8 Projects/PingPong/stm32l0xx_it.o
                0x0000000008006bb6                RTC_IRQHandler
 .text.EXTI0_1_IRQHandler
                0x0000000008006bbe       0x10 Projects/PingPong/stm32l0xx_it.o
                0x0000000008006bbe                EXTI0_1_IRQHandler
 .text.EXTI2_3_IRQHandler
                0x0000000008006bce       0x10 Projects/PingPong/stm32l0xx_it.o
                0x0000000008006bce                EXTI2_3_IRQHandler
 .text.EXTI4_15_IRQHandler
                0x0000000008006bde       0x5c Projects/PingPong/stm32l0xx_it.o
                0x0000000008006bde                EXTI4_15_IRQHandler
 *fill*         0x0000000008006c3a        0x2 
 .text.vcom_Init
                0x0000000008006c3c       0x3c Projects/PingPong/vcom.o
                0x0000000008006c3c                vcom_Init
 .text.vcom_Trace
                0x0000000008006c78       0x14 Projects/PingPong/vcom.o
                0x0000000008006c78                vcom_Trace
 .text.HAL_UART_TxCpltCallback
                0x0000000008006c8c       0x10 Projects/PingPong/vcom.o
                0x0000000008006c8c                HAL_UART_TxCpltCallback
 .text.vcom_DMA_TX_IRQHandler
                0x0000000008006c9c       0x10 Projects/PingPong/vcom.o
                0x0000000008006c9c                vcom_DMA_TX_IRQHandler
 .text.vcom_IRQHandler
                0x0000000008006cac       0x10 Projects/PingPong/vcom.o
                0x0000000008006cac                vcom_IRQHandler
 .text.vcom_IoInit
                0x0000000008006cbc       0x58 Projects/PingPong/vcom.o
                0x0000000008006cbc                vcom_IoInit
 .text.HAL_UART_MspInit
                0x0000000008006d14       0xac Projects/PingPong/vcom.o
                0x0000000008006d14                HAL_UART_MspInit
 .text.vcom_IoDeInit
                0x0000000008006dc0       0x48 Projects/PingPong/vcom.o
                0x0000000008006dc0                vcom_IoDeInit
 .text.Reset_Handler
                0x0000000008006e08       0x50 Projects/SW4STM32/startup_stm32l073xx.o
                0x0000000008006e08                Reset_Handler
 .text.Default_Handler
                0x0000000008006e58        0x2 Projects/SW4STM32/startup_stm32l073xx.o
                0x0000000008006e58                TSC_IRQHandler
                0x0000000008006e58                ADC1_COMP_IRQHandler
                0x0000000008006e58                PVD_IRQHandler
                0x0000000008006e58                I2C1_IRQHandler
                0x0000000008006e58                RCC_CRS_IRQHandler
                0x0000000008006e58                SPI1_IRQHandler
                0x0000000008006e58                TIM6_DAC_IRQHandler
                0x0000000008006e58                I2C2_IRQHandler
                0x0000000008006e58                LCD_IRQHandler
                0x0000000008006e58                TIM3_IRQHandler
                0x0000000008006e58                DMA1_Channel1_IRQHandler
                0x0000000008006e58                USART4_5_IRQHandler
                0x0000000008006e58                Default_Handler
                0x0000000008006e58                TIM22_IRQHandler
                0x0000000008006e58                TIM7_IRQHandler
                0x0000000008006e58                USB_IRQHandler
                0x0000000008006e58                I2C3_IRQHandler
                0x0000000008006e58                SPI2_IRQHandler
                0x0000000008006e58                TIM21_IRQHandler
                0x0000000008006e58                WWDG_IRQHandler
                0x0000000008006e58                TIM2_IRQHandler
                0x0000000008006e58                DMA1_Channel2_3_IRQHandler
                0x0000000008006e58                FLASH_IRQHandler
                0x0000000008006e58                USART1_IRQHandler
                0x0000000008006e58                RNG_LPUART1_IRQHandler
                0x0000000008006e58                LPTIM1_IRQHandler
 *fill*         0x0000000008006e5a        0x2 
 .text.__libc_init_array
                0x0000000008006e5c       0x48 c:/st/stm32cubeide_1.3.0/stm32cubeide/plugins/com.st.stm32cube.ide.mcu.externaltools.gnu-tools-for-stm32.7-2018-q2-update.win32_1.0.0.201904181610/tools/bin/../lib/gcc/arm-none-eabi/7.3.1/../../../../arm-none-eabi/lib/thumb/v6-m\libc_nano.a(lib_a-init.o)
                0x0000000008006e5c                __libc_init_array
 .text.memcpy   0x0000000008006ea4       0x12 c:/st/stm32cubeide_1.3.0/stm32cubeide/plugins/com.st.stm32cube.ide.mcu.externaltools.gnu-tools-for-stm32.7-2018-q2-update.win32_1.0.0.201904181610/tools/bin/../lib/gcc/arm-none-eabi/7.3.1/../../../../arm-none-eabi/lib/thumb/v6-m\libc_nano.a(lib_a-memcpy-stub.o)
                0x0000000008006ea4                memcpy
 .text.memset   0x0000000008006eb6       0x10 c:/st/stm32cubeide_1.3.0/stm32cubeide/plugins/com.st.stm32cube.ide.mcu.externaltools.gnu-tools-for-stm32.7-2018-q2-update.win32_1.0.0.201904181610/tools/bin/../lib/gcc/arm-none-eabi/7.3.1/../../../../arm-none-eabi/lib/thumb/v6-m\libc_nano.a(lib_a-memset.o)
                0x0000000008006eb6                memset
 .text.strncmp  0x0000000008006ec6       0x22 c:/st/stm32cubeide_1.3.0/stm32cubeide/plugins/com.st.stm32cube.ide.mcu.externaltools.gnu-tools-for-stm32.7-2018-q2-update.win32_1.0.0.201904181610/tools/bin/../lib/gcc/arm-none-eabi/7.3.1/../../../../arm-none-eabi/lib/thumb/v6-m\libc_nano.a(lib_a-strncmp.o)
                0x0000000008006ec6                strncmp
 .text._vsnprintf_r
                0x0000000008006ee8       0x56 c:/st/stm32cubeide_1.3.0/stm32cubeide/plugins/com.st.stm32cube.ide.mcu.externaltools.gnu-tools-for-stm32.7-2018-q2-update.win32_1.0.0.201904181610/tools/bin/../lib/gcc/arm-none-eabi/7.3.1/../../../../arm-none-eabi/lib/thumb/v6-m\libc_nano.a(lib_a-vsnprintf.o)
                0x0000000008006ee8                _vsniprintf_r
                0x0000000008006ee8                _vsnprintf_r
 *fill*         0x0000000008006f3e        0x2 
 .text.vsnprintf
                0x0000000008006f40       0x18 c:/st/stm32cubeide_1.3.0/stm32cubeide/plugins/com.st.stm32cube.ide.mcu.externaltools.gnu-tools-for-stm32.7-2018-q2-update.win32_1.0.0.201904181610/tools/bin/../lib/gcc/arm-none-eabi/7.3.1/../../../../arm-none-eabi/lib/thumb/v6-m\libc_nano.a(lib_a-vsnprintf.o)
                0x0000000008006f40                vsniprintf
                0x0000000008006f40                vsnprintf
 .text.__ssputs_r
                0x0000000008006f58       0xc4 c:/st/stm32cubeide_1.3.0/stm32cubeide/plugins/com.st.stm32cube.ide.mcu.externaltools.gnu-tools-for-stm32.7-2018-q2-update.win32_1.0.0.201904181610/tools/bin/../lib/gcc/arm-none-eabi/7.3.1/../../../../arm-none-eabi/lib/thumb/v6-m\libc_nano.a(lib_a-nano-svfprintf.o)
                0x0000000008006f58                __ssputs_r
 .text._svfprintf_r
                0x000000000800701c      0x1fc c:/st/stm32cubeide_1.3.0/stm32cubeide/plugins/com.st.stm32cube.ide.mcu.externaltools.gnu-tools-for-stm32.7-2018-q2-update.win32_1.0.0.201904181610/tools/bin/../lib/gcc/arm-none-eabi/7.3.1/../../../../arm-none-eabi/lib/thumb/v6-m\libc_nano.a(lib_a-nano-svfprintf.o)
                0x000000000800701c                _svfiprintf_r
                0x000000000800701c                _svfprintf_r
 .text._printf_common
                0x0000000008007218       0xda c:/st/stm32cubeide_1.3.0/stm32cubeide/plugins/com.st.stm32cube.ide.mcu.externaltools.gnu-tools-for-stm32.7-2018-q2-update.win32_1.0.0.201904181610/tools/bin/../lib/gcc/arm-none-eabi/7.3.1/../../../../arm-none-eabi/lib/thumb/v6-m\libc_nano.a(lib_a-nano-vfprintf_i.o)
                0x0000000008007218                _printf_common
 *fill*         0x00000000080072f2        0x2 
 .text._printf_i
                0x00000000080072f4      0x210 c:/st/stm32cubeide_1.3.0/stm32cubeide/plugins/com.st.stm32cube.ide.mcu.externaltools.gnu-tools-for-stm32.7-2018-q2-update.win32_1.0.0.201904181610/tools/bin/../lib/gcc/arm-none-eabi/7.3.1/../../../../arm-none-eabi/lib/thumb/v6-m\libc_nano.a(lib_a-nano-vfprintf_i.o)
                0x00000000080072f4                _printf_i
 .text.memchr   0x0000000008007504       0x16 c:/st/stm32cubeide_1.3.0/stm32cubeide/plugins/com.st.stm32cube.ide.mcu.externaltools.gnu-tools-for-stm32.7-2018-q2-update.win32_1.0.0.201904181610/tools/bin/../lib/gcc/arm-none-eabi/7.3.1/../../../../arm-none-eabi/lib/thumb/v6-m\libc_nano.a(lib_a-memchr-stub.o)
                0x0000000008007504                memchr
 .text.memmove  0x000000000800751a       0x26 c:/st/stm32cubeide_1.3.0/stm32cubeide/plugins/com.st.stm32cube.ide.mcu.externaltools.gnu-tools-for-stm32.7-2018-q2-update.win32_1.0.0.201904181610/tools/bin/../lib/gcc/arm-none-eabi/7.3.1/../../../../arm-none-eabi/lib/thumb/v6-m\libc_nano.a(lib_a-memmove.o)
                0x000000000800751a                memmove
 .text._free_r  0x0000000008007540       0x94 c:/st/stm32cubeide_1.3.0/stm32cubeide/plugins/com.st.stm32cube.ide.mcu.externaltools.gnu-tools-for-stm32.7-2018-q2-update.win32_1.0.0.201904181610/tools/bin/../lib/gcc/arm-none-eabi/7.3.1/../../../../arm-none-eabi/lib/thumb/v6-m\libc_nano.a(lib_a-nano-freer.o)
                0x0000000008007540                _free_r
 .text._malloc_r
                0x00000000080075d4       0xbc c:/st/stm32cubeide_1.3.0/stm32cubeide/plugins/com.st.stm32cube.ide.mcu.externaltools.gnu-tools-for-stm32.7-2018-q2-update.win32_1.0.0.201904181610/tools/bin/../lib/gcc/arm-none-eabi/7.3.1/../../../../arm-none-eabi/lib/thumb/v6-m\libc_nano.a(lib_a-nano-mallocr.o)
                0x00000000080075d4                _malloc_r
 .text._realloc_r
                0x0000000008007690       0x4c c:/st/stm32cubeide_1.3.0/stm32cubeide/plugins/com.st.stm32cube.ide.mcu.externaltools.gnu-tools-for-stm32.7-2018-q2-update.win32_1.0.0.201904181610/tools/bin/../lib/gcc/arm-none-eabi/7.3.1/../../../../arm-none-eabi/lib/thumb/v6-m\libc_nano.a(lib_a-nano-reallocr.o)
                0x0000000008007690                _realloc_r
 .text._sbrk_r  0x00000000080076dc       0x24 c:/st/stm32cubeide_1.3.0/stm32cubeide/plugins/com.st.stm32cube.ide.mcu.externaltools.gnu-tools-for-stm32.7-2018-q2-update.win32_1.0.0.201904181610/tools/bin/../lib/gcc/arm-none-eabi/7.3.1/../../../../arm-none-eabi/lib/thumb/v6-m\libc_nano.a(lib_a-sbrkr.o)
                0x00000000080076dc                _sbrk_r
 .text.__malloc_lock
                0x0000000008007700        0x2 c:/st/stm32cubeide_1.3.0/stm32cubeide/plugins/com.st.stm32cube.ide.mcu.externaltools.gnu-tools-for-stm32.7-2018-q2-update.win32_1.0.0.201904181610/tools/bin/../lib/gcc/arm-none-eabi/7.3.1/../../../../arm-none-eabi/lib/thumb/v6-m\libc_nano.a(lib_a-mlock.o)
                0x0000000008007700                __malloc_lock
 .text.__malloc_unlock
                0x0000000008007702        0x2 c:/st/stm32cubeide_1.3.0/stm32cubeide/plugins/com.st.stm32cube.ide.mcu.externaltools.gnu-tools-for-stm32.7-2018-q2-update.win32_1.0.0.201904181610/tools/bin/../lib/gcc/arm-none-eabi/7.3.1/../../../../arm-none-eabi/lib/thumb/v6-m\libc_nano.a(lib_a-mlock.o)
                0x0000000008007702                __malloc_unlock
 .text._malloc_usable_size_r
                0x0000000008007704       0x10 c:/st/stm32cubeide_1.3.0/stm32cubeide/plugins/com.st.stm32cube.ide.mcu.externaltools.gnu-tools-for-stm32.7-2018-q2-update.win32_1.0.0.201904181610/tools/bin/../lib/gcc/arm-none-eabi/7.3.1/../../../../arm-none-eabi/lib/thumb/v6-m\libc_nano.a(lib_a-nano-msizer.o)
                0x0000000008007704                _malloc_usable_size_r
 .text.ceil     0x0000000008007714      0x104 c:/st/stm32cubeide_1.3.0/stm32cubeide/plugins/com.st.stm32cube.ide.mcu.externaltools.gnu-tools-for-stm32.7-2018-q2-update.win32_1.0.0.201904181610/tools/bin/../lib/gcc/arm-none-eabi/7.3.1/../../../../arm-none-eabi/lib/thumb/v6-m\libm.a(lib_a-s_ceil.o)
                0x0000000008007714                ceil
 .text.floor    0x0000000008007818      0x104 c:/st/stm32cubeide_1.3.0/stm32cubeide/plugins/com.st.stm32cube.ide.mcu.externaltools.gnu-tools-for-stm32.7-2018-q2-update.win32_1.0.0.201904181610/tools/bin/../lib/gcc/arm-none-eabi/7.3.1/../../../../arm-none-eabi/lib/thumb/v6-m\libm.a(lib_a-s_floor.o)
                0x0000000008007818                floor
 .text.round    0x000000000800791c       0x94 c:/st/stm32cubeide_1.3.0/stm32cubeide/plugins/com.st.stm32cube.ide.mcu.externaltools.gnu-tools-for-stm32.7-2018-q2-update.win32_1.0.0.201904181610/tools/bin/../lib/gcc/arm-none-eabi/7.3.1/../../../../arm-none-eabi/lib/thumb/v6-m\libm.a(lib_a-s_round.o)
                0x000000000800791c                round
 .text._sbrk    0x00000000080079b0       0x20 c:/st/stm32cubeide_1.3.0/stm32cubeide/plugins/com.st.stm32cube.ide.mcu.externaltools.gnu-tools-for-stm32.7-2018-q2-update.win32_1.0.0.201904181610/tools/bin/../lib/gcc/arm-none-eabi/7.3.1/../../../../arm-none-eabi/lib/thumb/v6-m\libnosys.a(sbrk.o)
                0x00000000080079b0                _sbrk
 *(.glue_7)
 .glue_7        0x00000000080079d0        0x0 linker stubs
 *(.glue_7t)
 .glue_7t       0x00000000080079d0        0x0 linker stubs
 *(.eh_frame)
 .eh_frame      0x00000000080079d0        0x0 c:/st/stm32cubeide_1.3.0/stm32cubeide/plugins/com.st.stm32cube.ide.mcu.externaltools.gnu-tools-for-stm32.7-2018-q2-update.win32_1.0.0.201904181610/tools/bin/../lib/gcc/arm-none-eabi/7.3.1/thumb/v6-m/crtbegin.o
 *(.init)
 .init          0x00000000080079d0        0x4 c:/st/stm32cubeide_1.3.0/stm32cubeide/plugins/com.st.stm32cube.ide.mcu.externaltools.gnu-tools-for-stm32.7-2018-q2-update.win32_1.0.0.201904181610/tools/bin/../lib/gcc/arm-none-eabi/7.3.1/thumb/v6-m/crti.o
                0x00000000080079d0                _init
 .init          0x00000000080079d4        0x8 c:/st/stm32cubeide_1.3.0/stm32cubeide/plugins/com.st.stm32cube.ide.mcu.externaltools.gnu-tools-for-stm32.7-2018-q2-update.win32_1.0.0.201904181610/tools/bin/../lib/gcc/arm-none-eabi/7.3.1/thumb/v6-m/crtn.o
 *(.fini)
 .fini          0x00000000080079dc        0x4 c:/st/stm32cubeide_1.3.0/stm32cubeide/plugins/com.st.stm32cube.ide.mcu.externaltools.gnu-tools-for-stm32.7-2018-q2-update.win32_1.0.0.201904181610/tools/bin/../lib/gcc/arm-none-eabi/7.3.1/thumb/v6-m/crti.o
                0x00000000080079dc                _fini
 .fini          0x00000000080079e0        0x8 c:/st/stm32cubeide_1.3.0/stm32cubeide/plugins/com.st.stm32cube.ide.mcu.externaltools.gnu-tools-for-stm32.7-2018-q2-update.win32_1.0.0.201904181610/tools/bin/../lib/gcc/arm-none-eabi/7.3.1/thumb/v6-m/crtn.o
                0x00000000080079e8                . = ALIGN (0x4)
                0x00000000080079e8                _etext = .

.vfp11_veneer   0x00000000080079e8        0x0
 .vfp11_veneer  0x00000000080079e8        0x0 linker stubs

.v4_bx          0x00000000080079e8        0x0
 .v4_bx         0x00000000080079e8        0x0 linker stubs

.iplt           0x00000000080079e8        0x0
 .iplt          0x00000000080079e8        0x0 c:/st/stm32cubeide_1.3.0/stm32cubeide/plugins/com.st.stm32cube.ide.mcu.externaltools.gnu-tools-for-stm32.7-2018-q2-update.win32_1.0.0.201904181610/tools/bin/../lib/gcc/arm-none-eabi/7.3.1/thumb/v6-m/crtbegin.o

.rodata         0x00000000080079e8      0x2fc
                0x00000000080079e8                . = ALIGN (0x4)
 *(.rodata)
 .rodata        0x00000000080079e8       0xfc Drivers/BSP/Components/sx1272.o
                0x0000000008007a00                RadioRegsInit
                0x0000000008007a34                FskBandwidths
 .rodata        0x0000000008007ae4       0x74 Drivers/BSP/sx1272mb2das/sx1272mb2das.o
                0x0000000008007ae4                Radio
 .rodata        0x0000000008007b58       0x21 Drivers/CMSIS/system_stm32l0xx.o
                0x0000000008007b58                PLLMulTable
                0x0000000008007b61                AHBPrescTable
                0x0000000008007b71                APBPrescTable
 .rodata        0x0000000008007b79       0x11 Drivers/STM32L0xx_HAL_Driver/stm32l0xx_hal_uart.o
 .rodata        0x0000000008007b8a       0x18 Projects/PingPong/hw_rtc.o
 .rodata        0x0000000008007ba2        0xa Projects/PingPong/main.o
                0x0000000008007ba2                PongMsg
                0x0000000008007ba7                PingMsg
 .rodata        0x0000000008007bac       0x40 c:/st/stm32cubeide_1.3.0/stm32cubeide/plugins/com.st.stm32cube.ide.mcu.externaltools.gnu-tools-for-stm32.7-2018-q2-update.win32_1.0.0.201904181610/tools/bin/../lib/gcc/arm-none-eabi/7.3.1/thumb/v6-m\libgcc.a(divdf3.o)
 .rodata        0x0000000008007bec       0x40 c:/st/stm32cubeide_1.3.0/stm32cubeide/plugins/com.st.stm32cube.ide.mcu.externaltools.gnu-tools-for-stm32.7-2018-q2-update.win32_1.0.0.201904181610/tools/bin/../lib/gcc/arm-none-eabi/7.3.1/thumb/v6-m\libgcc.a(muldf3.o)
 *(.rodata*)
 .rodata.cst1   0x0000000008007c2c        0x1 Drivers/BSP/sx1272mb2das/sx1272mb2das.o
 .rodata.str1.1
                0x0000000008007c2d       0x10 Projects/PingPong/debug.o
 .rodata.str1.1
                0x0000000008007c3d       0x72 Projects/PingPong/main.o
 .rodata._svfprintf_r.str1.1
                0x0000000008007caf       0x11 c:/st/stm32cubeide_1.3.0/stm32cubeide/plugins/com.st.stm32cube.ide.mcu.externaltools.gnu-tools-for-stm32.7-2018-q2-update.win32_1.0.0.201904181610/tools/bin/../lib/gcc/arm-none-eabi/7.3.1/../../../../arm-none-eabi/lib/thumb/v6-m\libc_nano.a(lib_a-nano-svfprintf.o)
 .rodata._printf_i.str1.1
                0x0000000008007cc0       0x22 c:/st/stm32cubeide_1.3.0/stm32cubeide/plugins/com.st.stm32cube.ide.mcu.externaltools.gnu-tools-for-stm32.7-2018-q2-update.win32_1.0.0.201904181610/tools/bin/../lib/gcc/arm-none-eabi/7.3.1/../../../../arm-none-eabi/lib/thumb/v6-m\libc_nano.a(lib_a-nano-vfprintf_i.o)
                0x0000000008007ce4                . = ALIGN (0x4)
 *fill*         0x0000000008007ce2        0x2 

.ARM.extab
 *(.ARM.extab* .gnu.linkonce.armextab.*)

.ARM            0x0000000008007ce4        0x8
                0x0000000008007ce4                __exidx_start = .
 *(.ARM.exidx*)
 .ARM.exidx     0x0000000008007ce4        0x8 c:/st/stm32cubeide_1.3.0/stm32cubeide/plugins/com.st.stm32cube.ide.mcu.externaltools.gnu-tools-for-stm32.7-2018-q2-update.win32_1.0.0.201904181610/tools/bin/../lib/gcc/arm-none-eabi/7.3.1/thumb/v6-m\libgcc.a(_udivmoddi4.o)
                0x0000000008007cec                __exidx_end = .

.rel.dyn        0x0000000008007cec        0x0
 .rel.iplt      0x0000000008007cec        0x0 c:/st/stm32cubeide_1.3.0/stm32cubeide/plugins/com.st.stm32cube.ide.mcu.externaltools.gnu-tools-for-stm32.7-2018-q2-update.win32_1.0.0.201904181610/tools/bin/../lib/gcc/arm-none-eabi/7.3.1/thumb/v6-m/crtbegin.o

.preinit_array  0x0000000008007cec        0x0
                0x0000000008007cec                PROVIDE (__preinit_array_start = .)
 *(.preinit_array*)
                0x0000000008007cec                PROVIDE (__preinit_array_end = .)

.init_array     0x0000000008007cec        0x4
                0x0000000008007cec                PROVIDE (__init_array_start = .)
 *(SORT_BY_NAME(.init_array.*))
 *(.init_array*)
 .init_array    0x0000000008007cec        0x4 c:/st/stm32cubeide_1.3.0/stm32cubeide/plugins/com.st.stm32cube.ide.mcu.externaltools.gnu-tools-for-stm32.7-2018-q2-update.win32_1.0.0.201904181610/tools/bin/../lib/gcc/arm-none-eabi/7.3.1/thumb/v6-m/crtbegin.o
                0x0000000008007cf0                PROVIDE (__init_array_end = .)

.fini_array     0x0000000008007cf0        0x4
                [!provide]                        PROVIDE (__fini_array_start = .)
 *(SORT_BY_NAME(.fini_array.*))
 *(.fini_array*)
 .fini_array    0x0000000008007cf0        0x4 c:/st/stm32cubeide_1.3.0/stm32cubeide/plugins/com.st.stm32cube.ide.mcu.externaltools.gnu-tools-for-stm32.7-2018-q2-update.win32_1.0.0.201904181610/tools/bin/../lib/gcc/arm-none-eabi/7.3.1/thumb/v6-m/crtbegin.o
                [!provide]                        PROVIDE (__fini_array_end = .)
                0x0000000008007cf4                _sidata = LOADADDR (.data)

.data           0x0000000020000000       0x9c load address 0x0000000008007cf4
                0x0000000020000000                . = ALIGN (0x4)
                0x0000000020000000                _sdata = .
 *(.data)
 .data          0x0000000020000000       0x18 Drivers/BSP/Components/sx1272.o
                0x0000000020000000                DioIrq
 .data          0x0000000020000018       0x18 Drivers/BSP/sx1272mb2das/sx1272mb2das.o
 .data          0x0000000020000030        0x4 Drivers/CMSIS/system_stm32l0xx.o
                0x0000000020000030                SystemCoreClock
 .data          0x0000000020000034        0x1 Middlewares/LoRaWAN/Utilities/trace.o
                0x0000000020000034                TracePeripheralReady
 *fill*         0x0000000020000035        0x1 
 .data          0x0000000020000036        0x2 Projects/PingPong/main.o
                0x0000000020000036                BufferSize
 *(.data*)
 .data._impure_ptr
                0x0000000020000038        0x4 c:/st/stm32cubeide_1.3.0/stm32cubeide/plugins/com.st.stm32cube.ide.mcu.externaltools.gnu-tools-for-stm32.7-2018-q2-update.win32_1.0.0.201904181610/tools/bin/../lib/gcc/arm-none-eabi/7.3.1/../../../../arm-none-eabi/lib/thumb/v6-m\libc_nano.a(lib_a-impure.o)
                0x0000000020000038                _impure_ptr
 .data.impure_data
                0x000000002000003c       0x60 c:/st/stm32cubeide_1.3.0/stm32cubeide/plugins/com.st.stm32cube.ide.mcu.externaltools.gnu-tools-for-stm32.7-2018-q2-update.win32_1.0.0.201904181610/tools/bin/../lib/gcc/arm-none-eabi/7.3.1/../../../../arm-none-eabi/lib/thumb/v6-m\libc_nano.a(lib_a-impure.o)
                0x000000002000009c                . = ALIGN (0x4)
                0x000000002000009c                _edata = .

.igot.plt       0x000000002000009c        0x0 load address 0x0000000008007d90
 .igot.plt      0x000000002000009c        0x0 c:/st/stm32cubeide_1.3.0/stm32cubeide/plugins/com.st.stm32cube.ide.mcu.externaltools.gnu-tools-for-stm32.7-2018-q2-update.win32_1.0.0.201904181610/tools/bin/../lib/gcc/arm-none-eabi/7.3.1/thumb/v6-m/crtbegin.o
                0x000000002000009c                . = ALIGN (0x4)

.bss            0x000000002000009c      0x5b4 load address 0x0000000008007d90
                0x000000002000009c                _sbss = .
                0x000000002000009c                __bss_start__ = _sbss
 *(.bss)
 .bss           0x000000002000009c       0x1c c:/st/stm32cubeide_1.3.0/stm32cubeide/plugins/com.st.stm32cube.ide.mcu.externaltools.gnu-tools-for-stm32.7-2018-q2-update.win32_1.0.0.201904181610/tools/bin/../lib/gcc/arm-none-eabi/7.3.1/thumb/v6-m/crtbegin.o
 .bss           0x00000000200000b8      0x108 Drivers/BSP/Components/sx1272.o
 .bss           0x00000000200001c0        0x8 Middlewares/LoRaWAN/Utilities/low_power_manager.o
 .bss           0x00000000200001c8        0x4 Middlewares/LoRaWAN/Utilities/timeServer.o
 .bss           0x00000000200001cc      0x110 Middlewares/LoRaWAN/Utilities/trace.o
 .bss           0x00000000200002dc       0x40 Projects/PingPong/hw_gpio.o
 .bss           0x000000002000031c       0x71 Projects/PingPong/hw_rtc.o
 *fill*         0x000000002000038d        0x3 
 .bss           0x0000000020000390       0x58 Projects/PingPong/hw_spi.o
 .bss           0x00000000200003e8       0x38 Projects/PingPong/main.o
                0x0000000020000400                State
                0x0000000020000401                RssiValue
                0x0000000020000402                SnrValue
 .bss           0x0000000020000420       0x60 Projects/PingPong/stm32l0xx_hw.o
 .bss           0x0000000020000480       0xcc Projects/PingPong/vcom.o
 *(.bss*)
 .bss.__malloc_free_list
                0x000000002000054c        0x4 c:/st/stm32cubeide_1.3.0/stm32cubeide/plugins/com.st.stm32cube.ide.mcu.externaltools.gnu-tools-for-stm32.7-2018-q2-update.win32_1.0.0.201904181610/tools/bin/../lib/gcc/arm-none-eabi/7.3.1/../../../../arm-none-eabi/lib/thumb/v6-m\libc_nano.a(lib_a-nano-mallocr.o)
                0x000000002000054c                __malloc_free_list
 .bss.__malloc_sbrk_start
                0x0000000020000550        0x4 c:/st/stm32cubeide_1.3.0/stm32cubeide/plugins/com.st.stm32cube.ide.mcu.externaltools.gnu-tools-for-stm32.7-2018-q2-update.win32_1.0.0.201904181610/tools/bin/../lib/gcc/arm-none-eabi/7.3.1/../../../../arm-none-eabi/lib/thumb/v6-m\libc_nano.a(lib_a-nano-mallocr.o)
                0x0000000020000550                __malloc_sbrk_start
 .bss.heap_end.4102
                0x0000000020000554        0x4 c:/st/stm32cubeide_1.3.0/stm32cubeide/plugins/com.st.stm32cube.ide.mcu.externaltools.gnu-tools-for-stm32.7-2018-q2-update.win32_1.0.0.201904181610/tools/bin/../lib/gcc/arm-none-eabi/7.3.1/../../../../arm-none-eabi/lib/thumb/v6-m\libnosys.a(sbrk.o)
 *(COMMON)
 COMMON         0x0000000020000558       0xb0 Drivers/BSP/Components/sx1272.o
                0x0000000020000558                SX1272
                0x00000000200005c0                TxTimeoutTimer
                0x00000000200005d8                RxTimeoutSyncWord
                0x00000000200005f0                RxTimeoutTimer
 COMMON         0x0000000020000608        0x4 Drivers/STM32L0xx_HAL_Driver/stm32l0xx_hal.o
                0x0000000020000608                uwTick
 COMMON         0x000000002000060c       0x40 Projects/PingPong/main.o
                0x000000002000060c                Buffer
 COMMON         0x000000002000064c        0x4 c:/st/stm32cubeide_1.3.0/stm32cubeide/plugins/com.st.stm32cube.ide.mcu.externaltools.gnu-tools-for-stm32.7-2018-q2-update.win32_1.0.0.201904181610/tools/bin/../lib/gcc/arm-none-eabi/7.3.1/../../../../arm-none-eabi/lib/thumb/v6-m\libc_nano.a(lib_a-reent.o)
                0x000000002000064c                errno
                0x0000000020000650                . = ALIGN (0x4)
                0x0000000020000650                _ebss = .
                0x0000000020000650                __bss_end__ = _ebss

._user_heap_stack
                0x0000000020000650      0x600 load address 0x0000000008007d90
                0x0000000020000650                . = ALIGN (0x8)
                0x0000000020000650                PROVIDE (end = .)
                [!provide]                        PROVIDE (_end = .)
                0x0000000020000850                . = (. + _Min_Heap_Size)
 *fill*         0x0000000020000650      0x200 
                0x0000000020000c50                . = (. + _Min_Stack_Size)
 *fill*         0x0000000020000850      0x400 
                0x0000000020000c50                . = ALIGN (0x8)

/DISCARD/
 libc.a(*)
 libm.a(*)
 libgcc.a(*)

.ARM.attributes
                0x0000000000000000       0x28
 *(.ARM.attributes)
 .ARM.attributes
                0x0000000000000000       0x1e c:/st/stm32cubeide_1.3.0/stm32cubeide/plugins/com.st.stm32cube.ide.mcu.externaltools.gnu-tools-for-stm32.7-2018-q2-update.win32_1.0.0.201904181610/tools/bin/../lib/gcc/arm-none-eabi/7.3.1/thumb/v6-m/crti.o
 .ARM.attributes
                0x000000000000001e       0x2c c:/st/stm32cubeide_1.3.0/stm32cubeide/plugins/com.st.stm32cube.ide.mcu.externaltools.gnu-tools-for-stm32.7-2018-q2-update.win32_1.0.0.201904181610/tools/bin/../lib/gcc/arm-none-eabi/7.3.1/thumb/v6-m/crtbegin.o
 .ARM.attributes
                0x000000000000004a       0x32 Drivers/BSP/Components/sx1272.o
 .ARM.attributes
                0x000000000000007c       0x32 Drivers/BSP/sx1272mb2das/sx1272mb2das.o
 .ARM.attributes
                0x00000000000000ae       0x32 Drivers/CMSIS/system_stm32l0xx.o
 .ARM.attributes
                0x00000000000000e0       0x32 Drivers/STM32L0xx_HAL_Driver/stm32l0xx_hal.o
 .ARM.attributes
                0x0000000000000112       0x32 Drivers/STM32L0xx_HAL_Driver/stm32l0xx_hal_adc.o
 .ARM.attributes
                0x0000000000000144       0x32 Drivers/STM32L0xx_HAL_Driver/stm32l0xx_hal_cortex.o
 .ARM.attributes
                0x0000000000000176       0x32 Drivers/STM32L0xx_HAL_Driver/stm32l0xx_hal_dma.o
 .ARM.attributes
                0x00000000000001a8       0x32 Drivers/STM32L0xx_HAL_Driver/stm32l0xx_hal_gpio.o
 .ARM.attributes
                0x00000000000001da       0x32 Drivers/STM32L0xx_HAL_Driver/stm32l0xx_hal_pwr.o
 .ARM.attributes
                0x000000000000020c       0x32 Drivers/STM32L0xx_HAL_Driver/stm32l0xx_hal_pwr_ex.o
 .ARM.attributes
                0x000000000000023e       0x32 Drivers/STM32L0xx_HAL_Driver/stm32l0xx_hal_rcc.o
 .ARM.attributes
                0x0000000000000270       0x32 Drivers/STM32L0xx_HAL_Driver/stm32l0xx_hal_rcc_ex.o
 .ARM.attributes
                0x00000000000002a2       0x32 Drivers/STM32L0xx_HAL_Driver/stm32l0xx_hal_rtc.o
 .ARM.attributes
                0x00000000000002d4       0x32 Drivers/STM32L0xx_HAL_Driver/stm32l0xx_hal_rtc_ex.o
 .ARM.attributes
                0x0000000000000306       0x32 Drivers/STM32L0xx_HAL_Driver/stm32l0xx_hal_spi.o
 .ARM.attributes
                0x0000000000000338       0x32 Drivers/STM32L0xx_HAL_Driver/stm32l0xx_hal_uart.o
 .ARM.attributes
                0x000000000000036a       0x32 Drivers/STM32L0xx_HAL_Driver/stm32l0xx_hal_uart_ex.o
 .ARM.attributes
                0x000000000000039c       0x32 Middlewares/LoRaWAN/Utilities/low_power_manager.o
 .ARM.attributes
                0x00000000000003ce       0x32 Middlewares/LoRaWAN/Utilities/queue.o
 .ARM.attributes
                0x0000000000000400       0x32 Middlewares/LoRaWAN/Utilities/timeServer.o
 .ARM.attributes
                0x0000000000000432       0x32 Middlewares/LoRaWAN/Utilities/trace.o
 .ARM.attributes
                0x0000000000000464       0x32 Middlewares/LoRaWAN/Utilities/utilities.o
 .ARM.attributes
                0x0000000000000496       0x32 Projects/PingPong/debug.o
 .ARM.attributes
                0x00000000000004c8       0x32 Projects/PingPong/hw_gpio.o
 .ARM.attributes
                0x00000000000004fa       0x32 Projects/PingPong/hw_rtc.o
 .ARM.attributes
                0x000000000000052c       0x32 Projects/PingPong/hw_spi.o
 .ARM.attributes
                0x000000000000055e       0x32 Projects/PingPong/main.o
 .ARM.attributes
                0x0000000000000590       0x32 Projects/PingPong/stm32l0xx_hal_msp.o
 .ARM.attributes
                0x00000000000005c2       0x32 Projects/PingPong/stm32l0xx_hw.o
 .ARM.attributes
                0x00000000000005f4       0x32 Projects/PingPong/stm32l0xx_it.o
 .ARM.attributes
                0x0000000000000626       0x32 Projects/PingPong/vcom.o
 .ARM.attributes
                0x0000000000000658       0x22 Projects/SW4STM32/startup_stm32l073xx.o
 .ARM.attributes
                0x000000000000067a       0x2c c:/st/stm32cubeide_1.3.0/stm32cubeide/plugins/com.st.stm32cube.ide.mcu.externaltools.gnu-tools-for-stm32.7-2018-q2-update.win32_1.0.0.201904181610/tools/bin/../lib/gcc/arm-none-eabi/7.3.1/../../../../arm-none-eabi/lib/thumb/v6-m\libc_nano.a(lib_a-impure.o)
 .ARM.attributes
                0x00000000000006a6       0x2c c:/st/stm32cubeide_1.3.0/stm32cubeide/plugins/com.st.stm32cube.ide.mcu.externaltools.gnu-tools-for-stm32.7-2018-q2-update.win32_1.0.0.201904181610/tools/bin/../lib/gcc/arm-none-eabi/7.3.1/../../../../arm-none-eabi/lib/thumb/v6-m\libc_nano.a(lib_a-init.o)
 .ARM.attributes
                0x00000000000006d2       0x2c c:/st/stm32cubeide_1.3.0/stm32cubeide/plugins/com.st.stm32cube.ide.mcu.externaltools.gnu-tools-for-stm32.7-2018-q2-update.win32_1.0.0.201904181610/tools/bin/../lib/gcc/arm-none-eabi/7.3.1/../../../../arm-none-eabi/lib/thumb/v6-m\libc_nano.a(lib_a-memcpy-stub.o)
 .ARM.attributes
                0x00000000000006fe       0x2c c:/st/stm32cubeide_1.3.0/stm32cubeide/plugins/com.st.stm32cube.ide.mcu.externaltools.gnu-tools-for-stm32.7-2018-q2-update.win32_1.0.0.201904181610/tools/bin/../lib/gcc/arm-none-eabi/7.3.1/../../../../arm-none-eabi/lib/thumb/v6-m\libc_nano.a(lib_a-memset.o)
 .ARM.attributes
                0x000000000000072a       0x2c c:/st/stm32cubeide_1.3.0/stm32cubeide/plugins/com.st.stm32cube.ide.mcu.externaltools.gnu-tools-for-stm32.7-2018-q2-update.win32_1.0.0.201904181610/tools/bin/../lib/gcc/arm-none-eabi/7.3.1/../../../../arm-none-eabi/lib/thumb/v6-m\libc_nano.a(lib_a-strncmp.o)
 .ARM.attributes
                0x0000000000000756       0x2c c:/st/stm32cubeide_1.3.0/stm32cubeide/plugins/com.st.stm32cube.ide.mcu.externaltools.gnu-tools-for-stm32.7-2018-q2-update.win32_1.0.0.201904181610/tools/bin/../lib/gcc/arm-none-eabi/7.3.1/../../../../arm-none-eabi/lib/thumb/v6-m\libc_nano.a(lib_a-vsnprintf.o)
 .ARM.attributes
                0x0000000000000782       0x2c c:/st/stm32cubeide_1.3.0/stm32cubeide/plugins/com.st.stm32cube.ide.mcu.externaltools.gnu-tools-for-stm32.7-2018-q2-update.win32_1.0.0.201904181610/tools/bin/../lib/gcc/arm-none-eabi/7.3.1/../../../../arm-none-eabi/lib/thumb/v6-m\libc_nano.a(lib_a-nano-svfprintf.o)
 .ARM.attributes
                0x00000000000007ae       0x2c c:/st/stm32cubeide_1.3.0/stm32cubeide/plugins/com.st.stm32cube.ide.mcu.externaltools.gnu-tools-for-stm32.7-2018-q2-update.win32_1.0.0.201904181610/tools/bin/../lib/gcc/arm-none-eabi/7.3.1/../../../../arm-none-eabi/lib/thumb/v6-m\libc_nano.a(lib_a-nano-vfprintf_i.o)
 .ARM.attributes
                0x00000000000007da       0x2c c:/st/stm32cubeide_1.3.0/stm32cubeide/plugins/com.st.stm32cube.ide.mcu.externaltools.gnu-tools-for-stm32.7-2018-q2-update.win32_1.0.0.201904181610/tools/bin/../lib/gcc/arm-none-eabi/7.3.1/../../../../arm-none-eabi/lib/thumb/v6-m\libc_nano.a(lib_a-memchr-stub.o)
 .ARM.attributes
                0x0000000000000806       0x2c c:/st/stm32cubeide_1.3.0/stm32cubeide/plugins/com.st.stm32cube.ide.mcu.externaltools.gnu-tools-for-stm32.7-2018-q2-update.win32_1.0.0.201904181610/tools/bin/../lib/gcc/arm-none-eabi/7.3.1/../../../../arm-none-eabi/lib/thumb/v6-m\libc_nano.a(lib_a-memmove.o)
 .ARM.attributes
                0x0000000000000832       0x2c c:/st/stm32cubeide_1.3.0/stm32cubeide/plugins/com.st.stm32cube.ide.mcu.externaltools.gnu-tools-for-stm32.7-2018-q2-update.win32_1.0.0.201904181610/tools/bin/../lib/gcc/arm-none-eabi/7.3.1/../../../../arm-none-eabi/lib/thumb/v6-m\libc_nano.a(lib_a-nano-freer.o)
 .ARM.attributes
                0x000000000000085e       0x2c c:/st/stm32cubeide_1.3.0/stm32cubeide/plugins/com.st.stm32cube.ide.mcu.externaltools.gnu-tools-for-stm32.7-2018-q2-update.win32_1.0.0.201904181610/tools/bin/../lib/gcc/arm-none-eabi/7.3.1/../../../../arm-none-eabi/lib/thumb/v6-m\libc_nano.a(lib_a-nano-mallocr.o)
 .ARM.attributes
                0x000000000000088a       0x2c c:/st/stm32cubeide_1.3.0/stm32cubeide/plugins/com.st.stm32cube.ide.mcu.externaltools.gnu-tools-for-stm32.7-2018-q2-update.win32_1.0.0.201904181610/tools/bin/../lib/gcc/arm-none-eabi/7.3.1/../../../../arm-none-eabi/lib/thumb/v6-m\libc_nano.a(lib_a-nano-reallocr.o)
 .ARM.attributes
                0x00000000000008b6       0x2c c:/st/stm32cubeide_1.3.0/stm32cubeide/plugins/com.st.stm32cube.ide.mcu.externaltools.gnu-tools-for-stm32.7-2018-q2-update.win32_1.0.0.201904181610/tools/bin/../lib/gcc/arm-none-eabi/7.3.1/../../../../arm-none-eabi/lib/thumb/v6-m\libc_nano.a(lib_a-sbrkr.o)
 .ARM.attributes
                0x00000000000008e2       0x2c c:/st/stm32cubeide_1.3.0/stm32cubeide/plugins/com.st.stm32cube.ide.mcu.externaltools.gnu-tools-for-stm32.7-2018-q2-update.win32_1.0.0.201904181610/tools/bin/../lib/gcc/arm-none-eabi/7.3.1/../../../../arm-none-eabi/lib/thumb/v6-m\libc_nano.a(lib_a-mlock.o)
 .ARM.attributes
                0x000000000000090e       0x2c c:/st/stm32cubeide_1.3.0/stm32cubeide/plugins/com.st.stm32cube.ide.mcu.externaltools.gnu-tools-for-stm32.7-2018-q2-update.win32_1.0.0.201904181610/tools/bin/../lib/gcc/arm-none-eabi/7.3.1/../../../../arm-none-eabi/lib/thumb/v6-m\libc_nano.a(lib_a-nano-msizer.o)
 .ARM.attributes
                0x000000000000093a       0x2c c:/st/stm32cubeide_1.3.0/stm32cubeide/plugins/com.st.stm32cube.ide.mcu.externaltools.gnu-tools-for-stm32.7-2018-q2-update.win32_1.0.0.201904181610/tools/bin/../lib/gcc/arm-none-eabi/7.3.1/../../../../arm-none-eabi/lib/thumb/v6-m\libc_nano.a(lib_a-reent.o)
 .ARM.attributes
                0x0000000000000966       0x2c c:/st/stm32cubeide_1.3.0/stm32cubeide/plugins/com.st.stm32cube.ide.mcu.externaltools.gnu-tools-for-stm32.7-2018-q2-update.win32_1.0.0.201904181610/tools/bin/../lib/gcc/arm-none-eabi/7.3.1/../../../../arm-none-eabi/lib/thumb/v6-m\libm.a(lib_a-s_ceil.o)
 .ARM.attributes
                0x0000000000000992       0x2c c:/st/stm32cubeide_1.3.0/stm32cubeide/plugins/com.st.stm32cube.ide.mcu.externaltools.gnu-tools-for-stm32.7-2018-q2-update.win32_1.0.0.201904181610/tools/bin/../lib/gcc/arm-none-eabi/7.3.1/../../../../arm-none-eabi/lib/thumb/v6-m\libm.a(lib_a-s_floor.o)
 .ARM.attributes
                0x00000000000009be       0x2c c:/st/stm32cubeide_1.3.0/stm32cubeide/plugins/com.st.stm32cube.ide.mcu.externaltools.gnu-tools-for-stm32.7-2018-q2-update.win32_1.0.0.201904181610/tools/bin/../lib/gcc/arm-none-eabi/7.3.1/../../../../arm-none-eabi/lib/thumb/v6-m\libm.a(lib_a-s_round.o)
 .ARM.attributes
                0x00000000000009ea       0x1e c:/st/stm32cubeide_1.3.0/stm32cubeide/plugins/com.st.stm32cube.ide.mcu.externaltools.gnu-tools-for-stm32.7-2018-q2-update.win32_1.0.0.201904181610/tools/bin/../lib/gcc/arm-none-eabi/7.3.1/thumb/v6-m\libgcc.a(_thumb1_case_uqi.o)
 .ARM.attributes
                0x0000000000000a08       0x1e c:/st/stm32cubeide_1.3.0/stm32cubeide/plugins/com.st.stm32cube.ide.mcu.externaltools.gnu-tools-for-stm32.7-2018-q2-update.win32_1.0.0.201904181610/tools/bin/../lib/gcc/arm-none-eabi/7.3.1/thumb/v6-m\libgcc.a(_udivsi3.o)
 .ARM.attributes
                0x0000000000000a26       0x1e c:/st/stm32cubeide_1.3.0/stm32cubeide/plugins/com.st.stm32cube.ide.mcu.externaltools.gnu-tools-for-stm32.7-2018-q2-update.win32_1.0.0.201904181610/tools/bin/../lib/gcc/arm-none-eabi/7.3.1/thumb/v6-m\libgcc.a(_divsi3.o)
 .ARM.attributes
                0x0000000000000a44       0x1e c:/st/stm32cubeide_1.3.0/stm32cubeide/plugins/com.st.stm32cube.ide.mcu.externaltools.gnu-tools-for-stm32.7-2018-q2-update.win32_1.0.0.201904181610/tools/bin/../lib/gcc/arm-none-eabi/7.3.1/thumb/v6-m\libgcc.a(_dvmd_tls.o)
 .ARM.attributes
                0x0000000000000a62       0x1e c:/st/stm32cubeide_1.3.0/stm32cubeide/plugins/com.st.stm32cube.ide.mcu.externaltools.gnu-tools-for-stm32.7-2018-q2-update.win32_1.0.0.201904181610/tools/bin/../lib/gcc/arm-none-eabi/7.3.1/thumb/v6-m\libgcc.a(_arm_cmpdf2.o)
 .ARM.attributes
                0x0000000000000a80       0x1e c:/st/stm32cubeide_1.3.0/stm32cubeide/plugins/com.st.stm32cube.ide.mcu.externaltools.gnu-tools-for-stm32.7-2018-q2-update.win32_1.0.0.201904181610/tools/bin/../lib/gcc/arm-none-eabi/7.3.1/thumb/v6-m\libgcc.a(_aeabi_uldivmod.o)
 .ARM.attributes
                0x0000000000000a9e       0x2c c:/st/stm32cubeide_1.3.0/stm32cubeide/plugins/com.st.stm32cube.ide.mcu.externaltools.gnu-tools-for-stm32.7-2018-q2-update.win32_1.0.0.201904181610/tools/bin/../lib/gcc/arm-none-eabi/7.3.1/thumb/v6-m\libgcc.a(_fixunsdfsi.o)
 .ARM.attributes
                0x0000000000000aca       0x2c c:/st/stm32cubeide_1.3.0/stm32cubeide/plugins/com.st.stm32cube.ide.mcu.externaltools.gnu-tools-for-stm32.7-2018-q2-update.win32_1.0.0.201904181610/tools/bin/../lib/gcc/arm-none-eabi/7.3.1/thumb/v6-m\libgcc.a(_udivmoddi4.o)
 .ARM.attributes
                0x0000000000000af6       0x2c c:/st/stm32cubeide_1.3.0/stm32cubeide/plugins/com.st.stm32cube.ide.mcu.externaltools.gnu-tools-for-stm32.7-2018-q2-update.win32_1.0.0.201904181610/tools/bin/../lib/gcc/arm-none-eabi/7.3.1/thumb/v6-m\libgcc.a(adddf3.o)
 .ARM.attributes
                0x0000000000000b22       0x2c c:/st/stm32cubeide_1.3.0/stm32cubeide/plugins/com.st.stm32cube.ide.mcu.externaltools.gnu-tools-for-stm32.7-2018-q2-update.win32_1.0.0.201904181610/tools/bin/../lib/gcc/arm-none-eabi/7.3.1/thumb/v6-m\libgcc.a(divdf3.o)
 .ARM.attributes
                0x0000000000000b4e       0x2c c:/st/stm32cubeide_1.3.0/stm32cubeide/plugins/com.st.stm32cube.ide.mcu.externaltools.gnu-tools-for-stm32.7-2018-q2-update.win32_1.0.0.201904181610/tools/bin/../lib/gcc/arm-none-eabi/7.3.1/thumb/v6-m\libgcc.a(eqdf2.o)
 .ARM.attributes
                0x0000000000000b7a       0x2c c:/st/stm32cubeide_1.3.0/stm32cubeide/plugins/com.st.stm32cube.ide.mcu.externaltools.gnu-tools-for-stm32.7-2018-q2-update.win32_1.0.0.201904181610/tools/bin/../lib/gcc/arm-none-eabi/7.3.1/thumb/v6-m\libgcc.a(gedf2.o)
 .ARM.attributes
                0x0000000000000ba6       0x2c c:/st/stm32cubeide_1.3.0/stm32cubeide/plugins/com.st.stm32cube.ide.mcu.externaltools.gnu-tools-for-stm32.7-2018-q2-update.win32_1.0.0.201904181610/tools/bin/../lib/gcc/arm-none-eabi/7.3.1/thumb/v6-m\libgcc.a(ledf2.o)
 .ARM.attributes
                0x0000000000000bd2       0x2c c:/st/stm32cubeide_1.3.0/stm32cubeide/plugins/com.st.stm32cube.ide.mcu.externaltools.gnu-tools-for-stm32.7-2018-q2-update.win32_1.0.0.201904181610/tools/bin/../lib/gcc/arm-none-eabi/7.3.1/thumb/v6-m\libgcc.a(muldf3.o)
 .ARM.attributes
                0x0000000000000bfe       0x2c c:/st/stm32cubeide_1.3.0/stm32cubeide/plugins/com.st.stm32cube.ide.mcu.externaltools.gnu-tools-for-stm32.7-2018-q2-update.win32_1.0.0.201904181610/tools/bin/../lib/gcc/arm-none-eabi/7.3.1/thumb/v6-m\libgcc.a(subdf3.o)
 .ARM.attributes
                0x0000000000000c2a       0x2c c:/st/stm32cubeide_1.3.0/stm32cubeide/plugins/com.st.stm32cube.ide.mcu.externaltools.gnu-tools-for-stm32.7-2018-q2-update.win32_1.0.0.201904181610/tools/bin/../lib/gcc/arm-none-eabi/7.3.1/thumb/v6-m\libgcc.a(fixdfsi.o)
 .ARM.attributes
                0x0000000000000c56       0x2c c:/st/stm32cubeide_1.3.0/stm32cubeide/plugins/com.st.stm32cube.ide.mcu.externaltools.gnu-tools-for-stm32.7-2018-q2-update.win32_1.0.0.201904181610/tools/bin/../lib/gcc/arm-none-eabi/7.3.1/thumb/v6-m\libgcc.a(floatsidf.o)
 .ARM.attributes
                0x0000000000000c82       0x2c c:/st/stm32cubeide_1.3.0/stm32cubeide/plugins/com.st.stm32cube.ide.mcu.externaltools.gnu-tools-for-stm32.7-2018-q2-update.win32_1.0.0.201904181610/tools/bin/../lib/gcc/arm-none-eabi/7.3.1/thumb/v6-m\libgcc.a(floatunsidf.o)
 .ARM.attributes
                0x0000000000000cae       0x1e c:/st/stm32cubeide_1.3.0/stm32cubeide/plugins/com.st.stm32cube.ide.mcu.externaltools.gnu-tools-for-stm32.7-2018-q2-update.win32_1.0.0.201904181610/tools/bin/../lib/gcc/arm-none-eabi/7.3.1/thumb/v6-m\libgcc.a(_clzsi2.o)
 .ARM.attributes
                0x0000000000000ccc       0x1e c:/st/stm32cubeide_1.3.0/stm32cubeide/plugins/com.st.stm32cube.ide.mcu.externaltools.gnu-tools-for-stm32.7-2018-q2-update.win32_1.0.0.201904181610/tools/bin/../lib/gcc/arm-none-eabi/7.3.1/thumb/v6-m\libgcc.a(_clzdi2.o)
 .ARM.attributes
                0x0000000000000cea       0x2c c:/st/stm32cubeide_1.3.0/stm32cubeide/plugins/com.st.stm32cube.ide.mcu.externaltools.gnu-tools-for-stm32.7-2018-q2-update.win32_1.0.0.201904181610/tools/bin/../lib/gcc/arm-none-eabi/7.3.1/../../../../arm-none-eabi/lib/thumb/v6-m\libnosys.a(sbrk.o)
 .ARM.attributes
                0x0000000000000d16       0x1e c:/st/stm32cubeide_1.3.0/stm32cubeide/plugins/com.st.stm32cube.ide.mcu.externaltools.gnu-tools-for-stm32.7-2018-q2-update.win32_1.0.0.201904181610/tools/bin/../lib/gcc/arm-none-eabi/7.3.1/thumb/v6-m/crtn.o
OUTPUT(sx1272mb2das.elf elf32-littlearm)

.debug_info     0x0000000000000000    0x1ed84
 .debug_info    0x0000000000000000     0x363f Drivers/BSP/Components/sx1272.o
 .debug_info    0x000000000000363f     0x1717 Drivers/BSP/sx1272mb2das/sx1272mb2das.o
 .debug_info    0x0000000000004d56      0x395 Drivers/CMSIS/system_stm32l0xx.o
 .debug_info    0x00000000000050eb      0x8af Drivers/STM32L0xx_HAL_Driver/stm32l0xx_hal.o
 .debug_info    0x000000000000599a      0xf7d Drivers/STM32L0xx_HAL_Driver/stm32l0xx_hal_adc.o
 .debug_info    0x0000000000006917      0x9db Drivers/STM32L0xx_HAL_Driver/stm32l0xx_hal_cortex.o
 .debug_info    0x00000000000072f2      0x815 Drivers/STM32L0xx_HAL_Driver/stm32l0xx_hal_dma.o
 .debug_info    0x0000000000007b07      0x6d8 Drivers/STM32L0xx_HAL_Driver/stm32l0xx_hal_gpio.o
 .debug_info    0x00000000000081df      0x5b1 Drivers/STM32L0xx_HAL_Driver/stm32l0xx_hal_pwr.o
 .debug_info    0x0000000000008790      0x217 Drivers/STM32L0xx_HAL_Driver/stm32l0xx_hal_pwr_ex.o
 .debug_info    0x00000000000089a7      0xc45 Drivers/STM32L0xx_HAL_Driver/stm32l0xx_hal_rcc.o
 .debug_info    0x00000000000095ec      0x8d1 Drivers/STM32L0xx_HAL_Driver/stm32l0xx_hal_rcc_ex.o
 .debug_info    0x0000000000009ebd      0xdc6 Drivers/STM32L0xx_HAL_Driver/stm32l0xx_hal_rtc.o
 .debug_info    0x000000000000ac83      0xfeb Drivers/STM32L0xx_HAL_Driver/stm32l0xx_hal_rtc_ex.o
 .debug_info    0x000000000000bc6e     0x1c83 Drivers/STM32L0xx_HAL_Driver/stm32l0xx_hal_spi.o
 .debug_info    0x000000000000d8f1     0x1bb1 Drivers/STM32L0xx_HAL_Driver/stm32l0xx_hal_uart.o
 .debug_info    0x000000000000f4a2      0x984 Drivers/STM32L0xx_HAL_Driver/stm32l0xx_hal_uart_ex.o
 .debug_info    0x000000000000fe26      0xcac Middlewares/LoRaWAN/Utilities/low_power_manager.o
 .debug_info    0x0000000000010ad2      0x465 Middlewares/LoRaWAN/Utilities/queue.o
 .debug_info    0x0000000000010f37     0x10d2 Middlewares/LoRaWAN/Utilities/timeServer.o
 .debug_info    0x0000000000012009      0xeb4 Middlewares/LoRaWAN/Utilities/trace.o
 .debug_info    0x0000000000012ebd      0xb07 Middlewares/LoRaWAN/Utilities/utilities.o
 .debug_info    0x00000000000139c4      0xce8 Projects/PingPong/debug.o
 .debug_info    0x00000000000146ac     0x1054 Projects/PingPong/hw_gpio.o
 .debug_info    0x0000000000015700     0x19dd Projects/PingPong/hw_rtc.o
 .debug_info    0x00000000000170dd     0x1450 Projects/PingPong/hw_spi.o
 .debug_info    0x000000000001852d     0x15b7 Projects/PingPong/main.o
 .debug_info    0x0000000000019ae4     0x1349 Projects/PingPong/stm32l0xx_hal_msp.o
 .debug_info    0x000000000001ae2d     0x1cae Projects/PingPong/stm32l0xx_hw.o
 .debug_info    0x000000000001cadb      0xc60 Projects/PingPong/stm32l0xx_it.o
 .debug_info    0x000000000001d73b     0x1627 Projects/PingPong/vcom.o
 .debug_info    0x000000000001ed62       0x22 Projects/SW4STM32/startup_stm32l073xx.o

.debug_abbrev   0x0000000000000000     0x50bd
 .debug_abbrev  0x0000000000000000      0x503 Drivers/BSP/Components/sx1272.o
 .debug_abbrev  0x0000000000000503      0x2de Drivers/BSP/sx1272mb2das/sx1272mb2das.o
 .debug_abbrev  0x00000000000007e1      0x111 Drivers/CMSIS/system_stm32l0xx.o
 .debug_abbrev  0x00000000000008f2      0x293 Drivers/STM32L0xx_HAL_Driver/stm32l0xx_hal.o
 .debug_abbrev  0x0000000000000b85      0x2ac Drivers/STM32L0xx_HAL_Driver/stm32l0xx_hal_adc.o
 .debug_abbrev  0x0000000000000e31      0x28a Drivers/STM32L0xx_HAL_Driver/stm32l0xx_hal_cortex.o
 .debug_abbrev  0x00000000000010bb      0x203 Drivers/STM32L0xx_HAL_Driver/stm32l0xx_hal_dma.o
 .debug_abbrev  0x00000000000012be      0x1cf Drivers/STM32L0xx_HAL_Driver/stm32l0xx_hal_gpio.o
 .debug_abbrev  0x000000000000148d      0x17e Drivers/STM32L0xx_HAL_Driver/stm32l0xx_hal_pwr.o
 .debug_abbrev  0x000000000000160b      0x11c Drivers/STM32L0xx_HAL_Driver/stm32l0xx_hal_pwr_ex.o
 .debug_abbrev  0x0000000000001727      0x2be Drivers/STM32L0xx_HAL_Driver/stm32l0xx_hal_rcc.o
 .debug_abbrev  0x00000000000019e5      0x22f Drivers/STM32L0xx_HAL_Driver/stm32l0xx_hal_rcc_ex.o
 .debug_abbrev  0x0000000000001c14      0x20d Drivers/STM32L0xx_HAL_Driver/stm32l0xx_hal_rtc.o
 .debug_abbrev  0x0000000000001e21      0x238 Drivers/STM32L0xx_HAL_Driver/stm32l0xx_hal_rtc_ex.o
 .debug_abbrev  0x0000000000002059      0x353 Drivers/STM32L0xx_HAL_Driver/stm32l0xx_hal_spi.o
 .debug_abbrev  0x00000000000023ac      0x333 Drivers/STM32L0xx_HAL_Driver/stm32l0xx_hal_uart.o
 .debug_abbrev  0x00000000000026df      0x246 Drivers/STM32L0xx_HAL_Driver/stm32l0xx_hal_uart_ex.o