Archive member included to satisfy reference by file (symbol)

c:/st/stm32cubeide_1.3.0/stm32cubeide/plugins/com.st.stm32cube.ide.mcu.externaltools.gnu-tools-for-stm32.7-2018-q2-update.win32_1.0.0.201904181610/tools/bin/../lib/gcc/arm-none-eabi/7.3.1/../../../../arm-none-eabi/lib/thumb/v6-m\libc_nano.a(lib_a-exit.o)
                              c:/st/stm32cubeide_1.3.0/stm32cubeide/plugins/com.st.stm32cube.ide.mcu.externaltools.gnu-tools-for-stm32.7-2018-q2-update.win32_1.0.0.201904181610/tools/bin/../lib/gcc/arm-none-eabi/7.3.1/../../../../arm-none-eabi/lib/thumb/v6-m/crt0.o (exit)
c:/st/stm32cubeide_1.3.0/stm32cubeide/plugins/com.st.stm32cube.ide.mcu.externaltools.gnu-tools-for-stm32.7-2018-q2-update.win32_1.0.0.201904181610/tools/bin/../lib/gcc/arm-none-eabi/7.3.1/../../../../arm-none-eabi/lib/thumb/v6-m\libc_nano.a(lib_a-impure.o)
                              c:/st/stm32cubeide_1.3.0/stm32cubeide/plugins/com.st.stm32cube.ide.mcu.externaltools.gnu-tools-for-stm32.7-2018-q2-update.win32_1.0.0.201904181610/tools/bin/../lib/gcc/arm-none-eabi/7.3.1/../../../../arm-none-eabi/lib/thumb/v6-m\libc_nano.a(lib_a-exit.o) (_global_impure_ptr)
c:/st/stm32cubeide_1.3.0/stm32cubeide/plugins/com.st.stm32cube.ide.mcu.externaltools.gnu-tools-for-stm32.7-2018-q2-update.win32_1.0.0.201904181610/tools/bin/../lib/gcc/arm-none-eabi/7.3.1/../../../../arm-none-eabi/lib/thumb/v6-m\libc_nano.a(lib_a-init.o)
                              c:/st/stm32cubeide_1.3.0/stm32cubeide/plugins/com.st.stm32cube.ide.mcu.externaltools.gnu-tools-for-stm32.7-2018-q2-update.win32_1.0.0.201904181610/tools/bin/../lib/gcc/arm-none-eabi/7.3.1/../../../../arm-none-eabi/lib/thumb/v6-m/crt0.o (__libc_init_array)
c:/st/stm32cubeide_1.3.0/stm32cubeide/plugins/com.st.stm32cube.ide.mcu.externaltools.gnu-tools-for-stm32.7-2018-q2-update.win32_1.0.0.201904181610/tools/bin/../lib/gcc/arm-none-eabi/7.3.1/../../../../arm-none-eabi/lib/thumb/v6-m\libc_nano.a(lib_a-memcpy-stub.o)
                              Projects/PingPong/main.o (memcpy)
c:/st/stm32cubeide_1.3.0/stm32cubeide/plugins/com.st.stm32cube.ide.mcu.externaltools.gnu-tools-for-stm32.7-2018-q2-update.win32_1.0.0.201904181610/tools/bin/../lib/gcc/arm-none-eabi/7.3.1/../../../../arm-none-eabi/lib/thumb/v6-m\libc_nano.a(lib_a-memset.o)
                              c:/st/stm32cubeide_1.3.0/stm32cubeide/plugins/com.st.stm32cube.ide.mcu.externaltools.gnu-tools-for-stm32.7-2018-q2-update.win32_1.0.0.201904181610/tools/bin/../lib/gcc/arm-none-eabi/7.3.1/../../../../arm-none-eabi/lib/thumb/v6-m/crt0.o (memset)
c:/st/stm32cubeide_1.3.0/stm32cubeide/plugins/com.st.stm32cube.ide.mcu.externaltools.gnu-tools-for-stm32.7-2018-q2-update.win32_1.0.0.201904181610/tools/bin/../lib/gcc/arm-none-eabi/7.3.1/../../../../arm-none-eabi/lib/thumb/v6-m\libc_nano.a(lib_a-strncmp.o)
                              Projects/PingPong/main.o (strncmp)
c:/st/stm32cubeide_1.3.0/stm32cubeide/plugins/com.st.stm32cube.ide.mcu.externaltools.gnu-tools-for-stm32.7-2018-q2-update.win32_1.0.0.201904181610/tools/bin/../lib/gcc/arm-none-eabi/7.3.1/../../../../arm-none-eabi/lib/thumb/v6-m\libc_nano.a(lib_a-strrchr.o)
                              Middlewares/LoRaWAN/Utilities/trace.o (strrchr)
c:/st/stm32cubeide_1.3.0/stm32cubeide/plugins/com.st.stm32cube.ide.mcu.externaltools.gnu-tools-for-stm32.7-2018-q2-update.win32_1.0.0.201904181610/tools/bin/../lib/gcc/arm-none-eabi/7.3.1/../../../../arm-none-eabi/lib/thumb/v6-m\libc_nano.a(lib_a-vsnprintf.o)
                              Middlewares/LoRaWAN/Utilities/trace.o (vsnprintf)
c:/st/stm32cubeide_1.3.0/stm32cubeide/plugins/com.st.stm32cube.ide.mcu.externaltools.gnu-tools-for-stm32.7-2018-q2-update.win32_1.0.0.201904181610/tools/bin/../lib/gcc/arm-none-eabi/7.3.1/../../../../arm-none-eabi/lib/thumb/v6-m\libc_nano.a(lib_a-nano-svfprintf.o)
                              c:/st/stm32cubeide_1.3.0/stm32cubeide/plugins/com.st.stm32cube.ide.mcu.externaltools.gnu-tools-for-stm32.7-2018-q2-update.win32_1.0.0.201904181610/tools/bin/../lib/gcc/arm-none-eabi/7.3.1/../../../../arm-none-eabi/lib/thumb/v6-m\libc_nano.a(lib_a-vsnprintf.o) (_svfprintf_r)
c:/st/stm32cubeide_1.3.0/stm32cubeide/plugins/com.st.stm32cube.ide.mcu.externaltools.gnu-tools-for-stm32.7-2018-q2-update.win32_1.0.0.201904181610/tools/bin/../lib/gcc/arm-none-eabi/7.3.1/../../../../arm-none-eabi/lib/thumb/v6-m\libc_nano.a(lib_a-nano-vfprintf_i.o)
                              c:/st/stm32cubeide_1.3.0/stm32cubeide/plugins/com.st.stm32cube.ide.mcu.externaltools.gnu-tools-for-stm32.7-2018-q2-update.win32_1.0.0.201904181610/tools/bin/../lib/gcc/arm-none-eabi/7.3.1/../../../../arm-none-eabi/lib/thumb/v6-m\libc_nano.a(lib_a-nano-svfprintf.o) (_printf_i)
c:/st/stm32cubeide_1.3.0/stm32cubeide/plugins/com.st.stm32cube.ide.mcu.externaltools.gnu-tools-for-stm32.7-2018-q2-update.win32_1.0.0.201904181610/tools/bin/../lib/gcc/arm-none-eabi/7.3.1/../../../../arm-none-eabi/lib/thumb/v6-m\libc_nano.a(lib_a-strchr.o)
[...]
Memory Configuration

Name             Origin             Length             Attributes
RAM              0x0000000020000000 0x0000000000005000 xrw
FLASH            0x0000000008000000 0x0000000000030000 xr
*default*        0x0000000000000000 0xffffffffffffffff

Linker script and memory map

LOAD c:/st/stm32cubeide_1.3.0/stm32cubeide/plugins/com.st.stm32cube.ide.mcu.externaltools.gnu-tools-for-stm32.7-2018-q2-update.win32_1.0.0.201904181610/tools/bin/../lib/gcc/arm-none-eabi/7.3.1/thumb/v6-m/crti.o
LOAD c:/st/stm32cubeide_1.3.0/stm32cubeide/plugins/com.st.stm32cube.ide.mcu.externaltools.gnu-tools-for-stm32.7-2018-q2-update.win32_1.0.0.201904181610/tools/bin/../lib/gcc/arm-none-eabi/7.3.1/thumb/v6-m/crtbegin.o
LOAD c:/st/stm32cubeide_1.3.0/stm32cubeide/plugins/com.st.stm32cube.ide.mcu.externaltools.gnu-tools-for-stm32.7-2018-q2-update.win32_1.0.0.201904181610/tools/bin/../lib/gcc/arm-none-eabi/7.3.1/../../../../arm-none-eabi/lib/thumb/v6-m/crt0.o
LOAD Drivers/BSP/Components/sx1276.o
LOAD Drivers/BSP/STM32L0xx_Nucleo/stm32l0xx_nucleo.o
LOAD Drivers/BSP/sx1276mb1las/sx1276mb1las.o
LOAD Drivers/CMSIS/system_stm32l0xx.o
LOAD Drivers/STM32L0xx_HAL_Driver/stm32l0xx_hal.o
LOAD Drivers/STM32L0xx_HAL_Driver/stm32l0xx_hal_adc.o
LOAD Drivers/STM32L0xx_HAL_Driver/stm32l0xx_hal_adc_ex.o
LOAD Drivers/STM32L0xx_HAL_Driver/stm32l0xx_hal_cortex.o
LOAD Drivers/STM32L0xx_HAL_Driver/stm32l0xx_hal_dma.o
LOAD Drivers/STM32L0xx_HAL_Driver/stm32l0xx_hal_gpio.o
LOAD Drivers/STM32L0xx_HAL_Driver/stm32l0xx_hal_i2c.o
LOAD Drivers/STM32L0xx_HAL_Driver/stm32l0xx_hal_pwr.o
LOAD Drivers/STM32L0xx_HAL_Driver/stm32l0xx_hal_pwr_ex.o
LOAD Drivers/STM32L0xx_HAL_Driver/stm32l0xx_hal_rcc.o
LOAD Drivers/STM32L0xx_HAL_Driver/stm32l0xx_hal_rcc_ex.o
LOAD Drivers/STM32L0xx_HAL_Driver/stm32l0xx_hal_rtc.o
LOAD Drivers/STM32L0xx_HAL_Driver/stm32l0xx_hal_rtc_ex.o
LOAD Drivers/STM32L0xx_HAL_Driver/stm32l0xx_hal_spi.o
LOAD Drivers/STM32L0xx_HAL_Driver/stm32l0xx_hal_tim.o
LOAD Drivers/STM32L0xx_HAL_Driver/stm32l0xx_hal_tim_ex.o
LOAD Drivers/STM32L0xx_HAL_Driver/stm32l0xx_hal_uart.o
LOAD Drivers/STM32L0xx_HAL_Driver/stm32l0xx_hal_uart_ex.o
LOAD Middlewares/LoRaWAN/Utilities/low_power_manager.o
LOAD Middlewares/LoRaWAN/Utilities/queue.o
LOAD Middlewares/LoRaWAN/Utilities/timeServer.o
LOAD Middlewares/LoRaWAN/Utilities/trace.o
LOAD Middlewares/LoRaWAN/Utilities/utilities.o
LOAD Projects/PingPong/debug.o
LOAD Projects/PingPong/hw_gpio.o
LOAD Projects/PingPong/hw_rtc.o
LOAD Projects/PingPong/hw_spi.o
LOAD Projects/PingPong/main.o
LOAD Projects/PingPong/stm32l0xx_hal_msp.o
LOAD Projects/PingPong/stm32l0xx_hw.o
LOAD Projects/PingPong/stm32l0xx_it.o
LOAD Projects/PingPong/vcom.o
LOAD Projects/SW4STM32/startup_stm32l073xx.o
START GROUP
LOAD c:/st/stm32cubeide_1.3.0/stm32cubeide/plugins/com.st.stm32cube.ide.mcu.externaltools.gnu-tools-for-stm32.7-2018-q2-update.win32_1.0.0.201904181610/tools/bin/../lib/gcc/arm-none-eabi/7.3.1/../../../../arm-none-eabi/lib/thumb/v6-m\libc_nano.a
LOAD c:/st/stm32cubeide_1.3.0/stm32cubeide/plugins/com.st.stm32cube.ide.mcu.externaltools.gnu-tools-for-stm32.7-2018-q2-update.win32_1.0.0.201904181610/tools/bin/../lib/gcc/arm-none-eabi/7.3.1/../../../../arm-none-eabi/lib/thumb/v6-m\libm.a
END GROUP
START GROUP
LOAD c:/st/stm32cubeide_1.3.0/stm32cubeide/plugins/com.st.stm32cube.ide.mcu.externaltools.gnu-tools-for-stm32.7-2018-q2-update.win32_1.0.0.201904181610/tools/bin/../lib/gcc/arm-none-eabi/7.3.1/thumb/v6-m\libgcc.a
LOAD c:/st/stm32cubeide_1.3.0/stm32cubeide/plugins/com.st.stm32cube.ide.mcu.externaltools.gnu-tools-for-stm32.7-2018-q2-update.win32_1.0.0.201904181610/tools/bin/../lib/gcc/arm-none-eabi/7.3.1/../../../../arm-none-eabi/lib/thumb/v6-m\libc_nano.a
END GROUP
START GROUP
LOAD c:/st/stm32cubeide_1.3.0/stm32cubeide/plugins/com.st.stm32cube.ide.mcu.externaltools.gnu-tools-for-stm32.7-2018-q2-update.win32_1.0.0.201904181610/tools/bin/../lib/gcc/arm-none-eabi/7.3.1/thumb/v6-m\libgcc.a
LOAD c:/st/stm32cubeide_1.3.0/stm32cubeide/plugins/com.st.stm32cube.ide.mcu.externaltools.gnu-tools-for-stm32.7-2018-q2-update.win32_1.0.0.201904181610/tools/bin/../lib/gcc/arm-none-eabi/7.3.1/../../../../arm-none-eabi/lib/thumb/v6-m\libc_nano.a
LOAD c:/st/stm32cubeide_1.3.0/stm32cubeide/plugins/com.st.stm32cube.ide.mcu.externaltools.gnu-tools-for-stm32.7-2018-q2-update.win32_1.0.0.201904181610/tools/bin/../lib/gcc/arm-none-eabi/7.3.1/../../../../arm-none-eabi/lib/thumb/v6-m\libnosys.a
END GROUP
START GROUP
LOAD c:/st/stm32cubeide_1.3.0/stm32cubeide/plugins/com.st.stm32cube.ide.mcu.externaltools.gnu-tools-for-stm32.7-2018-q2-update.win32_1.0.0.201904181610/tools/bin/../lib/gcc/arm-none-eabi/7.3.1/thumb/v6-m\libgcc.a
LOAD c:/st/stm32cubeide_1.3.0/stm32cubeide/plugins/com.st.stm32cube.ide.mcu.externaltools.gnu-tools-for-stm32.7-2018-q2-update.win32_1.0.0.201904181610/tools/bin/../lib/gcc/arm-none-eabi/7.3.1/../../../../arm-none-eabi/lib/thumb/v6-m\libc_nano.a
LOAD c:/st/stm32cubeide_1.3.0/stm32cubeide/plugins/com.st.stm32cube.ide.mcu.externaltools.gnu-tools-for-stm32.7-2018-q2-update.win32_1.0.0.201904181610/tools/bin/../lib/gcc/arm-none-eabi/7.3.1/../../../../arm-none-eabi/lib/thumb/v6-m\libnosys.a
END GROUP
LOAD c:/st/stm32cubeide_1.3.0/stm32cubeide/plugins/com.st.stm32cube.ide.mcu.externaltools.gnu-tools-for-stm32.7-2018-q2-update.win32_1.0.0.201904181610/tools/bin/../lib/gcc/arm-none-eabi/7.3.1/thumb/v6-m/crtend.o
LOAD c:/st/stm32cubeide_1.3.0/stm32cubeide/plugins/com.st.stm32cube.ide.mcu.externaltools.gnu-tools-for-stm32.7-2018-q2-update.win32_1.0.0.201904181610/tools/bin/../lib/gcc/arm-none-eabi/7.3.1/thumb/v6-m/crtn.o
                0x0000000020005000                _estack = 0x20005000
                0x0000000000000200                _Min_Heap_Size = 0x200
                0x0000000000000400                _Min_Stack_Size = 0x400

.isr_vector     0x0000000008000000       0xc0
                0x0000000008000000                . = ALIGN (0x4)
 *(.isr_vector)
 .isr_vector    0x0000000008000000       0xc0 Projects/SW4STM32/startup_stm32l073xx.o
                0x0000000008000000                g_pfnVectors
                0x00000000080000c0                . = ALIGN (0x4)

.text           0x00000000080000c0     0x7c10
                0x00000000080000c0                . = ALIGN (0x4)
 *(.text)
 .text          0x00000000080000c0       0x48 c:/st/stm32cubeide_1.3.0/stm32cubeide/plugins/com.st.stm32cube.ide.mcu.externaltools.gnu-tools-for-stm32.7-2018-q2-update.win32_1.0.0.201904181610/tools/bin/../lib/gcc/arm-none-eabi/7.3.1/thumb/v6-m/crtbegin.o
 .text          0x0000000008000108       0x14 c:/st/stm32cubeide_1.3.0/stm32cubeide/plugins/com.st.stm32cube.ide.mcu.externaltools.gnu-tools-for-stm32.7-2018-q2-update.win32_1.0.0.201904181610/tools/bin/../lib/gcc/arm-none-eabi/7.3.1/thumb/v6-m\libgcc.a(_thumb1_case_uqi.o)
                0x0000000008000108                __gnu_thumb1_case_uqi
 .text          0x000000000800011c      0x114 c:/st/stm32cubeide_1.3.0/stm32cubeide/plugins/com.st.stm32cube.ide.mcu.externaltools.gnu-tools-for-stm32.7-2018-q2-update.win32_1.0.0.201904181610/tools/bin/../lib/gcc/arm-none-eabi/7.3.1/thumb/v6-m\libgcc.a(_udivsi3.o)
                0x000000000800011c                __aeabi_uidiv
                0x000000000800011c                __udivsi3
                0x0000000008000228                __aeabi_uidivmod
 .text          0x0000000008000230      0x1d4 c:/st/stm32cubeide_1.3.0/stm32cubeide/plugins/com.st.stm32cube.ide.mcu.externaltools.gnu-tools-for-stm32.7-2018-q2-update.win32_1.0.0.201904181610/tools/bin/../lib/gcc/arm-none-eabi/7.3.1/thumb/v6-m\libgcc.a(_divsi3.o)
                0x0000000008000230                __divsi3
                0x0000000008000230                __aeabi_idiv
                0x00000000080003fc                __aeabi_idivmod
 .text          0x0000000008000404        0x4 c:/st/stm32cubeide_1.3.0/stm32cubeide/plugins/com.st.stm32cube.ide.mcu.externaltools.gnu-tools-for-stm32.7-2018-q2-update.win32_1.0.0.201904181610/tools/bin/../lib/gcc/arm-none-eabi/7.3.1/thumb/v6-m\libgcc.a(_dvmd_tls.o)
                0x0000000008000404                __aeabi_idiv0
                0x0000000008000404                __aeabi_ldiv0
 .text          0x0000000008000408       0x7c c:/st/stm32cubeide_1.3.0/stm32cubeide/plugins/com.st.stm32cube.ide.mcu.externaltools.gnu-tools-for-stm32.7-2018-q2-update.win32_1.0.0.201904181610/tools/bin/../lib/gcc/arm-none-eabi/7.3.1/thumb/v6-m\libgcc.a(_arm_cmpdf2.o)
                0x0000000008000408                __aeabi_cdrcmple
                0x0000000008000418                __aeabi_cdcmple
                0x0000000008000418                __aeabi_cdcmpeq
                0x0000000008000428                __aeabi_dcmpeq
                0x0000000008000434                __aeabi_dcmplt
                0x0000000008000448                __aeabi_dcmple
                0x000000000800045c                __aeabi_dcmpgt
                0x0000000008000470                __aeabi_dcmpge
 .text          0x0000000008000484       0x40 c:/st/stm32cubeide_1.3.0/stm32cubeide/plugins/com.st.stm32cube.ide.mcu.externaltools.gnu-tools-for-stm32.7-2018-q2-update.win32_1.0.0.201904181610/tools/bin/../lib/gcc/arm-none-eabi/7.3.1/thumb/v6-m\libgcc.a(_aeabi_uldivmod.o)
                0x0000000008000484                __aeabi_uldivmod
 .text          0x00000000080004c4       0x3c c:/st/stm32cubeide_1.3.0/stm32cubeide/plugins/com.st.stm32cube.ide.mcu.externaltools.gnu-tools-for-stm32.7-2018-q2-update.win32_1.0.0.201904181610/tools/bin/../lib/gcc/arm-none-eabi/7.3.1/thumb/v6-m\libgcc.a(_fixunsdfsi.o)
                0x00000000080004c4                __aeabi_d2uiz
                0x00000000080004c4                __fixunsdfsi
 .text          0x0000000008000500      0x184 c:/st/stm32cubeide_1.3.0/stm32cubeide/plugins/com.st.stm32cube.ide.mcu.externaltools.gnu-tools-for-stm32.7-2018-q2-update.win32_1.0.0.201904181610/tools/bin/../lib/gcc/arm-none-eabi/7.3.1/thumb/v6-m\libgcc.a(_udivmoddi4.o)
                0x0000000008000500                __udivmoddi4
 .text          0x0000000008000684      0x638 c:/st/stm32cubeide_1.3.0/stm32cubeide/plugins/com.st.stm32cube.ide.mcu.externaltools.gnu-tools-for-stm32.7-2018-q2-update.win32_1.0.0.201904181610/tools/bin/../lib/gcc/arm-none-eabi/7.3.1/thumb/v6-m\libgcc.a(adddf3.o)
                0x0000000008000684                __aeabi_dadd
 .text          0x0000000008000cbc      0x604 c:/st/stm32cubeide_1.3.0/stm32cubeide/plugins/com.st.stm32cube.ide.mcu.externaltools.gnu-tools-for-stm32.7-2018-q2-update.win32_1.0.0.201904181610/tools/bin/../lib/gcc/arm-none-eabi/7.3.1/thumb/v6-m\libgcc.a(divdf3.o)
                0x0000000008000cbc                __aeabi_ddiv
 .text          0x00000000080012c0       0x78 c:/st/stm32cubeide_1.3.0/stm32cubeide/plugins/com.st.stm32cube.ide.mcu.externaltools.gnu-tools-for-stm32.7-2018-q2-update.win32_1.0.0.201904181610/tools/bin/../lib/gcc/arm-none-eabi/7.3.1/thumb/v6-m\libgcc.a(eqdf2.o)
                0x00000000080012c0                __nedf2
                0x00000000080012c0                __eqdf2
 .text          0x0000000008001338       0xc8 c:/st/stm32cubeide_1.3.0/stm32cubeide/plugins/com.st.stm32cube.ide.mcu.externaltools.gnu-tools-for-stm32.7-2018-q2-update.win32_1.0.0.201904181610/tools/bin/../lib/gcc/arm-none-eabi/7.3.1/thumb/v6-m\libgcc.a(gedf2.o)
                0x0000000008001338                __gedf2
                0x0000000008001338                __gtdf2
 .text          0x0000000008001400       0xd0 c:/st/stm32cubeide_1.3.0/stm32cubeide/plugins/com.st.stm32cube.ide.mcu.externaltools.gnu-tools-for-stm32.7-2018-q2-update.win32_1.0.0.201904181610/tools/bin/../lib/gcc/arm-none-eabi/7.3.1/thumb/v6-m\libgcc.a(ledf2.o)
                0x0000000008001400                __ledf2
                0x0000000008001400                __ltdf2
 .text          0x00000000080014d0      0x4e4 c:/st/stm32cubeide_1.3.0/stm32cubeide/plugins/com.st.stm32cube.ide.mcu.externaltools.gnu-tools-for-stm32.7-2018-q2-update.win32_1.0.0.201904181610/tools/bin/../lib/gcc/arm-none-eabi/7.3.1/thumb/v6-m\libgcc.a(muldf3.o)
                0x00000000080014d0                __aeabi_dmul
 .text          0x00000000080019b4      0x690 c:/st/stm32cubeide_1.3.0/stm32cubeide/plugins/com.st.stm32cube.ide.mcu.externaltools.gnu-tools-for-stm32.7-2018-q2-update.win32_1.0.0.201904181610/tools/bin/../lib/gcc/arm-none-eabi/7.3.1/thumb/v6-m\libgcc.a(subdf3.o)
                0x00000000080019b4                __aeabi_dsub
 .text          0x0000000008002044       0x6c c:/st/stm32cubeide_1.3.0/stm32cubeide/plugins/com.st.stm32cube.ide.mcu.externaltools.gnu-tools-for-stm32.7-2018-q2-update.win32_1.0.0.201904181610/tools/bin/../lib/gcc/arm-none-eabi/7.3.1/thumb/v6-m\libgcc.a(fixdfsi.o)
                0x0000000008002044                __aeabi_d2iz
 .text          0x00000000080020b0       0x74 c:/st/stm32cubeide_1.3.0/stm32cubeide/plugins/com.st.stm32cube.ide.mcu.externaltools.gnu-tools-for-stm32.7-2018-q2-update.win32_1.0.0.201904181610/tools/bin/../lib/gcc/arm-none-eabi/7.3.1/thumb/v6-m\libgcc.a(floatsidf.o)
                0x00000000080020b0                __aeabi_i2d
 .text          0x0000000008002124       0x64 c:/st/stm32cubeide_1.3.0/stm32cubeide/plugins/com.st.stm32cube.ide.mcu.externaltools.gnu-tools-for-stm32.7-2018-q2-update.win32_1.0.0.201904181610/tools/bin/../lib/gcc/arm-none-eabi/7.3.1/thumb/v6-m\libgcc.a(floatunsidf.o)
                0x0000000008002124                __aeabi_ui2d
 .text          0x0000000008002188       0x3c c:/st/stm32cubeide_1.3.0/stm32cubeide/plugins/com.st.stm32cube.ide.mcu.externaltools.gnu-tools-for-stm32.7-2018-q2-update.win32_1.0.0.201904181610/tools/bin/../lib/gcc/arm-none-eabi/7.3.1/thumb/v6-m\libgcc.a(_clzsi2.o)
                0x0000000008002188                __clzsi2
 .text          0x00000000080021c4       0x18 c:/st/stm32cubeide_1.3.0/stm32cubeide/plugins/com.st.stm32cube.ide.mcu.externaltools.gnu-tools-for-stm32.7-2018-q2-update.win32_1.0.0.201904181610/tools/bin/../lib/gcc/arm-none-eabi/7.3.1/thumb/v6-m\libgcc.a(_clzdi2.o)
                0x00000000080021c4                __clzdi2
 *(.text*)
 .text.GetFskBandwidthRegValue
                0x00000000080021dc       0x28 Drivers/BSP/Components/sx1276.o
 .text.SX1276OnDio4Irq
                0x0000000008002204       0x1c Drivers/BSP/Components/sx1276.o
                0x0000000008002204                SX1276OnDio4Irq
 .text.SX1276BoardInit
                0x0000000008002220        0xc Drivers/BSP/Components/sx1276.o
                0x0000000008002220                SX1276BoardInit
 .text.SX1276GetStatus
                0x000000000800222c        0xc Drivers/BSP/Components/sx1276.o
                0x000000000800222c                SX1276GetStatus
 .text.SX1276Reset
                0x0000000008002238       0x4c Drivers/BSP/Components/sx1276.o
                0x0000000008002238                SX1276Reset
 .text.SX1276WriteBuffer
                0x0000000008002284       0x3c Drivers/BSP/Components/sx1276.o
                0x0000000008002284                SX1276WriteBuffer
 .text.SX1276Write
                0x00000000080022c0       0x12 Drivers/BSP/Components/sx1276.o
                0x00000000080022c0                SX1276Write
 *fill*         0x00000000080022d2        0x2 
 .text.SX1276SetChannel
                0x00000000080022d4       0x54 Drivers/BSP/Components/sx1276.o
                0x00000000080022d4                SX1276SetChannel
 .text.SX1276ReadBuffer
                0x0000000008002328       0x3c Drivers/BSP/Components/sx1276.o
                0x0000000008002328                SX1276ReadBuffer
 .text.SX1276Read
                0x0000000008002364       0x12 Drivers/BSP/Components/sx1276.o
                0x0000000008002364                SX1276Read
 *fill*         0x0000000008002376        0x2 
 .text.RxChainCalibration
                0x0000000008002378       0x98 Drivers/BSP/Components/sx1276.o
                0x0000000008002378                RxChainCalibration
 .text.SX1276GetTimeOnAir
                0x0000000008002410      0x1f0 Drivers/BSP/Components/sx1276.o
                0x0000000008002410                SX1276GetTimeOnAir
 .text.SX1276ReadRssi
                0x0000000008002600       0x44 Drivers/BSP/Components/sx1276.o
                0x0000000008002600                SX1276ReadRssi
 .text.SX1276SetOpMode.part.2
                0x0000000008002644       0x2c Drivers/BSP/Components/sx1276.o
 .text.SX1276SetSleep
                0x0000000008002670       0x40 Drivers/BSP/Components/sx1276.o
                0x0000000008002670                SX1276SetSleep
 .text.SX1276SetOpMode
                0x00000000080026b0       0x44 Drivers/BSP/Components/sx1276.o
                0x00000000080026b0                SX1276SetOpMode
 .text.SX1276SetStby
                0x00000000080026f4       0x34 Drivers/BSP/Components/sx1276.o
                0x00000000080026f4                SX1276SetStby
 .text.SX1276SetRx
                0x0000000008002728      0x20c Drivers/BSP/Components/sx1276.o
                0x0000000008002728                SX1276SetRx
 .text.SX1276SetTx
                0x0000000008002934       0xac Drivers/BSP/Components/sx1276.o
                0x0000000008002934                SX1276SetTx
 .text.SX1276StartCad
                0x00000000080029e0       0x34 Drivers/BSP/Components/sx1276.o
                0x00000000080029e0                SX1276StartCad
 .text.SX1276SetModem
                0x0000000008002a14       0x74 Drivers/BSP/Components/sx1276.o
                0x0000000008002a14                SX1276SetModem
 .text.SX1276Init
                0x0000000008002a88       0x90 Drivers/BSP/Components/sx1276.o
                0x0000000008002a88                SX1276Init
 .text.SX1276IsChannelFree
                0x0000000008002b18       0x58 Drivers/BSP/Components/sx1276.o
                0x0000000008002b18                SX1276IsChannelFree
 .text.SX1276Random
                0x0000000008002b70       0x3c Drivers/BSP/Components/sx1276.o
                0x0000000008002b70                SX1276Random
 .text.SX1276SetRxConfig
                0x0000000008002bac      0x318 Drivers/BSP/Components/sx1276.o
                0x0000000008002bac                SX1276SetRxConfig
 .text.SX1276SetTxConfig
                0x0000000008002ec4      0x264 Drivers/BSP/Components/sx1276.o
                0x0000000008002ec4                SX1276SetTxConfig
 .text.SX1276SetTxContinuousWave
                0x0000000008003128       0x80 Drivers/BSP/Components/sx1276.o
                0x0000000008003128                SX1276SetTxContinuousWave
 .text.SX1276OnDio2Irq
                0x00000000080031a8       0xc0 Drivers/BSP/Components/sx1276.o
                0x00000000080031a8                SX1276OnDio2Irq
 .text.SX1276OnDio3Irq
                0x0000000008003268       0x54 Drivers/BSP/Components/sx1276.o
                0x0000000008003268                SX1276OnDio3Irq
 .text.SX1276WriteFifo
                0x00000000080032bc        0xe Drivers/BSP/Components/sx1276.o
                0x00000000080032bc                SX1276WriteFifo
 *fill*         0x00000000080032ca        0x2 
 .text.SX1276Send
                0x00000000080032cc       0xf8 Drivers/BSP/Components/sx1276.o
                0x00000000080032cc                SX1276Send
 .text.SX1276ReadFifo
                0x00000000080033c4        0xe Drivers/BSP/Components/sx1276.o
                0x00000000080033c4                SX1276ReadFifo
 *fill*         0x00000000080033d2        0x2 
 .text.SX1276OnDio0Irq
                0x00000000080033d4      0x25c Drivers/BSP/Components/sx1276.o
                0x00000000080033d4                SX1276OnDio0Irq
 .text.SX1276OnDio1Irq
                0x0000000008003630       0xe0 Drivers/BSP/Components/sx1276.o
                0x0000000008003630                SX1276OnDio1Irq
 .text.SX1276SetMaxPayloadLength
                0x0000000008003710       0x34 Drivers/BSP/Components/sx1276.o
                0x0000000008003710                SX1276SetMaxPayloadLength
 .text.SX1276SetPublicNetwork
                0x0000000008003744       0x24 Drivers/BSP/Components/sx1276.o
                0x0000000008003744                SX1276SetPublicNetwork
 .text.SX1276OnTimeoutIrq
                0x0000000008003768       0xc4 Drivers/BSP/Components/sx1276.o
                0x0000000008003768                SX1276OnTimeoutIrq
 .text.SX1276GetWakeupTime
                0x000000000800382c       0x14 Drivers/BSP/Components/sx1276.o
                0x000000000800382c                SX1276GetWakeupTime
 .text.SX1276GetWakeTime
                0x0000000008003840        0x4 Drivers/BSP/sx1276mb1las/sx1276mb1las.o
                0x0000000008003840                SX1276GetWakeTime
 .text.SX1276SetXO
                0x0000000008003844        0x2 Drivers/BSP/sx1276mb1las/sx1276mb1las.o
                0x0000000008003844                SX1276SetXO
 .text.SX1276CheckRfFrequency
                0x0000000008003846        0x4 Drivers/BSP/sx1276mb1las/sx1276mb1las.o
                0x0000000008003846                SX1276CheckRfFrequency
 *fill*         0x000000000800384a        0x2 
 .text.SX1276SetRfTxPower
                0x000000000800384c       0xb0 Drivers/BSP/sx1276mb1las/sx1276mb1las.o
                0x000000000800384c                SX1276SetRfTxPower
 .text.SX1276IoInit
                0x00000000080038fc       0x60 Drivers/BSP/sx1276mb1las/sx1276mb1las.o
                0x00000000080038fc                SX1276IoInit
 .text.SX1276IoDeInit
                0x000000000800395c       0x50 Drivers/BSP/sx1276mb1las/sx1276mb1las.o
                0x000000000800395c                SX1276IoDeInit
 .text.SX1276IoIrqInit
                0x00000000080039ac       0x40 Drivers/BSP/sx1276mb1las/sx1276mb1las.o
                0x00000000080039ac                SX1276IoIrqInit
 .text.SX1276AntSwInit
                0x00000000080039ec       0x34 Drivers/BSP/sx1276mb1las/sx1276mb1las.o
 .text.SX1276SetAntSwLowPower
                0x0000000008003a20       0x20 Drivers/BSP/sx1276mb1las/sx1276mb1las.o
                0x0000000008003a20                SX1276SetAntSwLowPower
 .text.SX1276SetAntSw
                0x0000000008003a40       0x18 Drivers/BSP/sx1276mb1las/sx1276mb1las.o
                0x0000000008003a40                SX1276SetAntSw
 .text.SystemInit
                0x0000000008003a58       0x5c Drivers/CMSIS/system_stm32l0xx.o
                0x0000000008003a58                SystemInit
 .text.HAL_Init
                0x0000000008003ab4       0x28 Drivers/STM32L0xx_HAL_Driver/stm32l0xx_hal.o
                0x0000000008003ab4                HAL_Init
 .text.HAL_IncTick
                0x0000000008003adc       0x10 Drivers/STM32L0xx_HAL_Driver/stm32l0xx_hal.o
                0x0000000008003adc                HAL_IncTick
 .text.HAL_GetTick
                0x0000000008003aec        0xc Drivers/STM32L0xx_HAL_Driver/stm32l0xx_hal.o
                0x0000000008003aec                HAL_GetTick
 .text.HAL_DBGMCU_DisableDBGSleepMode
                0x0000000008003af8       0x10 Drivers/STM32L0xx_HAL_Driver/stm32l0xx_hal.o
                0x0000000008003af8                HAL_DBGMCU_DisableDBGSleepMode
 .text.HAL_DBGMCU_DisableDBGStopMode
                0x0000000008003b08       0x10 Drivers/STM32L0xx_HAL_Driver/stm32l0xx_hal.o
                0x0000000008003b08                HAL_DBGMCU_DisableDBGStopMode
 .text.HAL_DBGMCU_DisableDBGStandbyMode
                0x0000000008003b18       0x10 Drivers/STM32L0xx_HAL_Driver/stm32l0xx_hal.o
                0x0000000008003b18                HAL_DBGMCU_DisableDBGStandbyMode
 .text.ADC_Disable
                0x0000000008003b28       0x68 Drivers/STM32L0xx_HAL_Driver/stm32l0xx_hal_adc.o
 .text.ADC_ConversionStop
                0x0000000008003b90       0x52 Drivers/STM32L0xx_HAL_Driver/stm32l0xx_hal_adc.o
 .text.HAL_ADC_MspInit
                0x0000000008003be2        0x2 Drivers/STM32L0xx_HAL_Driver/stm32l0xx_hal_adc.o
                0x0000000008003be2                HAL_ADC_MspInit
 .text.HAL_ADC_Init
                0x0000000008003be4      0x1b0 Drivers/STM32L0xx_HAL_Driver/stm32l0xx_hal_adc.o
                0x0000000008003be4                HAL_ADC_Init
 .text.HAL_ADC_MspDeInit
                0x0000000008003d94        0x2 Drivers/STM32L0xx_HAL_Driver/stm32l0xx_hal_adc.o
                0x0000000008003d94                HAL_ADC_MspDeInit
 *fill*         0x0000000008003d96        0x2 
 .text.HAL_ADC_DeInit
                0x0000000008003d98       0xa8 Drivers/STM32L0xx_HAL_Driver/stm32l0xx_hal_adc.o
                0x0000000008003d98                HAL_ADC_DeInit
 .text.HAL_NVIC_SetPriority
                0x0000000008003e40       0x54 Drivers/STM32L0xx_HAL_Driver/stm32l0xx_hal_cortex.o
                0x0000000008003e40                HAL_NVIC_SetPriority
 .text.HAL_NVIC_EnableIRQ
                0x0000000008003e94       0x18 Drivers/STM32L0xx_HAL_Driver/stm32l0xx_hal_cortex.o
                0x0000000008003e94                HAL_NVIC_EnableIRQ
 .text.HAL_DMA_Init
                0x0000000008003eac       0x88 Drivers/STM32L0xx_HAL_Driver/stm32l0xx_hal_dma.o
                0x0000000008003eac                HAL_DMA_Init
 .text.HAL_DMA_Start_IT
                0x0000000008003f34       0x80 Drivers/STM32L0xx_HAL_Driver/stm32l0xx_hal_dma.o
                0x0000000008003f34                HAL_DMA_Start_IT
 .text.HAL_DMA_Abort_IT
                0x0000000008003fb4       0x4a Drivers/STM32L0xx_HAL_Driver/stm32l0xx_hal_dma.o
                0x0000000008003fb4                HAL_DMA_Abort_IT
 .text.HAL_DMA_IRQHandler
                0x0000000008003ffe       0x96 Drivers/STM32L0xx_HAL_Driver/stm32l0xx_hal_dma.o
                0x0000000008003ffe                HAL_DMA_IRQHandler
 .text.HAL_GPIO_Init
                0x0000000008004094      0x174 Drivers/STM32L0xx_HAL_Driver/stm32l0xx_hal_gpio.o
                0x0000000008004094                HAL_GPIO_Init
 .text.HAL_GPIO_WritePin
                0x0000000008004208        0xc Drivers/STM32L0xx_HAL_Driver/stm32l0xx_hal_gpio.o
                0x0000000008004208                HAL_GPIO_WritePin
 .text.HAL_GPIO_EXTI_IRQHandler
                0x0000000008004214       0x18 Drivers/STM32L0xx_HAL_Driver/stm32l0xx_hal_gpio.o
                0x0000000008004214                HAL_GPIO_EXTI_IRQHandler
 .text.HAL_PWR_DisablePVD
                0x000000000800422c       0x10 Drivers/STM32L0xx_HAL_Driver/stm32l0xx_hal_pwr.o
                0x000000000800422c                HAL_PWR_DisablePVD
 .text.HAL_PWR_EnterSLEEPMode
                0x000000000800423c       0x34 Drivers/STM32L0xx_HAL_Driver/stm32l0xx_hal_pwr.o
                0x000000000800423c                HAL_PWR_EnterSLEEPMode
 .text.HAL_PWR_EnterSTOPMode
                0x0000000008004270       0x38 Drivers/STM32L0xx_HAL_Driver/stm32l0xx_hal_pwr.o
                0x0000000008004270                HAL_PWR_EnterSTOPMode
 .text.HAL_PWREx_EnableFastWakeUp
                0x00000000080042a8       0x14 Drivers/STM32L0xx_HAL_Driver/stm32l0xx_hal_pwr_ex.o
                0x00000000080042a8                HAL_PWREx_EnableFastWakeUp
 .text.HAL_PWREx_EnableUltraLowPower
                0x00000000080042bc       0x14 Drivers/STM32L0xx_HAL_Driver/stm32l0xx_hal_pwr_ex.o
                0x00000000080042bc                HAL_PWREx_EnableUltraLowPower
 .text.HAL_RCC_GetSysClockFreq
                0x00000000080042d0       0x80 Drivers/STM32L0xx_HAL_Driver/stm32l0xx_hal_rcc.o
                0x00000000080042d0                HAL_RCC_GetSysClockFreq
 .text.HAL_RCC_OscConfig
                0x0000000008004350      0x518 Drivers/STM32L0xx_HAL_Driver/stm32l0xx_hal_rcc.o
                0x0000000008004350                HAL_RCC_OscConfig
 .text.HAL_RCC_ClockConfig
                0x0000000008004868      0x170 Drivers/STM32L0xx_HAL_Driver/stm32l0xx_hal_rcc.o
                0x0000000008004868                HAL_RCC_ClockConfig
 .text.HAL_RCC_GetPCLK1Freq
                0x00000000080049d8       0x20 Drivers/STM32L0xx_HAL_Driver/stm32l0xx_hal_rcc.o
                0x00000000080049d8                HAL_RCC_GetPCLK1Freq
 .text.HAL_RCC_GetPCLK2Freq
                0x00000000080049f8       0x20 Drivers/STM32L0xx_HAL_Driver/stm32l0xx_hal_rcc.o
                0x00000000080049f8                HAL_RCC_GetPCLK2Freq
 .text.HAL_RCCEx_PeriphCLKConfig
                0x0000000008004a18      0x1d4 Drivers/STM32L0xx_HAL_Driver/stm32l0xx_hal_rcc_ex.o
                0x0000000008004a18                HAL_RCCEx_PeriphCLKConfig
 .text.HAL_RTC_DeactivateAlarm
                0x0000000008004bec       0xc0 Drivers/STM32L0xx_HAL_Driver/stm32l0xx_hal_rtc.o
                0x0000000008004bec                HAL_RTC_DeactivateAlarm
 .text.HAL_RTC_WaitForSynchro
                0x0000000008004cac       0x34 Drivers/STM32L0xx_HAL_Driver/stm32l0xx_hal_rtc.o
                0x0000000008004cac                HAL_RTC_WaitForSynchro
 .text.RTC_EnterInitMode
                0x0000000008004ce0       0x38 Drivers/STM32L0xx_HAL_Driver/stm32l0xx_hal_rtc.o
                0x0000000008004ce0                RTC_EnterInitMode
 .text.HAL_RTC_Init
                0x0000000008004d18       0xb8 Drivers/STM32L0xx_HAL_Driver/stm32l0xx_hal_rtc.o
                0x0000000008004d18                HAL_RTC_Init
 .text.RTC_ByteToBcd2
                0x0000000008004dd0       0x16 Drivers/STM32L0xx_HAL_Driver/stm32l0xx_hal_rtc.o
                0x0000000008004dd0                RTC_ByteToBcd2
 *fill*         0x0000000008004de6        0x2 
 .text.HAL_RTC_SetTime
                0x0000000008004de8      0x100 Drivers/STM32L0xx_HAL_Driver/stm32l0xx_hal_rtc.o
                0x0000000008004de8                HAL_RTC_SetTime
 .text.HAL_RTC_SetDate
                0x0000000008004ee8       0xd8 Drivers/STM32L0xx_HAL_Driver/stm32l0xx_hal_rtc.o
                0x0000000008004ee8                HAL_RTC_SetDate
 .text.HAL_RTC_SetAlarm_IT
                0x0000000008004fc0      0x190 Drivers/STM32L0xx_HAL_Driver/stm32l0xx_hal_rtc.o
                0x0000000008004fc0                HAL_RTC_SetAlarm_IT
 .text.RTC_Bcd2ToByte
                0x0000000008005150       0x10 Drivers/STM32L0xx_HAL_Driver/stm32l0xx_hal_rtc.o
                0x0000000008005150                RTC_Bcd2ToByte
 .text.HAL_RTC_GetTime
                0x0000000008005160       0x54 Drivers/STM32L0xx_HAL_Driver/stm32l0xx_hal_rtc.o
                0x0000000008005160                HAL_RTC_GetTime
 .text.HAL_RTC_GetDate
                0x00000000080051b4       0x44 Drivers/STM32L0xx_HAL_Driver/stm32l0xx_hal_rtc.o
                0x00000000080051b4                HAL_RTC_GetDate
 .text.HAL_RTCEx_EnableBypassShadow
                0x00000000080051f8       0x34 Drivers/STM32L0xx_HAL_Driver/stm32l0xx_hal_rtc_ex.o
                0x00000000080051f8                HAL_RTCEx_EnableBypassShadow
 .text.SPI_WaitFlagStateUntilTimeout.constprop.7
                0x000000000800522c       0x84 Drivers/STM32L0xx_HAL_Driver/stm32l0xx_hal_spi.o
 .text.SPI_EndRxTxTransaction
                0x00000000080052b0       0x3e Drivers/STM32L0xx_HAL_Driver/stm32l0xx_hal_spi.o
 .text.HAL_SPI_MspInit
                0x00000000080052ee        0x2 Drivers/STM32L0xx_HAL_Driver/stm32l0xx_hal_spi.o
                0x00000000080052ee                HAL_SPI_MspInit
 .text.HAL_SPI_Init
                0x00000000080052f0       0x80 Drivers/STM32L0xx_HAL_Driver/stm32l0xx_hal_spi.o
                0x00000000080052f0                HAL_SPI_Init
 .text.HAL_SPI_TransmitReceive
                0x0000000008005370      0x1e6 Drivers/STM32L0xx_HAL_Driver/stm32l0xx_hal_spi.o
                0x0000000008005370                HAL_SPI_TransmitReceive
 *fill*         0x0000000008005556        0x2 
 .text.UART_EndRxTransfer
                0x0000000008005558       0x24 Drivers/STM32L0xx_HAL_Driver/stm32l0xx_hal_uart.o
 .text.HAL_UART_Transmit_DMA
                0x000000000800557c       0xa0 Drivers/STM32L0xx_HAL_Driver/stm32l0xx_hal_uart.o
                0x000000000800557c                HAL_UART_Transmit_DMA
 .text.UART_DMATransmitCplt
                0x000000000800561c       0x30 Drivers/STM32L0xx_HAL_Driver/stm32l0xx_hal_uart.o
 .text.HAL_UART_TxHalfCpltCallback
                0x000000000800564c        0x2 Drivers/STM32L0xx_HAL_Driver/stm32l0xx_hal_uart.o
                0x000000000800564c                HAL_UART_TxHalfCpltCallback
 .text.UART_DMATxHalfCplt
                0x000000000800564e        0xa Drivers/STM32L0xx_HAL_Driver/stm32l0xx_hal_uart.o
 .text.HAL_UART_ErrorCallback
                0x0000000008005658        0x2 Drivers/STM32L0xx_HAL_Driver/stm32l0xx_hal_uart.o
                0x0000000008005658                HAL_UART_ErrorCallback
 .text.UART_DMAError
                0x000000000800565a       0x50 Drivers/STM32L0xx_HAL_Driver/stm32l0xx_hal_uart.o
 *fill*         0x00000000080056aa        0x2 
 .text.HAL_UART_IRQHandler
                0x00000000080056ac      0x138 Drivers/STM32L0xx_HAL_Driver/stm32l0xx_hal_uart.o
                0x00000000080056ac                HAL_UART_IRQHandler
 .text.UART_DMAAbortOnError
                0x00000000080057e4       0x16 Drivers/STM32L0xx_HAL_Driver/stm32l0xx_hal_uart.o
 *fill*         0x00000000080057fa        0x2 
 .text.UART_SetConfig
                0x00000000080057fc      0x264 Drivers/STM32L0xx_HAL_Driver/stm32l0xx_hal_uart.o
                0x00000000080057fc                UART_SetConfig
 .text.UART_AdvFeatureConfig
                0x0000000008005a60       0xd0 Drivers/STM32L0xx_HAL_Driver/stm32l0xx_hal_uart.o
                0x0000000008005a60                UART_AdvFeatureConfig
 .text.UART_WaitOnFlagUntilTimeout
                0x0000000008005b30       0x5c Drivers/STM32L0xx_HAL_Driver/stm32l0xx_hal_uart.o
                0x0000000008005b30                UART_WaitOnFlagUntilTimeout
 .text.UART_CheckIdleState
                0x0000000008005b8c       0x60 Drivers/STM32L0xx_HAL_Driver/stm32l0xx_hal_uart.o
                0x0000000008005b8c                UART_CheckIdleState
 .text.HAL_UART_Init
                0x0000000008005bec       0x64 Drivers/STM32L0xx_HAL_Driver/stm32l0xx_hal_uart.o
                0x0000000008005bec                HAL_UART_Init
 .text.HAL_UARTEx_WakeupCallback
                0x0000000008005c50        0x2 Drivers/STM32L0xx_HAL_Driver/stm32l0xx_hal_uart_ex.o
                0x0000000008005c50                HAL_UARTEx_WakeupCallback
 *fill*         0x0000000008005c52        0x2 
 .text.LPM_SetOffMode
                0x0000000008005c54       0x2c Middlewares/LoRaWAN/Utilities/low_power_manager.o
                0x0000000008005c54                LPM_SetOffMode
 .text.LPM_SetStopMode
                0x0000000008005c80       0x2c Middlewares/LoRaWAN/Utilities/low_power_manager.o
                0x0000000008005c80                LPM_SetStopMode
 .text.LPM_GetMode
                0x0000000008005cac       0x24 Middlewares/LoRaWAN/Utilities/low_power_manager.o
                0x0000000008005cac                LPM_GetMode
 .text.LPM_ExitSleepMode
                0x0000000008005cd0        0x2 Middlewares/LoRaWAN/Utilities/low_power_manager.o
                0x0000000008005cd0                LPM_ExitSleepMode
 .text.LPM_EnterOffMode
                0x0000000008005cd2        0x2 Middlewares/LoRaWAN/Utilities/low_power_manager.o
                0x0000000008005cd2                LPM_EnterOffMode
 .text.LPM_ExitOffMode
                0x0000000008005cd4        0x2 Middlewares/LoRaWAN/Utilities/low_power_manager.o
                0x0000000008005cd4                LPM_ExitOffMode
 *fill*         0x0000000008005cd6        0x2 
 .text.LPM_EnterLowPower
                0x0000000008005cd8       0x34 Middlewares/LoRaWAN/Utilities/low_power_manager.o
                0x0000000008005cd8                LPM_EnterLowPower
 .text.add_elementSize_and_inc_writeIdx
                0x0000000008005d0c       0x32 Middlewares/LoRaWAN/Utilities/queue.o
 .text.circular_queue_init
                0x0000000008005d3e        0xe Middlewares/LoRaWAN/Utilities/queue.o
                0x0000000008005d3e                circular_queue_init
 .text.circular_queue_add
                0x0000000008005d4c       0xea Middlewares/LoRaWAN/Utilities/queue.o
                0x0000000008005d4c                circular_queue_add
 .text.circular_queue_get
                0x0000000008005e36       0x3a Middlewares/LoRaWAN/Utilities/queue.o
                0x0000000008005e36                circular_queue_get
 .text.circular_queue_remove
                0x0000000008005e70       0x56 Middlewares/LoRaWAN/Utilities/queue.o
                0x0000000008005e70                circular_queue_remove
 .text.circular_queue_sense
                0x0000000008005ec6        0xa Middlewares/LoRaWAN/Utilities/queue.o
                0x0000000008005ec6                circular_queue_sense
 .text.TimerSetTimeout
                0x0000000008005ed0       0x2a Middlewares/LoRaWAN/Utilities/timeServer.o
 *fill*         0x0000000008005efa        0x2 
 .text.TimerInsertNewHeadTimer
                0x0000000008005efc       0x1c Middlewares/LoRaWAN/Utilities/timeServer.o
 .text.TimerInit
                0x0000000008005f18       0x12 Middlewares/LoRaWAN/Utilities/timeServer.o
                0x0000000008005f18                TimerInit
 *fill*         0x0000000008005f2a        0x2 
 .text.TimerStart
                0x0000000008005f2c       0x74 Middlewares/LoRaWAN/Utilities/timeServer.o
                0x0000000008005f2c                TimerStart
 .text.TimerIrqHandler
                0x0000000008005fa0       0x84 Middlewares/LoRaWAN/Utilities/timeServer.o
                0x0000000008005fa0                TimerIrqHandler
 .text.TimerStop
                0x0000000008006024       0x58 Middlewares/LoRaWAN/Utilities/timeServer.o
                0x0000000008006024                TimerStop
 .text.TimerSetValue
                0x000000000800607c       0x22 Middlewares/LoRaWAN/Utilities/timeServer.o
                0x000000000800607c                TimerSetValue
 .text.TimerGetCurrentTime
                0x000000000800609e        0xc Middlewares/LoRaWAN/Utilities/timeServer.o
                0x000000000800609e                TimerGetCurrentTime
 .text.TimerGetElapsedTime
                0x00000000080060aa       0x1e Middlewares/LoRaWAN/Utilities/timeServer.o
                0x00000000080060aa                TimerGetElapsedTime
 .text.Trace_TxCpltCallback
                0x00000000080060c8       0x54 Middlewares/LoRaWAN/Utilities/trace.o
 .text.TraceInit
                0x000000000800611c       0x24 Middlewares/LoRaWAN/Utilities/trace.o
                0x000000000800611c                TraceInit
 .text.TraceSend
                0x0000000008006140       0x78 Middlewares/LoRaWAN/Utilities/trace.o
                0x0000000008006140                TraceSend
 .text.memcpy1  0x00000000080061b8       0x12 Middlewares/LoRaWAN/Utilities/utilities.o
                0x00000000080061b8                memcpy1
 *fill*         0x00000000080061ca        0x2 
 .text.DBG_Init
                0x00000000080061cc       0x64 Projects/PingPong/debug.o
                0x00000000080061cc                DBG_Init
 .text.Error_Handler
                0x0000000008006230       0x10 Projects/PingPong/debug.o
                0x0000000008006230                Error_Handler
 .text.HW_GPIO_GetBitPos
                0x0000000008006240       0x3c Projects/PingPong/hw_gpio.o
 .text.HW_GPIO_Init
                0x000000000800627c       0x98 Projects/PingPong/hw_gpio.o
                0x000000000800627c                HW_GPIO_Init
 .text.HW_GPIO_SetIrq
                0x0000000008006314       0x34 Projects/PingPong/hw_gpio.o
                0x0000000008006314                HW_GPIO_SetIrq
 .text.HW_GPIO_IrqHandler
                0x0000000008006348       0x1c Projects/PingPong/hw_gpio.o
                0x0000000008006348                HW_GPIO_IrqHandler
 .text.HW_GPIO_Write
                0x0000000008006364        0xa Projects/PingPong/hw_gpio.o
                0x0000000008006364                HW_GPIO_Write
 *fill*         0x000000000800636e        0x2 
 .text.HW_RTC_GetCalendarValue
                0x0000000008006370       0xbc Projects/PingPong/hw_rtc.o
 .text.HW_RTC_GetMinimumTimeout
                0x000000000800642c        0x4 Projects/PingPong/hw_rtc.o
                0x000000000800642c                HW_RTC_GetMinimumTimeout
 .text.HW_RTC_ms2Tick
                0x0000000008006430       0x10 Projects/PingPong/hw_rtc.o
                0x0000000008006430                HW_RTC_ms2Tick
 .text.HW_RTC_Tick2ms
                0x0000000008006440       0x14 Projects/PingPong/hw_rtc.o
                0x0000000008006440                HW_RTC_Tick2ms
 .text.HW_RTC_GetTimerElapsedTime
                0x0000000008006454       0x18 Projects/PingPong/hw_rtc.o
                0x0000000008006454                HW_RTC_GetTimerElapsedTime
 .text.HW_RTC_GetTimerValue
                0x000000000800646c        0xe Projects/PingPong/hw_rtc.o
                0x000000000800646c                HW_RTC_GetTimerValue
 *fill*         0x000000000800647a        0x2 
 .text.HW_RTC_StopAlarm
                0x000000000800647c       0x30 Projects/PingPong/hw_rtc.o
                0x000000000800647c                HW_RTC_StopAlarm
 .text.HW_RTC_SetAlarm
                0x00000000080064ac      0x150 Projects/PingPong/hw_rtc.o
                0x00000000080064ac                HW_RTC_SetAlarm
 .text.HW_RTC_IrqHandler
                0x00000000080065fc       0x40 Projects/PingPong/hw_rtc.o
                0x00000000080065fc                HW_RTC_IrqHandler
 .text.HW_RTC_DelayMs
                0x000000000800663c       0x26 Projects/PingPong/hw_rtc.o
                0x000000000800663c                HW_RTC_DelayMs
 *fill*         0x0000000008006662        0x2 
 .text.HW_RTC_SetTimerContext
                0x0000000008006664       0x18 Projects/PingPong/hw_rtc.o
                0x0000000008006664                HW_RTC_SetTimerContext
 .text.HW_RTC_Init
                0x000000000800667c       0x78 Projects/PingPong/hw_rtc.o
                0x000000000800667c                HW_RTC_Init
 .text.HW_RTC_GetTimerContext
                0x00000000080066f4        0xc Projects/PingPong/hw_rtc.o
                0x00000000080066f4                HW_RTC_GetTimerContext
 .text.HW_SPI_IoInit
                0x0000000008006700       0x60 Projects/PingPong/hw_spi.o
                0x0000000008006700                HW_SPI_IoInit
 .text.HW_SPI_Init
                0x0000000008006760       0x88 Projects/PingPong/hw_spi.o
                0x0000000008006760                HW_SPI_Init
 .text.HW_SPI_IoDeInit
                0x00000000080067e8       0x7c Projects/PingPong/hw_spi.o
                0x00000000080067e8                HW_SPI_IoDeInit
 .text.HW_SPI_InOut
                0x0000000008006864       0x28 Projects/PingPong/hw_spi.o
                0x0000000008006864                HW_SPI_InOut
 .text.OnledEvent
                0x000000000800688c       0x10 Projects/PingPong/main.o
 .text.OnTxDone
                0x000000000800689c       0x24 Projects/PingPong/main.o
                0x000000000800689c                OnTxDone
 .text.OnTxTimeout
                0x00000000080068c0       0x24 Projects/PingPong/main.o
                0x00000000080068c0                OnTxTimeout
 .text.OnRxTimeout
                0x00000000080068e4       0x24 Projects/PingPong/main.o
                0x00000000080068e4                OnRxTimeout
 .text.OnRxError
                0x0000000008006908       0x24 Projects/PingPong/main.o
                0x0000000008006908                OnRxError
 .text.OnRxDone
                0x000000000800692c       0x54 Projects/PingPong/main.o
                0x000000000800692c                OnRxDone
 .text.startup.main
                0x0000000008006980      0x240 Projects/PingPong/main.o
                0x0000000008006980                main
 .text.HAL_InitTick
                0x0000000008006bc0        0x4 Projects/PingPong/stm32l0xx_hal_msp.o
                0x0000000008006bc0                HAL_InitTick
 .text.HAL_Delay
                0x0000000008006bc4        0xc Projects/PingPong/stm32l0xx_hal_msp.o
                0x0000000008006bc4                HAL_Delay
 .text.HAL_MspInit
                0x0000000008006bd0       0x30 Projects/PingPong/stm32l0xx_hal_msp.o
                0x0000000008006bd0                HAL_MspInit
 .text.HAL_RTC_MspInit
                0x0000000008006c00       0x6c Projects/PingPong/stm32l0xx_hal_msp.o
                0x0000000008006c00                HAL_RTC_MspInit
 .text.HAL_RTC_AlarmAEventCallback
                0x0000000008006c6c        0x8 Projects/PingPong/stm32l0xx_hal_msp.o
                0x0000000008006c6c                HAL_RTC_AlarmAEventCallback
 .text.HAL_GPIO_EXTI_Callback
                0x0000000008006c74        0x8 Projects/PingPong/stm32l0xx_hal_msp.o
                0x0000000008006c74                HAL_GPIO_EXTI_Callback
 .text.MSP_GetIRQn
                0x0000000008006c7c       0x20 Projects/PingPong/stm32l0xx_hal_msp.o
                0x0000000008006c7c                MSP_GetIRQn
 .text.SystemClock_Config
                0x0000000008006c9c       0x94 Projects/PingPong/stm32l0xx_hw.o
                0x0000000008006c9c                SystemClock_Config
 .text.HW_AdcInit
                0x0000000008006d30       0x60 Projects/PingPong/stm32l0xx_hw.o
                0x0000000008006d30                HW_AdcInit
 .text.HW_Init  0x0000000008006d90       0x30 Projects/PingPong/stm32l0xx_hw.o
                0x0000000008006d90                HW_Init
 .text.HW_AdcDeInit
                0x0000000008006dc0       0x14 Projects/PingPong/stm32l0xx_hw.o
                0x0000000008006dc0                HW_AdcDeInit
 .text.LPM_EnterStopMode
                0x0000000008006dd4       0x3c Projects/PingPong/stm32l0xx_hw.o
                0x0000000008006dd4                LPM_EnterStopMode
 .text.LPM_ExitStopMode
                0x0000000008006e10       0x60 Projects/PingPong/stm32l0xx_hw.o
                0x0000000008006e10                LPM_ExitStopMode
 .text.LPM_EnterSleepMode
                0x0000000008006e70        0xc Projects/PingPong/stm32l0xx_hw.o
                0x0000000008006e70                LPM_EnterSleepMode
 .text.NMI_Handler
                0x0000000008006e7c        0x2 Projects/PingPong/stm32l0xx_it.o
                0x0000000008006e7c                NMI_Handler
 .text.HardFault_Handler
                0x0000000008006e7e        0x4 Projects/PingPong/stm32l0xx_it.o
                0x0000000008006e7e                HardFault_Handler
 .text.SVC_Handler
                0x0000000008006e82        0x2 Projects/PingPong/stm32l0xx_it.o
                0x0000000008006e82                SVC_Handler
 .text.PendSV_Handler
                0x0000000008006e84        0x2 Projects/PingPong/stm32l0xx_it.o
                0x0000000008006e84                PendSV_Handler
 .text.SysTick_Handler
                0x0000000008006e86        0x8 Projects/PingPong/stm32l0xx_it.o
                0x0000000008006e86                SysTick_Handler
 .text.USART2_IRQHandler
                0x0000000008006e8e        0x8 Projects/PingPong/stm32l0xx_it.o
                0x0000000008006e8e                USART2_IRQHandler
 .text.DMA1_Channel4_5_6_7_IRQHandler
                0x0000000008006e96        0x8 Projects/PingPong/stm32l0xx_it.o
                0x0000000008006e96                DMA1_Channel4_5_6_7_IRQHandler
 .text.RTC_IRQHandler
                0x0000000008006e9e        0x8 Projects/PingPong/stm32l0xx_it.o
                0x0000000008006e9e                RTC_IRQHandler
 .text.EXTI0_1_IRQHandler
                0x0000000008006ea6       0x10 Projects/PingPong/stm32l0xx_it.o
                0x0000000008006ea6                EXTI0_1_IRQHandler
 .text.EXTI2_3_IRQHandler
                0x0000000008006eb6       0x10 Projects/PingPong/stm32l0xx_it.o
                0x0000000008006eb6                EXTI2_3_IRQHandler
 .text.EXTI4_15_IRQHandler
                0x0000000008006ec6       0x5c Projects/PingPong/stm32l0xx_it.o
                0x0000000008006ec6                EXTI4_15_IRQHandler
 *fill*         0x0000000008006f22        0x2 
 .text.vcom_Init
                0x0000000008006f24       0x3c Projects/PingPong/vcom.o
                0x0000000008006f24                vcom_Init
 .text.vcom_Trace
                0x0000000008006f60       0x14 Projects/PingPong/vcom.o
                0x0000000008006f60                vcom_Trace
 .text.HAL_UART_TxCpltCallback
                0x0000000008006f74       0x10 Projects/PingPong/vcom.o
                0x0000000008006f74                HAL_UART_TxCpltCallback
 .text.vcom_DMA_TX_IRQHandler
                0x0000000008006f84       0x10 Projects/PingPong/vcom.o
                0x0000000008006f84                vcom_DMA_TX_IRQHandler
 .text.vcom_IRQHandler
                0x0000000008006f94       0x10 Projects/PingPong/vcom.o
                0x0000000008006f94                vcom_IRQHandler
 .text.vcom_IoInit
                0x0000000008006fa4       0x58 Projects/PingPong/vcom.o
                0x0000000008006fa4                vcom_IoInit
 .text.HAL_UART_MspInit
                0x0000000008006ffc       0xac Projects/PingPong/vcom.o
                0x0000000008006ffc                HAL_UART_MspInit
 .text.vcom_IoDeInit
                0x00000000080070a8       0x48 Projects/PingPong/vcom.o
                0x00000000080070a8                vcom_IoDeInit
 .text.Reset_Handler
                0x00000000080070f0       0x50 Projects/SW4STM32/startup_stm32l073xx.o
                0x00000000080070f0                Reset_Handler
 .text.Default_Handler
                0x0000000008007140        0x2 Projects/SW4STM32/startup_stm32l073xx.o
                0x0000000008007140                TSC_IRQHandler
                0x0000000008007140                ADC1_COMP_IRQHandler
                0x0000000008007140                PVD_IRQHandler
                0x0000000008007140                I2C1_IRQHandler
                0x0000000008007140                RCC_CRS_IRQHandler
                0x0000000008007140                SPI1_IRQHandler
                0x0000000008007140                TIM6_DAC_IRQHandler
                0x0000000008007140                I2C2_IRQHandler
                0x0000000008007140                LCD_IRQHandler
                0x0000000008007140                TIM3_IRQHandler
                0x0000000008007140                DMA1_Channel1_IRQHandler
                0x0000000008007140                USART4_5_IRQHandler
                0x0000000008007140                Default_Handler
                0x0000000008007140                TIM22_IRQHandler
                0x0000000008007140                TIM7_IRQHandler
                0x0000000008007140                USB_IRQHandler
                0x0000000008007140                I2C3_IRQHandler
                0x0000000008007140                SPI2_IRQHandler
                0x0000000008007140                TIM21_IRQHandler
                0x0000000008007140                WWDG_IRQHandler
                0x0000000008007140                TIM2_IRQHandler
                0x0000000008007140                DMA1_Channel2_3_IRQHandler
                0x0000000008007140                FLASH_IRQHandler
                0x0000000008007140                USART1_IRQHandler
                0x0000000008007140                RNG_LPUART1_IRQHandler
                0x0000000008007140                LPTIM1_IRQHandler
 *fill*         0x0000000008007142        0x2 
 .text.__libc_init_array
                0x0000000008007144       0x48 c:/st/stm32cubeide_1.3.0/stm32cubeide/plugins/com.st.stm32cube.ide.mcu.externaltools.gnu-tools-for-stm32.7-2018-q2-update.win32_1.0.0.201904181610/tools/bin/../lib/gcc/arm-none-eabi/7.3.1/../../../../arm-none-eabi/lib/thumb/v6-m\libc_nano.a(lib_a-init.o)
                0x0000000008007144                __libc_init_array
 .text.memcpy   0x000000000800718c       0x12 c:/st/stm32cubeide_1.3.0/stm32cubeide/plugins/com.st.stm32cube.ide.mcu.externaltools.gnu-tools-for-stm32.7-2018-q2-update.win32_1.0.0.201904181610/tools/bin/../lib/gcc/arm-none-eabi/7.3.1/../../../../arm-none-eabi/lib/thumb/v6-m\libc_nano.a(lib_a-memcpy-stub.o)
                0x000000000800718c                memcpy
 .text.memset   0x000000000800719e       0x10 c:/st/stm32cubeide_1.3.0/stm32cubeide/plugins/com.st.stm32cube.ide.mcu.externaltools.gnu-tools-for-stm32.7-2018-q2-update.win32_1.0.0.201904181610/tools/bin/../lib/gcc/arm-none-eabi/7.3.1/../../../../arm-none-eabi/lib/thumb/v6-m\libc_nano.a(lib_a-memset.o)
                0x000000000800719e                memset
 .text.strncmp  0x00000000080071ae       0x22 c:/st/stm32cubeide_1.3.0/stm32cubeide/plugins/com.st.stm32cube.ide.mcu.externaltools.gnu-tools-for-stm32.7-2018-q2-update.win32_1.0.0.201904181610/tools/bin/../lib/gcc/arm-none-eabi/7.3.1/../../../../arm-none-eabi/lib/thumb/v6-m\libc_nano.a(lib_a-strncmp.o)
                0x00000000080071ae                strncmp
 .text._vsnprintf_r
                0x00000000080071d0       0x56 c:/st/stm32cubeide_1.3.0/stm32cubeide/plugins/com.st.stm32cube.ide.mcu.externaltools.gnu-tools-for-stm32.7-2018-q2-update.win32_1.0.0.201904181610/tools/bin/../lib/gcc/arm-none-eabi/7.3.1/../../../../arm-none-eabi/lib/thumb/v6-m\libc_nano.a(lib_a-vsnprintf.o)
                0x00000000080071d0                _vsniprintf_r
                0x00000000080071d0                _vsnprintf_r
 *fill*         0x0000000008007226        0x2 
 .text.vsnprintf
                0x0000000008007228       0x18 c:/st/stm32cubeide_1.3.0/stm32cubeide/plugins/com.st.stm32cube.ide.mcu.externaltools.gnu-tools-for-stm32.7-2018-q2-update.win32_1.0.0.201904181610/tools/bin/../lib/gcc/arm-none-eabi/7.3.1/../../../../arm-none-eabi/lib/thumb/v6-m\libc_nano.a(lib_a-vsnprintf.o)
                0x0000000008007228                vsniprintf
                0x0000000008007228                vsnprintf
 .text.__ssputs_r
                0x0000000008007240       0xc4 c:/st/stm32cubeide_1.3.0/stm32cubeide/plugins/com.st.stm32cube.ide.mcu.externaltools.gnu-tools-for-stm32.7-2018-q2-update.win32_1.0.0.201904181610/tools/bin/../lib/gcc/arm-none-eabi/7.3.1/../../../../arm-none-eabi/lib/thumb/v6-m\libc_nano.a(lib_a-nano-svfprintf.o)
                0x0000000008007240                __ssputs_r
 .text._svfprintf_r
                0x0000000008007304      0x1fc c:/st/stm32cubeide_1.3.0/stm32cubeide/plugins/com.st.stm32cube.ide.mcu.externaltools.gnu-tools-for-stm32.7-2018-q2-update.win32_1.0.0.201904181610/tools/bin/../lib/gcc/arm-none-eabi/7.3.1/../../../../arm-none-eabi/lib/thumb/v6-m\libc_nano.a(lib_a-nano-svfprintf.o)
                0x0000000008007304                _svfiprintf_r
                0x0000000008007304                _svfprintf_r
 .text._printf_common
                0x0000000008007500       0xda c:/st/stm32cubeide_1.3.0/stm32cubeide/plugins/com.st.stm32cube.ide.mcu.externaltools.gnu-tools-for-stm32.7-2018-q2-update.win32_1.0.0.201904181610/tools/bin/../lib/gcc/arm-none-eabi/7.3.1/../../../../arm-none-eabi/lib/thumb/v6-m\libc_nano.a(lib_a-nano-vfprintf_i.o)
                0x0000000008007500                _printf_common
 *fill*         0x00000000080075da        0x2 
 .text._printf_i
                0x00000000080075dc      0x210 c:/st/stm32cubeide_1.3.0/stm32cubeide/plugins/com.st.stm32cube.ide.mcu.externaltools.gnu-tools-for-stm32.7-2018-q2-update.win32_1.0.0.201904181610/tools/bin/../lib/gcc/arm-none-eabi/7.3.1/../../../../arm-none-eabi/lib/thumb/v6-m\libc_nano.a(lib_a-nano-vfprintf_i.o)
                0x00000000080075dc                _printf_i
 .text.memchr   0x00000000080077ec       0x16 c:/st/stm32cubeide_1.3.0/stm32cubeide/plugins/com.st.stm32cube.ide.mcu.externaltools.gnu-tools-for-stm32.7-2018-q2-update.win32_1.0.0.201904181610/tools/bin/../lib/gcc/arm-none-eabi/7.3.1/../../../../arm-none-eabi/lib/thumb/v6-m\libc_nano.a(lib_a-memchr-stub.o)
                0x00000000080077ec                memchr
 .text.memmove  0x0000000008007802       0x26 c:/st/stm32cubeide_1.3.0/stm32cubeide/plugins/com.st.stm32cube.ide.mcu.externaltools.gnu-tools-for-stm32.7-2018-q2-update.win32_1.0.0.201904181610/tools/bin/../lib/gcc/arm-none-eabi/7.3.1/../../../../arm-none-eabi/lib/thumb/v6-m\libc_nano.a(lib_a-memmove.o)
                0x0000000008007802                memmove
 .text._free_r  0x0000000008007828       0x94 c:/st/stm32cubeide_1.3.0/stm32cubeide/plugins/com.st.stm32cube.ide.mcu.externaltools.gnu-tools-for-stm32.7-2018-q2-update.win32_1.0.0.201904181610/tools/bin/../lib/gcc/arm-none-eabi/7.3.1/../../../../arm-none-eabi/lib/thumb/v6-m\libc_nano.a(lib_a-nano-freer.o)
                0x0000000008007828                _free_r
 .text._malloc_r
                0x00000000080078bc       0xbc c:/st/stm32cubeide_1.3.0/stm32cubeide/plugins/com.st.stm32cube.ide.mcu.externaltools.gnu-tools-for-stm32.7-2018-q2-update.win32_1.0.0.201904181610/tools/bin/../lib/gcc/arm-none-eabi/7.3.1/../../../../arm-none-eabi/lib/thumb/v6-m\libc_nano.a(lib_a-nano-mallocr.o)
                0x00000000080078bc                _malloc_r
 .text._realloc_r
                0x0000000008007978       0x4c c:/st/stm32cubeide_1.3.0/stm32cubeide/plugins/com.st.stm32cube.ide.mcu.externaltools.gnu-tools-for-stm32.7-2018-q2-update.win32_1.0.0.201904181610/tools/bin/../lib/gcc/arm-none-eabi/7.3.1/../../../../arm-none-eabi/lib/thumb/v6-m\libc_nano.a(lib_a-nano-reallocr.o)
                0x0000000008007978                _realloc_r
 .text._sbrk_r  0x00000000080079c4       0x24 c:/st/stm32cubeide_1.3.0/stm32cubeide/plugins/com.st.stm32cube.ide.mcu.externaltools.gnu-tools-for-stm32.7-2018-q2-update.win32_1.0.0.201904181610/tools/bin/../lib/gcc/arm-none-eabi/7.3.1/../../../../arm-none-eabi/lib/thumb/v6-m\libc_nano.a(lib_a-sbrkr.o)
                0x00000000080079c4                _sbrk_r
 .text.__malloc_lock
                0x00000000080079e8        0x2 c:/st/stm32cubeide_1.3.0/stm32cubeide/plugins/com.st.stm32cube.ide.mcu.externaltools.gnu-tools-for-stm32.7-2018-q2-update.win32_1.0.0.201904181610/tools/bin/../lib/gcc/arm-none-eabi/7.3.1/../../../../arm-none-eabi/lib/thumb/v6-m\libc_nano.a(lib_a-mlock.o)
                0x00000000080079e8                __malloc_lock
 .text.__malloc_unlock
                0x00000000080079ea        0x2 c:/st/stm32cubeide_1.3.0/stm32cubeide/plugins/com.st.stm32cube.ide.mcu.externaltools.gnu-tools-for-stm32.7-2018-q2-update.win32_1.0.0.201904181610/tools/bin/../lib/gcc/arm-none-eabi/7.3.1/../../../../arm-none-eabi/lib/thumb/v6-m\libc_nano.a(lib_a-mlock.o)
                0x00000000080079ea                __malloc_unlock
 .text._malloc_usable_size_r
                0x00000000080079ec       0x10 c:/st/stm32cubeide_1.3.0/stm32cubeide/plugins/com.st.stm32cube.ide.mcu.externaltools.gnu-tools-for-stm32.7-2018-q2-update.win32_1.0.0.201904181610/tools/bin/../lib/gcc/arm-none-eabi/7.3.1/../../../../arm-none-eabi/lib/thumb/v6-m\libc_nano.a(lib_a-nano-msizer.o)
                0x00000000080079ec                _malloc_usable_size_r
 .text.ceil     0x00000000080079fc      0x104 c:/st/stm32cubeide_1.3.0/stm32cubeide/plugins/com.st.stm32cube.ide.mcu.externaltools.gnu-tools-for-stm32.7-2018-q2-update.win32_1.0.0.201904181610/tools/bin/../lib/gcc/arm-none-eabi/7.3.1/../../../../arm-none-eabi/lib/thumb/v6-m\libm.a(lib_a-s_ceil.o)
                0x00000000080079fc                ceil
 .text.floor    0x0000000008007b00      0x104 c:/st/stm32cubeide_1.3.0/stm32cubeide/plugins/com.st.stm32cube.ide.mcu.externaltools.gnu-tools-for-stm32.7-2018-q2-update.win32_1.0.0.201904181610/tools/bin/../lib/gcc/arm-none-eabi/7.3.1/../../../../arm-none-eabi/lib/thumb/v6-m\libm.a(lib_a-s_floor.o)
                0x0000000008007b00                floor
 .text.round    0x0000000008007c04       0x94 c:/st/stm32cubeide_1.3.0/stm32cubeide/plugins/com.st.stm32cube.ide.mcu.externaltools.gnu-tools-for-stm32.7-2018-q2-update.win32_1.0.0.201904181610/tools/bin/../lib/gcc/arm-none-eabi/7.3.1/../../../../arm-none-eabi/lib/thumb/v6-m\libm.a(lib_a-s_round.o)
                0x0000000008007c04                round
 .text._sbrk    0x0000000008007c98       0x20 c:/st/stm32cubeide_1.3.0/stm32cubeide/plugins/com.st.stm32cube.ide.mcu.externaltools.gnu-tools-for-stm32.7-2018-q2-update.win32_1.0.0.201904181610/tools/bin/../lib/gcc/arm-none-eabi/7.3.1/../../../../arm-none-eabi/lib/thumb/v6-m\libnosys.a(sbrk.o)
                0x0000000008007c98                _sbrk
 *(.glue_7)
 .glue_7        0x0000000008007cb8        0x0 linker stubs
 *(.glue_7t)
 .glue_7t       0x0000000008007cb8        0x0 linker stubs
 *(.eh_frame)
 .eh_frame      0x0000000008007cb8        0x0 c:/st/stm32cubeide_1.3.0/stm32cubeide/plugins/com.st.stm32cube.ide.mcu.externaltools.gnu-tools-for-stm32.7-2018-q2-update.win32_1.0.0.201904181610/tools/bin/../lib/gcc/arm-none-eabi/7.3.1/thumb/v6-m/crtbegin.o
 *(.init)
 .init          0x0000000008007cb8        0x4 c:/st/stm32cubeide_1.3.0/stm32cubeide/plugins/com.st.stm32cube.ide.mcu.externaltools.gnu-tools-for-stm32.7-2018-q2-update.win32_1.0.0.201904181610/tools/bin/../lib/gcc/arm-none-eabi/7.3.1/thumb/v6-m/crti.o
                0x0000000008007cb8                _init
 .init          0x0000000008007cbc        0x8 c:/st/stm32cubeide_1.3.0/stm32cubeide/plugins/com.st.stm32cube.ide.mcu.externaltools.gnu-tools-for-stm32.7-2018-q2-update.win32_1.0.0.201904181610/tools/bin/../lib/gcc/arm-none-eabi/7.3.1/thumb/v6-m/crtn.o
 *(.fini)
 .fini          0x0000000008007cc4        0x4 c:/st/stm32cubeide_1.3.0/stm32cubeide/plugins/com.st.stm32cube.ide.mcu.externaltools.gnu-tools-for-stm32.7-2018-q2-update.win32_1.0.0.201904181610/tools/bin/../lib/gcc/arm-none-eabi/7.3.1/thumb/v6-m/crti.o
                0x0000000008007cc4                _fini
 .fini          0x0000000008007cc8        0x8 c:/st/stm32cubeide_1.3.0/stm32cubeide/plugins/com.st.stm32cube.ide.mcu.externaltools.gnu-tools-for-stm32.7-2018-q2-update.win32_1.0.0.201904181610/tools/bin/../lib/gcc/arm-none-eabi/7.3.1/thumb/v6-m/crtn.o
                0x0000000008007cd0                . = ALIGN (0x4)
                0x0000000008007cd0                _etext = .

.vfp11_veneer   0x0000000008007cd0        0x0
 .vfp11_veneer  0x0000000008007cd0        0x0 linker stubs

.v4_bx          0x0000000008007cd0        0x0
 .v4_bx         0x0000000008007cd0        0x0 linker stubs

.iplt           0x0000000008007cd0        0x0
 .iplt          0x0000000008007cd0        0x0 c:/st/stm32cubeide_1.3.0/stm32cubeide/plugins/com.st.stm32cube.ide.mcu.externaltools.gnu-tools-for-stm32.7-2018-q2-update.win32_1.0.0.201904181610/tools/bin/../lib/gcc/arm-none-eabi/7.3.1/thumb/v6-m/crtbegin.o

.rodata         0x0000000008007cd0      0x2f8
                0x0000000008007cd0                . = ALIGN (0x4)
 *(.rodata)
 .rodata        0x0000000008007cd0       0xf8 Drivers/BSP/Components/sx1276.o
                0x0000000008007ce8                RadioRegsInit
                0x0000000008007d18                FskBandwidths
 .rodata        0x0000000008007dc8       0x74 Drivers/BSP/sx1276mb1las/sx1276mb1las.o
                0x0000000008007dc8                Radio
 .rodata        0x0000000008007e3c       0x21 Drivers/CMSIS/system_stm32l0xx.o
                0x0000000008007e3c                PLLMulTable
                0x0000000008007e45                AHBPrescTable
                0x0000000008007e55                APBPrescTable
 .rodata        0x0000000008007e5d       0x11 Drivers/STM32L0xx_HAL_Driver/stm32l0xx_hal_uart.o
 .rodata        0x0000000008007e6e       0x18 Projects/PingPong/hw_rtc.o
 .rodata        0x0000000008007e86        0xa Projects/PingPong/main.o
                0x0000000008007e86                PongMsg
                0x0000000008007e8b                PingMsg
 .rodata        0x0000000008007e90       0x40 c:/st/stm32cubeide_1.3.0/stm32cubeide/plugins/com.st.stm32cube.ide.mcu.externaltools.gnu-tools-for-stm32.7-2018-q2-update.win32_1.0.0.201904181610/tools/bin/../lib/gcc/arm-none-eabi/7.3.1/thumb/v6-m\libgcc.a(divdf3.o)
 .rodata        0x0000000008007ed0       0x40 c:/st/stm32cubeide_1.3.0/stm32cubeide/plugins/com.st.stm32cube.ide.mcu.externaltools.gnu-tools-for-stm32.7-2018-q2-update.win32_1.0.0.201904181610/tools/bin/../lib/gcc/arm-none-eabi/7.3.1/thumb/v6-m\libgcc.a(muldf3.o)
 *(.rodata*)
 .rodata.cst1   0x0000000008007f10        0x1 Drivers/BSP/sx1276mb1las/sx1276mb1las.o
 .rodata.str1.1
                0x0000000008007f11       0x10 Projects/PingPong/debug.o
 .rodata.str1.1
                0x0000000008007f21       0x72 Projects/PingPong/main.o
 .rodata._svfprintf_r.str1.1
                0x0000000008007f93       0x11 c:/st/stm32cubeide_1.3.0/stm32cubeide/plugins/com.st.stm32cube.ide.mcu.externaltools.gnu-tools-for-stm32.7-2018-q2-update.win32_1.0.0.201904181610/tools/bin/../lib/gcc/arm-none-eabi/7.3.1/../../../../arm-none-eabi/lib/thumb/v6-m\libc_nano.a(lib_a-nano-svfprintf.o)
 .rodata._printf_i.str1.1
                0x0000000008007fa4       0x22 c:/st/stm32cubeide_1.3.0/stm32cubeide/plugins/com.st.stm32cube.ide.mcu.externaltools.gnu-tools-for-stm32.7-2018-q2-update.win32_1.0.0.201904181610/tools/bin/../lib/gcc/arm-none-eabi/7.3.1/../../../../arm-none-eabi/lib/thumb/v6-m\libc_nano.a(lib_a-nano-vfprintf_i.o)
                0x0000000008007fc8                . = ALIGN (0x4)
 *fill*         0x0000000008007fc6        0x2 

.ARM.extab
 *(.ARM.extab* .gnu.linkonce.armextab.*)

.ARM            0x0000000008007fc8        0x8
                0x0000000008007fc8                __exidx_start = .
 *(.ARM.exidx*)
 .ARM.exidx     0x0000000008007fc8        0x8 c:/st/stm32cubeide_1.3.0/stm32cubeide/plugins/com.st.stm32cube.ide.mcu.externaltools.gnu-tools-for-stm32.7-2018-q2-update.win32_1.0.0.201904181610/tools/bin/../lib/gcc/arm-none-eabi/7.3.1/thumb/v6-m\libgcc.a(_udivmoddi4.o)
                0x0000000008007fd0                __exidx_end = .

.rel.dyn        0x0000000008007fd0        0x0
 .rel.iplt      0x0000000008007fd0        0x0 c:/st/stm32cubeide_1.3.0/stm32cubeide/plugins/com.st.stm32cube.ide.mcu.externaltools.gnu-tools-for-stm32.7-2018-q2-update.win32_1.0.0.201904181610/tools/bin/../lib/gcc/arm-none-eabi/7.3.1/thumb/v6-m/crtbegin.o

.preinit_array  0x0000000008007fd0        0x0
                0x0000000008007fd0                PROVIDE (__preinit_array_start = .)
 *(.preinit_array*)
                0x0000000008007fd0                PROVIDE (__preinit_array_end = .)

.init_array     0x0000000008007fd0        0x4
                0x0000000008007fd0                PROVIDE (__init_array_start = .)
 *(SORT_BY_NAME(.init_array.*))
 *(.init_array*)
 .init_array    0x0000000008007fd0        0x4 c:/st/stm32cubeide_1.3.0/stm32cubeide/plugins/com.st.stm32cube.ide.mcu.externaltools.gnu-tools-for-stm32.7-2018-q2-update.win32_1.0.0.201904181610/tools/bin/../lib/gcc/arm-none-eabi/7.3.1/thumb/v6-m/crtbegin.o
                0x0000000008007fd4                PROVIDE (__init_array_end = .)

.fini_array     0x0000000008007fd4        0x4
                [!provide]                        PROVIDE (__fini_array_start = .)
 *(SORT_BY_NAME(.fini_array.*))
 *(.fini_array*)
 .fini_array    0x0000000008007fd4        0x4 c:/st/stm32cubeide_1.3.0/stm32cubeide/plugins/com.st.stm32cube.ide.mcu.externaltools.gnu-tools-for-stm32.7-2018-q2-update.win32_1.0.0.201904181610/tools/bin/../lib/gcc/arm-none-eabi/7.3.1/thumb/v6-m/crtbegin.o
                [!provide]                        PROVIDE (__fini_array_end = .)
                0x0000000008007fd8                _sidata = LOADADDR (.data)

.data           0x0000000020000000       0x9c load address 0x0000000008007fd8
                0x0000000020000000                . = ALIGN (0x4)
                0x0000000020000000                _sdata = .
 *(.data)
 .data          0x0000000020000000       0x18 Drivers/BSP/Components/sx1276.o
                0x0000000020000000                DioIrq
 .data          0x0000000020000018       0x18 Drivers/BSP/sx1276mb1las/sx1276mb1las.o
 .data          0x0000000020000030        0x4 Drivers/CMSIS/system_stm32l0xx.o
                0x0000000020000030                SystemCoreClock
 .data          0x0000000020000034        0x1 Middlewares/LoRaWAN/Utilities/trace.o
                0x0000000020000034                TracePeripheralReady
 *fill*         0x0000000020000035        0x1 
 .data          0x0000000020000036        0x2 Projects/PingPong/main.o
                0x0000000020000036                BufferSize
 *(.data*)
 .data._impure_ptr
                0x0000000020000038        0x4 c:/st/stm32cubeide_1.3.0/stm32cubeide/plugins/com.st.stm32cube.ide.mcu.externaltools.gnu-tools-for-stm32.7-2018-q2-update.win32_1.0.0.201904181610/tools/bin/../lib/gcc/arm-none-eabi/7.3.1/../../../../arm-none-eabi/lib/thumb/v6-m\libc_nano.a(lib_a-impure.o)
                0x0000000020000038                _impure_ptr
 .data.impure_data
                0x000000002000003c       0x60 c:/st/stm32cubeide_1.3.0/stm32cubeide/plugins/com.st.stm32cube.ide.mcu.externaltools.gnu-tools-for-stm32.7-2018-q2-update.win32_1.0.0.201904181610/tools/bin/../lib/gcc/arm-none-eabi/7.3.1/../../../../arm-none-eabi/lib/thumb/v6-m\libc_nano.a(lib_a-impure.o)
                0x000000002000009c                . = ALIGN (0x4)
                0x000000002000009c                _edata = .

.igot.plt       0x000000002000009c        0x0 load address 0x0000000008008074
 .igot.plt      0x000000002000009c        0x0 c:/st/stm32cubeide_1.3.0/stm32cubeide/plugins/com.st.stm32cube.ide.mcu.externaltools.gnu-tools-for-stm32.7-2018-q2-update.win32_1.0.0.201904181610/tools/bin/../lib/gcc/arm-none-eabi/7.3.1/thumb/v6-m/crtbegin.o
                0x000000002000009c                . = ALIGN (0x4)

.bss            0x000000002000009c      0x5b8 load address 0x0000000008008074
                0x000000002000009c                _sbss = .
                0x000000002000009c                __bss_start__ = _sbss
 *(.bss)
 .bss           0x000000002000009c       0x1c c:/st/stm32cubeide_1.3.0/stm32cubeide/plugins/com.st.stm32cube.ide.mcu.externaltools.gnu-tools-for-stm32.7-2018-q2-update.win32_1.0.0.201904181610/tools/bin/../lib/gcc/arm-none-eabi/7.3.1/thumb/v6-m/crtbegin.o
 .bss           0x00000000200000b8      0x108 Drivers/BSP/Components/sx1276.o
 .bss           0x00000000200001c0        0x1 Drivers/BSP/sx1276mb1las/sx1276mb1las.o
 *fill*         0x00000000200001c1        0x3 
 .bss           0x00000000200001c4        0x8 Middlewares/LoRaWAN/Utilities/low_power_manager.o
 .bss           0x00000000200001cc        0x4 Middlewares/LoRaWAN/Utilities/timeServer.o
 .bss           0x00000000200001d0      0x110 Middlewares/LoRaWAN/Utilities/trace.o
 .bss           0x00000000200002e0       0x40 Projects/PingPong/hw_gpio.o
 .bss           0x0000000020000320       0x71 Projects/PingPong/hw_rtc.o
 *fill*         0x0000000020000391        0x3 
 .bss           0x0000000020000394       0x58 Projects/PingPong/hw_spi.o
 .bss           0x00000000200003ec       0x38 Projects/PingPong/main.o
                0x0000000020000404                State
                0x0000000020000405                RssiValue
                0x0000000020000406                SnrValue
 .bss           0x0000000020000424       0x60 Projects/PingPong/stm32l0xx_hw.o
 .bss           0x0000000020000484       0xcc Projects/PingPong/vcom.o
 *(.bss*)
 .bss.__malloc_free_list
                0x0000000020000550        0x4 c:/st/stm32cubeide_1.3.0/stm32cubeide/plugins/com.st.stm32cube.ide.mcu.externaltools.gnu-tools-for-stm32.7-2018-q2-update.win32_1.0.0.201904181610/tools/bin/../lib/gcc/arm-none-eabi/7.3.1/../../../../arm-none-eabi/lib/thumb/v6-m\libc_nano.a(lib_a-nano-mallocr.o)
                0x0000000020000550                __malloc_free_list
 .bss.__malloc_sbrk_start
                0x0000000020000554        0x4 c:/st/stm32cubeide_1.3.0/stm32cubeide/plugins/com.st.stm32cube.ide.mcu.externaltools.gnu-tools-for-stm32.7-2018-q2-update.win32_1.0.0.201904181610/tools/bin/../lib/gcc/arm-none-eabi/7.3.1/../../../../arm-none-eabi/lib/thumb/v6-m\libc_nano.a(lib_a-nano-mallocr.o)
                0x0000000020000554                __malloc_sbrk_start
 .bss.heap_end.4102
                0x0000000020000558        0x4 c:/st/stm32cubeide_1.3.0/stm32cubeide/plugins/com.st.stm32cube.ide.mcu.externaltools.gnu-tools-for-stm32.7-2018-q2-update.win32_1.0.0.201904181610/tools/bin/../lib/gcc/arm-none-eabi/7.3.1/../../../../arm-none-eabi/lib/thumb/v6-m\libnosys.a(sbrk.o)
 *(COMMON)
 COMMON         0x000000002000055c       0xb0 Drivers/BSP/Components/sx1276.o
                0x000000002000055c                TxTimeoutTimer
                0x0000000020000574                RxTimeoutSyncWord
                0x000000002000058c                SX1276
                0x00000000200005f4                RxTimeoutTimer
 COMMON         0x000000002000060c        0x4 Drivers/STM32L0xx_HAL_Driver/stm32l0xx_hal.o
                0x000000002000060c                uwTick
 COMMON         0x0000000020000610       0x40 Projects/PingPong/main.o
                0x0000000020000610                Buffer
 COMMON         0x0000000020000650        0x4 c:/st/stm32cubeide_1.3.0/stm32cubeide/plugins/com.st.stm32cube.ide.mcu.externaltools.gnu-tools-for-stm32.7-2018-q2-update.win32_1.0.0.201904181610/tools/bin/../lib/gcc/arm-none-eabi/7.3.1/../../../../arm-none-eabi/lib/thumb/v6-m\libc_nano.a(lib_a-reent.o)
                0x0000000020000650                errno
                0x0000000020000654                . = ALIGN (0x4)
                0x0000000020000654                _ebss = .
                0x0000000020000654                __bss_end__ = _ebss

._user_heap_stack
                0x0000000020000654      0x604 load address 0x0000000008008074
                0x0000000020000658                . = ALIGN (0x8)
 *fill*         0x0000000020000654        0x4 
                0x0000000020000658                PROVIDE (end = .)
                [!provide]                        PROVIDE (_end = .)
                0x0000000020000858                . = (. + _Min_Heap_Size)
 *fill*         0x0000000020000658      0x200 
                0x0000000020000c58                . = (. + _Min_Stack_Size)
 *fill*         0x0000000020000858      0x400 
                0x0000000020000c58                . = ALIGN (0x8)

/DISCARD/
 libc.a(*)
 libm.a(*)
 libgcc.a(*)

.ARM.attributes
                0x0000000000000000       0x28
 *(.ARM.attributes)
 .ARM.attributes
                0x0000000000000000       0x1e c:/st/stm32cubeide_1.3.0/stm32cubeide/plugins/com.st.stm32cube.ide.mcu.externaltools.gnu-tools-for-stm32.7-2018-q2-update.win32_1.0.0.201904181610/tools/bin/../lib/gcc/arm-none-eabi/7.3.1/thumb/v6-m/crti.o
 .ARM.attributes
                0x000000000000001e       0x2c c:/st/stm32cubeide_1.3.0/stm32cubeide/plugins/com.st.stm32cube.ide.mcu.externaltools.gnu-tools-for-stm32.7-2018-q2-update.win32_1.0.0.201904181610/tools/bin/../lib/gcc/arm-none-eabi/7.3.1/thumb/v6-m/crtbegin.o
 .ARM.attributes
                0x000000000000004a       0x32 Drivers/BSP/Components/sx1276.o
 .ARM.attributes
                0x000000000000007c       0x32 Drivers/BSP/sx1276mb1las/sx1276mb1las.o
 .ARM.attributes
                0x00000000000000ae       0x32 Drivers/CMSIS/system_stm32l0xx.o
 .ARM.attributes
                0x00000000000000e0       0x32 Drivers/STM32L0xx_HAL_Driver/stm32l0xx_hal.o
 .ARM.attributes
                0x0000000000000112       0x32 Drivers/STM32L0xx_HAL_Driver/stm32l0xx_hal_adc.o
 .ARM.attributes
                0x0000000000000144       0x32 Drivers/STM32L0xx_HAL_Driver/stm32l0xx_hal_cortex.o
 .ARM.attributes
                0x0000000000000176       0x32 Drivers/STM32L0xx_HAL_Driver/stm32l0xx_hal_dma.o
 .ARM.attributes
                0x00000000000001a8       0x32 Drivers/STM32L0xx_HAL_Driver/stm32l0xx_hal_gpio.o
 .ARM.attributes
                0x00000000000001da       0x32 Drivers/STM32L0xx_HAL_Driver/stm32l0xx_hal_pwr.o
 .ARM.attributes
                0x000000000000020c       0x32 Drivers/STM32L0xx_HAL_Driver/stm32l0xx_hal_pwr_ex.o
 .ARM.attributes
                0x000000000000023e       0x32 Drivers/STM32L0xx_HAL_Driver/stm32l0xx_hal_rcc.o
 .ARM.attributes
                0x0000000000000270       0x32 Drivers/STM32L0xx_HAL_Driver/stm32l0xx_hal_rcc_ex.o
 .ARM.attributes
                0x00000000000002a2       0x32 Drivers/STM32L0xx_HAL_Driver/stm32l0xx_hal_rtc.o
 .ARM.attributes
                0x00000000000002d4       0x32 Drivers/STM32L0xx_HAL_Driver/stm32l0xx_hal_rtc_ex.o
 .ARM.attributes
                0x0000000000000306       0x32 Drivers/STM32L0xx_HAL_Driver/stm32l0xx_hal_spi.o
 .ARM.attributes
                0x0000000000000338       0x32 Drivers/STM32L0xx_HAL_Driver/stm32l0xx_hal_uart.o
 .ARM.attributes
                0x000000000000036a       0x32 Drivers/STM32L0xx_HAL_Driver/stm32l0xx_hal_uart_ex.o
 .ARM.attributes
                0x000000000000039c       0x32 Middlewares/LoRaWAN/Utilities/low_power_manager.o
 .ARM.attributes
                0x00000000000003ce       0x32 Middlewares/LoRaWAN/Utilities/queue.o
 .ARM.attributes
                0x0000000000000400       0x32 Middlewares/LoRaWAN/Utilities/timeServer.o
 .ARM.attributes
                0x0000000000000432       0x32 Middlewares/LoRaWAN/Utilities/trace.o
 .ARM.attributes
                0x0000000000000464       0x32 Middlewares/LoRaWAN/Utilities/utilities.o
 .ARM.attributes
                0x0000000000000496       0x32 Projects/PingPong/debug.o
 .ARM.attributes
                0x00000000000004c8       0x32 Projects/PingPong/hw_gpio.o
 .ARM.attributes
                0x00000000000004fa       0x32 Projects/PingPong/hw_rtc.o
 .ARM.attributes
                0x000000000000052c       0x32 Projects/PingPong/hw_spi.o
 .ARM.attributes
                0x000000000000055e       0x32 Projects/PingPong/main.o
 .ARM.attributes
                0x0000000000000590       0x32 Projects/PingPong/stm32l0xx_hal_msp.o
 .ARM.attributes
                0x00000000000005c2       0x32 Projects/PingPong/stm32l0xx_hw.o
 .ARM.attributes
                0x00000000000005f4       0x32 Projects/PingPong/stm32l0xx_it.o
 .ARM.attributes
                0x0000000000000626       0x32 Projects/PingPong/vcom.o
 .ARM.attributes
                0x0000000000000658       0x22 Projects/SW4STM32/startup_stm32l073xx.o
 .ARM.attributes
                0x000000000000067a       0x2c c:/st/stm32cubeide_1.3.0/stm32cubeide/plugins/com.st.stm32cube.ide.mcu.externaltools.gnu-tools-for-stm32.7-2018-q2-update.win32_1.0.0.201904181610/tools/bin/../lib/gcc/arm-none-eabi/7.3.1/../../../../arm-none-eabi/lib/thumb/v6-m\libc_nano.a(lib_a-impure.o)
 .ARM.attributes
                0x00000000000006a6       0x2c c:/st/stm32cubeide_1.3.0/stm32cubeide/plugins/com.st.stm32cube.ide.mcu.externaltools.gnu-tools-for-stm32.7-2018-q2-update.win32_1.0.0.201904181610/tools/bin/../lib/gcc/arm-none-eabi/7.3.1/../../../../arm-none-eabi/lib/thumb/v6-m\libc_nano.a(lib_a-init.o)
 .ARM.attributes
                0x00000000000006d2       0x2c c:/st/stm32cubeide_1.3.0/stm32cubeide/plugins/com.st.stm32cube.ide.mcu.externaltools.gnu-tools-for-stm32.7-2018-q2-update.win32_1.0.0.201904181610/tools/bin/../lib/gcc/arm-none-eabi/7.3.1/../../../../arm-none-eabi/lib/thumb/v6-m\libc_nano.a(lib_a-memcpy-stub.o)
 .ARM.attributes
                0x00000000000006fe       0x2c c:/st/stm32cubeide_1.3.0/stm32cubeide/plugins/com.st.stm32cube.ide.mcu.externaltools.gnu-tools-for-stm32.7-2018-q2-update.win32_1.0.0.201904181610/tools/bin/../lib/gcc/arm-none-eabi/7.3.1/../../../../arm-none-eabi/lib/thumb/v6-m\libc_nano.a(lib_a-memset.o)
 .ARM.attributes
                0x000000000000072a       0x2c c:/st/stm32cubeide_1.3.0/stm32cubeide/plugins/com.st.stm32cube.ide.mcu.externaltools.gnu-tools-for-stm32.7-2018-q2-update.win32_1.0.0.201904181610/tools/bin/../lib/gcc/arm-none-eabi/7.3.1/../../../../arm-none-eabi/lib/thumb/v6-m\libc_nano.a(lib_a-strncmp.o)
 .ARM.attributes
                0x0000000000000756       0x2c c:/st/stm32cubeide_1.3.0/stm32cubeide/plugins/com.st.stm32cube.ide.mcu.externaltools.gnu-tools-for-stm32.7-2018-q2-update.win32_1.0.0.201904181610/tools/bin/../lib/gcc/arm-none-eabi/7.3.1/../../../../arm-none-eabi/lib/thumb/v6-m\libc_nano.a(lib_a-vsnprintf.o)
 .ARM.attributes
                0x0000000000000782       0x2c c:/st/stm32cubeide_1.3.0/stm32cubeide/plugins/com.st.stm32cube.ide.mcu.externaltools.gnu-tools-for-stm32.7-2018-q2-update.win32_1.0.0.201904181610/tools/bin/../lib/gcc/arm-none-eabi/7.3.1/../../../../arm-none-eabi/lib/thumb/v6-m\libc_nano.a(lib_a-nano-svfprintf.o)
 .ARM.attributes
                0x00000000000007ae       0x2c c:/st/stm32cubeide_1.3.0/stm32cubeide/plugins/com.st.stm32cube.ide.mcu.externaltools.gnu-tools-for-stm32.7-2018-q2-update.win32_1.0.0.201904181610/tools/bin/../lib/gcc/arm-none-eabi/7.3.1/../../../../arm-none-eabi/lib/thumb/v6-m\libc_nano.a(lib_a-nano-vfprintf_i.o)
 .ARM.attributes
                0x00000000000007da       0x2c c:/st/stm32cubeide_1.3.0/stm32cubeide/plugins/com.st.stm32cube.ide.mcu.externaltools.gnu-tools-for-stm32.7-2018-q2-update.win32_1.0.0.201904181610/tools/bin/../lib/gcc/arm-none-eabi/7.3.1/../../../../arm-none-eabi/lib/thumb/v6-m\libc_nano.a(lib_a-memchr-stub.o)
 .ARM.attributes
                0x0000000000000806       0x2c c:/st/stm32cubeide_1.3.0/stm32cubeide/plugins/com.st.stm32cube.ide.mcu.externaltools.gnu-tools-for-stm32.7-2018-q2-update.win32_1.0.0.201904181610/tools/bin/../lib/gcc/arm-none-eabi/7.3.1/../../../../arm-none-eabi/lib/thumb/v6-m\libc_nano.a(lib_a-memmove.o)
 .ARM.attributes
                0x0000000000000832       0x2c c:/st/stm32cubeide_1.3.0/stm32cubeide/plugins/com.st.stm32cube.ide.mcu.externaltools.gnu-tools-for-stm32.7-2018-q2-update.win32_1.0.0.201904181610/tools/bin/../lib/gcc/arm-none-eabi/7.3.1/../../../../arm-none-eabi/lib/thumb/v6-m\libc_nano.a(lib_a-nano-freer.o)
 .ARM.attributes
                0x000000000000085e       0x2c c:/st/stm32cubeide_1.3.0/stm32cubeide/plugins/com.st.stm32cube.ide.mcu.externaltools.gnu-tools-for-stm32.7-2018-q2-update.win32_1.0.0.201904181610/tools/bin/../lib/gcc/arm-none-eabi/7.3.1/../../../../arm-none-eabi/lib/thumb/v6-m\libc_nano.a(lib_a-nano-mallocr.o)
 .ARM.attributes
                0x000000000000088a       0x2c c:/st/stm32cubeide_1.3.0/stm32cubeide/plugins/com.st.stm32cube.ide.mcu.externaltools.gnu-tools-for-stm32.7-2018-q2-update.win32_1.0.0.201904181610/tools/bin/../lib/gcc/arm-none-eabi/7.3.1/../../../../arm-none-eabi/lib/thumb/v6-m\libc_nano.a(lib_a-nano-reallocr.o)
 .ARM.attributes
                0x00000000000008b6       0x2c c:/st/stm32cubeide_1.3.0/stm32cubeide/plugins/com.st.stm32cube.ide.mcu.externaltools.gnu-tools-for-stm32.7-2018-q2-update.win32_1.0.0.201904181610/tools/bin/../lib/gcc/arm-none-eabi/7.3.1/../../../../arm-none-eabi/lib/thumb/v6-m\libc_nano.a(lib_a-sbrkr.o)
 .ARM.attributes
                0x00000000000008e2       0x2c c:/st/stm32cubeide_1.3.0/stm32cubeide/plugins/com.st.stm32cube.ide.mcu.externaltools.gnu-tools-for-stm32.7-2018-q2-update.win32_1.0.0.201904181610/tools/bin/../lib/gcc/arm-none-eabi/7.3.1/../../../../arm-none-eabi/lib/thumb/v6-m\libc_nano.a(lib_a-mlock.o)
 .ARM.attributes
                0x000000000000090e       0x2c c:/st/stm32cubeide_1.3.0/stm32cubeide/plugins/com.st.stm32cube.ide.mcu.externaltools.gnu-tools-for-stm32.7-2018-q2-update.win32_1.0.0.201904181610/tools/bin/../lib/gcc/arm-none-eabi/7.3.1/../../../../arm-none-eabi/lib/thumb/v6-m\libc_nano.a(lib_a-nano-msizer.o)
 .ARM.attributes
                0x000000000000093a       0x2c c:/st/stm32cubeide_1.3.0/stm32cubeide/plugins/com.st.stm32cube.ide.mcu.externaltools.gnu-tools-for-stm32.7-2018-q2-update.win32_1.0.0.201904181610/tools/bin/../lib/gcc/arm-none-eabi/7.3.1/../../../../arm-none-eabi/lib/thumb/v6-m\libc_nano.a(lib_a-reent.o)
 .ARM.attributes
                0x0000000000000966       0x2c c:/st/stm32cubeide_1.3.0/stm32cubeide/plugins/com.st.stm32cube.ide.mcu.externaltools.gnu-tools-for-stm32.7-2018-q2-update.win32_1.0.0.201904181610/tools/bin/../lib/gcc/arm-none-eabi/7.3.1/../../../../arm-none-eabi/lib/thumb/v6-m\libm.a(lib_a-s_ceil.o)
 .ARM.attributes
                0x0000000000000992       0x2c c:/st/stm32cubeide_1.3.0/stm32cubeide/plugins/com.st.stm32cube.ide.mcu.externaltools.gnu-tools-for-stm32.7-2018-q2-update.win32_1.0.0.201904181610/tools/bin/../lib/gcc/arm-none-eabi/7.3.1/../../../../arm-none-eabi/lib/thumb/v6-m\libm.a(lib_a-s_floor.o)
 .ARM.attributes
                0x00000000000009be       0x2c c:/st/stm32cubeide_1.3.0/stm32cubeide/plugins/com.st.stm32cube.ide.mcu.externaltools.gnu-tools-for-stm32.7-2018-q2-update.win32_1.0.0.201904181610/tools/bin/../lib/gcc/arm-none-eabi/7.3.1/../../../../arm-none-eabi/lib/thumb/v6-m\libm.a(lib_a-s_round.o)
 .ARM.attributes
                0x00000000000009ea       0x1e c:/st/stm32cubeide_1.3.0/stm32cubeide/plugins/com.st.stm32cube.ide.mcu.externaltools.gnu-tools-for-stm32.7-2018-q2-update.win32_1.0.0.201904181610/tools/bin/../lib/gcc/arm-none-eabi/7.3.1/thumb/v6-m\libgcc.a(_thumb1_case_uqi.o)
 .ARM.attributes
                0x0000000000000a08       0x1e c:/st/stm32cubeide_1.3.0/stm32cubeide/plugins/com.st.stm32cube.ide.mcu.externaltools.gnu-tools-for-stm32.7-2018-q2-update.win32_1.0.0.201904181610/tools/bin/../lib/gcc/arm-none-eabi/7.3.1/thumb/v6-m\libgcc.a(_udivsi3.o)
 .ARM.attributes
                0x0000000000000a26       0x1e c:/st/stm32cubeide_1.3.0/stm32cubeide/plugins/com.st.stm32cube.ide.mcu.externaltools.gnu-tools-for-stm32.7-2018-q2-update.win32_1.0.0.201904181610/tools/bin/../lib/gcc/arm-none-eabi/7.3.1/thumb/v6-m\libgcc.a(_divsi3.o)
 .ARM.attributes
                0x0000000000000a44       0x1e c:/st/stm32cubeide_1.3.0/stm32cubeide/plugins/com.st.stm32cube.ide.mcu.externaltools.gnu-tools-for-stm32.7-2018-q2-update.win32_1.0.0.201904181610/tools/bin/../lib/gcc/arm-none-eabi/7.3.1/thumb/v6-m\libgcc.a(_dvmd_tls.o)
 .ARM.attributes
                0x0000000000000a62       0x1e c:/st/stm32cubeide_1.3.0/stm32cubeide/plugins/com.st.stm32cube.ide.mcu.externaltools.gnu-tools-for-stm32.7-2018-q2-update.win32_1.0.0.201904181610/tools/bin/../lib/gcc/arm-none-eabi/7.3.1/thumb/v6-m\libgcc.a(_arm_cmpdf2.o)
 .ARM.attributes
                0x0000000000000a80       0x1e c:/st/stm32cubeide_1.3.0/stm32cubeide/plugins/com.st.stm32cube.ide.mcu.externaltools.gnu-tools-for-stm32.7-2018-q2-update.win32_1.0.0.201904181610/tools/bin/../lib/gcc/arm-none-eabi/7.3.1/thumb/v6-m\libgcc.a(_aeabi_uldivmod.o)
 .ARM.attributes
                0x0000000000000a9e       0x2c c:/st/stm32cubeide_1.3.0/stm32cubeide/plugins/com.st.stm32cube.ide.mcu.externaltools.gnu-tools-for-stm32.7-2018-q2-update.win32_1.0.0.201904181610/tools/bin/../lib/gcc/arm-none-eabi/7.3.1/thumb/v6-m\libgcc.a(_fixunsdfsi.o)
 .ARM.attributes
                0x0000000000000aca       0x2c c:/st/stm32cubeide_1.3.0/stm32cubeide/plugins/com.st.stm32cube.ide.mcu.externaltools.gnu-tools-for-stm32.7-2018-q2-update.win32_1.0.0.201904181610/tools/bin/../lib/gcc/arm-none-eabi/7.3.1/thumb/v6-m\libgcc.a(_udivmoddi4.o)
 .ARM.attributes
                0x0000000000000af6       0x2c c:/st/stm32cubeide_1.3.0/stm32cubeide/plugins/com.st.stm32cube.ide.mcu.externaltools.gnu-tools-for-stm32.7-2018-q2-update.win32_1.0.0.201904181610/tools/bin/../lib/gcc/arm-none-eabi/7.3.1/thumb/v6-m\libgcc.a(adddf3.o)
 .ARM.attributes
                0x0000000000000b22       0x2c c:/st/stm32cubeide_1.3.0/stm32cubeide/plugins/com.st.stm32cube.ide.mcu.externaltools.gnu-tools-for-stm32.7-2018-q2-update.win32_1.0.0.201904181610/tools/bin/../lib/gcc/arm-none-eabi/7.3.1/thumb/v6-m\libgcc.a(divdf3.o)
 .ARM.attributes
                0x0000000000000b4e       0x2c c:/st/stm32cubeide_1.3.0/stm32cubeide/plugins/com.st.stm32cube.ide.mcu.externaltools.gnu-tools-for-stm32.7-2018-q2-update.win32_1.0.0.201904181610/tools/bin/../lib/gcc/arm-none-eabi/7.3.1/thumb/v6-m\libgcc.a(eqdf2.o)
 .ARM.attributes
                0x0000000000000b7a       0x2c c:/st/stm32cubeide_1.3.0/stm32cubeide/plugins/com.st.stm32cube.ide.mcu.externaltools.gnu-tools-for-stm32.7-2018-q2-update.win32_1.0.0.201904181610/tools/bin/../lib/gcc/arm-none-eabi/7.3.1/thumb/v6-m\libgcc.a(gedf2.o)
 .ARM.attributes
                0x0000000000000ba6       0x2c c:/st/stm32cubeide_1.3.0/stm32cubeide/plugins/com.st.stm32cube.ide.mcu.externaltools.gnu-tools-for-stm32.7-2018-q2-update.win32_1.0.0.201904181610/tools/bin/../lib/gcc/arm-none-eabi/7.3.1/thumb/v6-m\libgcc.a(ledf2.o)
 .ARM.attributes
                0x0000000000000bd2       0x2c c:/st/stm32cubeide_1.3.0/stm32cubeide/plugins/com.st.stm32cube.ide.mcu.externaltools.gnu-tools-for-stm32.7-2018-q2-update.win32_1.0.0.201904181610/tools/bin/../lib/gcc/arm-none-eabi/7.3.1/thumb/v6-m\libgcc.a(muldf3.o)
 .ARM.attributes
                0x0000000000000bfe       0x2c c:/st/stm32cubeide_1.3.0/stm32cubeide/plugins/com.st.stm32cube.ide.mcu.externaltools.gnu-tools-for-stm32.7-2018-q2-update.win32_1.0.0.201904181610/tools/bin/../lib/gcc/arm-none-eabi/7.3.1/thumb/v6-m\libgcc.a(subdf3.o)
 .ARM.attributes
                0x0000000000000c2a       0x2c c:/st/stm32cubeide_1.3.0/stm32cubeide/plugins/com.st.stm32cube.ide.mcu.externaltools.gnu-tools-for-stm32.7-2018-q2-update.win32_1.0.0.201904181610/tools/bin/../lib/gcc/arm-none-eabi/7.3.1/thumb/v6-m\libgcc.a(fixdfsi.o)
 .ARM.attributes
                0x0000000000000c56       0x2c c:/st/stm32cubeide_1.3.0/stm32cubeide/plugins/com.st.stm32cube.ide.mcu.externaltools.gnu-tools-for-stm32.7-2018-q2-update.win32_1.0.0.201904181610/tools/bin/../lib/gcc/arm-none-eabi/7.3.1/thumb/v6-m\libgcc.a(floatsidf.o)
 .ARM.attributes
                0x0000000000000c82       0x2c c:/st/stm32cubeide_1.3.0/stm32cubeide/plugins/com.st.stm32cube.ide.mcu.externaltools.gnu-tools-for-stm32.7-2018-q2-update.win32_1.0.0.201904181610/tools/bin/../lib/gcc/arm-none-eabi/7.3.1/thumb/v6-m\libgcc.a(floatunsidf.o)
 .ARM.attributes
                0x0000000000000cae       0x1e c:/st/stm32cubeide_1.3.0/stm32cubeide/plugins/com.st.stm32cube.ide.mcu.externaltools.gnu-tools-for-stm32.7-2018-q2-update.win32_1.0.0.201904181610/tools/bin/../lib/gcc/arm-none-eabi/7.3.1/thumb/v6-m\libgcc.a(_clzsi2.o)
 .ARM.attributes
                0x0000000000000ccc       0x1e c:/st/stm32cubeide_1.3.0/stm32cubeide/plugins/com.st.stm32cube.ide.mcu.externaltools.gnu-tools-for-stm32.7-2018-q2-update.win32_1.0.0.201904181610/tools/bin/../lib/gcc/arm-none-eabi/7.3.1/thumb/v6-m\libgcc.a(_clzdi2.o)
 .ARM.attributes
                0x0000000000000cea       0x2c c:/st/stm32cubeide_1.3.0/stm32cubeide/plugins/com.st.stm32cube.ide.mcu.externaltools.gnu-tools-for-stm32.7-2018-q2-update.win32_1.0.0.201904181610/tools/bin/../lib/gcc/arm-none-eabi/7.3.1/../../../../arm-none-eabi/lib/thumb/v6-m\libnosys.a(sbrk.o)
 .ARM.attributes
                0x0000000000000d16       0x1e c:/st/stm32cubeide_1.3.0/stm32cubeide/plugins/com.st.stm32cube.ide.mcu.externaltools.gnu-tools-for-stm32.7-2018-q2-update.win32_1.0.0.201904181610/tools/bin/../lib/gcc/arm-none-eabi/7.3.1/thumb/v6-m/crtn.o
OUTPUT(sx1276mb1las.elf elf32-littlearm)

.debug_info     0x0000000000000000    0x1f32a
 .debug_info    0x0000000000000000     0x3a9e Drivers/BSP/Components/sx1276.o
 .debug_info    0x0000000000003a9e     0x185e Drivers/BSP/sx1276mb1las/sx1276mb1las.o
 .debug_info    0x00000000000052fc      0x395 Drivers/CMSIS/system_stm32l0xx.o
 .debug_info    0x0000000000005691      0x8af Drivers/STM32L0xx_HAL_Driver/stm32l0xx_hal.o
 .debug_info    0x0000000000005f40      0xf7d Drivers/STM32L0xx_HAL_Driver/stm32l0xx_hal_adc.o
 .debug_info    0x0000000000006ebd      0x9db Drivers/STM32L0xx_HAL_Driver/stm32l0xx_hal_cortex.o
 .debug_info    0x0000000000007898      0x815 Drivers/STM32L0xx_HAL_Driver/stm32l0xx_hal_dma.o
 .debug_info    0x00000000000080ad      0x6d8 Drivers/STM32L0xx_HAL_Driver/stm32l0xx_hal_gpio.o
 .debug_info    0x0000000000008785      0x5b1 Drivers/STM32L0xx_HAL_Driver/stm32l0xx_hal_pwr.o
 .debug_info    0x0000000000008d36      0x217 Drivers/STM32L0xx_HAL_Driver/stm32l0xx_hal_pwr_ex.o
 .debug_info    0x0000000000008f4d      0xc45 Drivers/STM32L0xx_HAL_Driver/stm32l0xx_hal_rcc.o
 .debug_info    0x0000000000009b92      0x8d1 Drivers/STM32L0xx_HAL_Driver/stm32l0xx_hal_rcc_ex.o
 .debug_info    0x000000000000a463      0xdc6 Drivers/STM32L0xx_HAL_Driver/stm32l0xx_hal_rtc.o
 .debug_info    0x000000000000b229      0xfeb Drivers/STM32L0xx_HAL_Driver/stm32l0xx_hal_rtc_ex.o
 .debug_info    0x000000000000c214     0x1c83 Drivers/STM32L0xx_HAL_Driver/stm32l0xx_hal_spi.o
 .debug_info    0x000000000000de97     0x1bb1 Drivers/STM32L0xx_HAL_Driver/stm32l0xx_hal_uart.o
 .debug_info    0x000000000000fa48      0x984 Drivers/STM32L0xx_HAL_Driver/stm32l0xx_hal_uart_ex.o
 .debug_info    0x00000000000103cc      0xcac Middlewares/LoRaWAN/Utilities/low_power_manager.o
 .debug_info    0x0000000000011078      0x465 Middlewares/LoRaWAN/Utilities/queue.o
 .debug_info    0x00000000000114dd     0x10d2 Middlewares/LoRaWAN/Utilities/timeServer.o
 .debug_info    0x00000000000125af      0xeb4 Middlewares/LoRaWAN/Utilities/trace.o
 .debug_info    0x0000000000013463      0xb07 Middlewares/LoRaWAN/Utilities/utilities.o
 .debug_info    0x0000000000013f6a      0xce8 Projects/PingPong/debug.o
 .debug_info    0x0000000000014c52     0x1054 Projects/PingPong/hw_gpio.o
 .debug_info    0x0000000000015ca6     0x19dd Projects/PingPong/hw_rtc.o
 .debug_info    0x0000000000017683     0x1450 Projects/PingPong/hw_spi.o
 .debug_info    0x0000000000018ad3     0x15b7 Projects/PingPong/main.o
 .debug_info    0x000000000001a08a     0x1349 Projects/PingPong/stm32l0xx_hal_msp.o
 .debug_info    0x000000000001b3d3     0x1cae Projects/PingPong/stm32l0xx_hw.o
 .debug_info    0x000000000001d081      0xc60 Projects/PingPong/stm32l0xx_it.o
 .debug_info    0x000000000001dce1     0x1627 Projects/PingPong/vcom.o
 .debug_info    0x000000000001f308       0x22 Projects/SW4STM32/startup_stm32l073xx.o

.debug_abbrev   0x0000000000000000     0x518f
 .debug_abbrev  0x0000000000000000      0x517 Drivers/BSP/Components/sx1276.o
 .debug_abbrev  0x0000000000000517      0x39c Drivers/BSP/sx1276mb1las/sx1276mb1las.o
 .debug_abbrev  0x00000000000008b3      0x111 Drivers/CMSIS/system_stm32l0xx.o
 .debug_abbrev  0x00000000000009c4      0x293 Drivers/STM32L0xx_HAL_Driver/stm32l0xx_hal.o
 .debug_abbrev  0x0000000000000c57      0x2ac Drivers/STM32L0xx_HAL_Driver/stm32l0xx_hal_adc.o
 .debug_abbrev  0x0000000000000f03      0x28a Drivers/STM32L0xx_HAL_Driver/stm32l0xx_hal_cortex.o
 .debug_abbrev  0x000000000000118d      0x203 Drivers/STM32L0xx_HAL_Driver/stm32l0xx_hal_dma.o
 .debug_abbrev  0x0000000000001390      0x1cf Drivers/STM32L0xx_HAL_Driver/stm32l0xx_hal_gpio.o
 .debug_abbrev  0x000000000000155f      0x17e Drivers/STM32L0xx_HAL_Driver/stm32l0xx_hal_pwr.o
 .debug_abbrev  0x00000000000016dd      0x11c Drivers/STM32L0xx_HAL_Driver/stm32l0xx_hal_pwr_ex.o
 .debug_abbrev  0x00000000000017f9      0x2be Drivers/STM32L0xx_HAL_Driver/stm32l0xx_hal_rcc.o